 ConEmu

 Timestamp is 5f0ca65a (Mon Jul 13 20:22:18 2020)

 Preferred load address is 10000000

 Start         Length     Name                   Class
 0001:00000000 00000010H .text$di                CODE
 0001:00000010 00027d45H .text$mn                CODE
 0001:00027d55 000004d4H .text$x                 CODE
 0001:00028229 0000000aH .text$yd                CODE
 0002:00000000 00000334H .idata$5                DATA
 0002:00000334 00000004H .00cfg                  DATA
 0002:00000338 00000004H .CRT$XCA                DATA
 0002:0000033c 00000004H .CRT$XCU                DATA
 0002:00000340 00000004H .CRT$XCZ                DATA
 0002:00000344 00000004H .CRT$XIA                DATA
 0002:00000348 00000010H .CRT$XIC                DATA
 0002:00000358 00000004H .CRT$XIZ                DATA
 0002:0000035c 00000004H .CRT$XLA                DATA
 0002:00000360 00000004H .CRT$XLZ                DATA
 0002:00000364 00000004H .CRT$XPA                DATA
 0002:00000368 00000008H .CRT$XPX                DATA
 0002:00000370 00000004H .CRT$XPXA               DATA
 0002:00000374 00000004H .CRT$XPZ                DATA
 0002:00000378 00000004H .CRT$XTA                DATA
 0002:0000037c 00000004H .CRT$XTZ                DATA
 0002:00000380 00000000H .gfids$x                DATA
 0002:00000380 00000000H .gfids$y                DATA
 0002:00000380 000092f8H .rdata                  DATA
 0002:00009678 00000018H .rdata$T                DATA
 0002:00009690 00000470H .rdata$r                DATA
 0002:00009b00 00000080H .rdata$sxdata           DATA
 0002:00009b80 000003c4H .rdata$zzzdbg           DATA
 0002:00009f44 00000004H .rtc$IAA                DATA
 0002:00009f48 00000004H .rtc$IZZ                DATA
 0002:00009f4c 00000004H .rtc$TAA                DATA
 0002:00009f50 00000004H .rtc$TZZ                DATA
 0002:00009f54 00000004H .tls                    DATA
 0002:00009f58 00000004H .tls$                   DATA
 0002:00009f5c 00000004H .tls$ZZZ                DATA
 0002:00009f60 00000aa0H .xdata$x                DATA
 0002:0000aa00 000002e0H .edata                  DATA
 0002:0000ace0 00000064H .idata$2                DATA
 0002:0000ad44 00000014H .idata$3                DATA
 0002:0000ad58 00000334H .idata$4                DATA
 0002:0000b08c 00000e8eH .idata$6                DATA
 0003:00000000 00000998H .data                   DATA
 0003:00000998 00000210H .data$r                 DATA
 0003:00000ba8 0000a230H .bss                    DATA
 0004:00000000 000000a0H .rsrc$01                DATA
 0004:000000a0 00000488H .rsrc$02                DATA

  Address         Publics by Value              Rva+Base       Lib:Object

 0000:00000000       ___guard_fids_count        00000000     <absolute>
 0000:00000000       ___hybrid_code_map_count   00000000     <absolute>
 0000:00000000       ___guard_iat_count         00000000     <absolute>
 0000:00000000       ___dynamic_value_reloc_table 00000000     <absolute>
 0000:00000000       ___guard_longjmp_count     00000000     <absolute>
 0000:00000000       __except_list              00000000     <absolute>
 0000:00000000       ___guard_fids_table        00000000     <absolute>
 0000:00000000       ___guard_longjmp_table     00000000     <absolute>
 0000:00000000       ___hybrid_auxiliary_iat    00000000     <absolute>
 0000:00000000       ___guard_iat_table         00000000     <absolute>
 0000:00000000       ___volatile_metadata       00000000     <absolute>
 0000:00000000       ___enclave_config          00000000     <absolute>
 0000:00000000       ___hybrid_code_map         00000000     <absolute>
 0000:00000020       ___safe_se_handler_count   00000020     <absolute>
 0000:0000002c       __tls_array                0000002c     <absolute>
 0000:00000100       ___guard_flags             00000100     <absolute>
 0000:00000000       ___ImageBase               10000000     <linker-defined>
 0001:00000010       ??$swprintf_c@$0EA@@@YAHAAY0EA@_WPB_WZZ 10001010 f i ConEmuInjects.obj
 0001:00000026       ??$swprintf_c@$0IA@@@YAHAAY0IA@_WPB_WZZ 10001026 f i ConEmuInjects.obj
 0001:0000003f       ??$swprintf_c@$0PP@@@YAHAAY0PP@_WPB_WZZ 1000103f f i ConEmuInjects.obj
 0001:00000058       ?ShutdownHooks@@YAXXZ      10001058 f   ConEmuInjects.obj
 0001:00000189       ?StartupConsoleHooks@@YAXXZ 10001189 f   ConEmuInjects.obj
 0001:000001f2       ?StartupHooks@@YA_NPAUHINSTANCE__@@@Z 100011f2 f   ConEmuInjects.obj
 0001:000004e4       ?StringCchCopyW@@YGJPA_WIPB_W@Z 100014e4 f i ConEmuInjects.obj
 0001:0000054e       ?StringCchVPrintfW@@YGJPA_WIPB_WPAD@Z 1000154e f i ConEmuInjects.obj
 0001:000005a5       ___local_stdio_printf_options 100015a5 f i ConEmuInjects.obj
 0001:000005ab       __vsnwprintf_l             100015ab f i ConEmuInjects.obj
 0001:000005dd       ?ProcessSynchroEventW3@@YGHPAX@Z 100015dd f   ConEmuPlugin.obj
 0001:000005ed       ?ProcessEditorEventW3@@YGHPAX@Z 100015ed f   ConEmuPlugin.obj
 0001:000005fd       ?ProcessViewerEventW3@@YGHPAX@Z 100015fd f   ConEmuPlugin.obj
 0001:0000060d       ?ExitFARW3@@YGXPAX@Z       1000160d f   ConEmuPlugin.obj
 0001:0000064f       _ExitFARW@0                1000164f f   ConEmuPlugin.obj
 0001:0000068f       _ProcessEditorEventW@8     1000168f f   ConEmuPlugin.obj
 0001:0000068f       ?ProcessEditorEvent@@YGHHPAX@Z 1000168f f   ConEmuPlugin.obj
 0001:000006a7       _ProcessSynchroEventW@8    100016a7 f   ConEmuPlugin.obj
 0001:000006c0       _ProcessViewerEventW@8     100016c0 f   ConEmuPlugin.obj
 0001:000006c0       ?ProcessViewerEvent@@YGHHPAX@Z 100016c0 f   ConEmuPlugin.obj
 0001:000006d8       ?ActivateConsole@@YGHXZ    100016d8 f   ConEmuPlugin.obj
 0001:00000884       ?ExitFAR@@YGXXZ            10001884 f   ConEmuPlugin.obj
 0001:000008c4       ?GetFarHWND2@@YGPAUHWND__@@H@Z 100018c4 f   ConEmuPlugin.obj
 0001:00000925       ?GetFarHWND@@YGPAUHWND__@@XZ 10001925 f   ConEmuPlugin.obj
 0001:0000092d       ?GetFarVersion@@YGXPAUFarVersion@@@Z 1000192d f   ConEmuPlugin.obj
 0001:00000947       ?GetMinFarVersion@@YGHXZ   10001947 f   ConEmuPlugin.obj
 0001:0000096c       ?GetPluginInfo@@YGXPAX@Z   1000196c f   ConEmuPlugin.obj
 0001:000009aa       ?GetPluginInfoW@@YGXPAX@Z  100019aa f   ConEmuPlugin.obj
 0001:000009ba       ?IsConsoleActive@@YGHXZ    100019ba f   ConEmuPlugin.obj
 0001:000009f9       ?IsTerminalMode@@YGHXZ     100019f9 f   ConEmuPlugin.obj
 0001:000009ff       ?OpenPlugin@@YGPAXHH@Z     100019ff f   ConEmuPlugin.obj
 0001:00000a1a       ?OpenW@@YGPAXPBX@Z         10001a1a f   ConEmuPlugin.obj
 0001:00000a2a       ?ProcessEditorInput@@YGHPBU_INPUT_RECORD@@@Z 10001a2a f   ConEmuPlugin.obj
 0001:00000a42       ?RegisterBackground@@YGHPAURegisterBackgroundArg@@@Z 10001a42 f   ConEmuPlugin.obj
 0001:00000ab1       ?RegisterPanelView@@YGHPAUPanelViewInit@@@Z 10001ab1 f   ConEmuPlugin.obj
 0001:00000be1       ?SetStartupInfo@@YGXPAX@Z  10001be1 f   ConEmuPlugin.obj
 0001:00000c31       ?SetupExportsFar3@@YAXXZ   10001c31 f   ConEmuPlugin.obj
 0001:00000c44       ?SyncExecute@@YGHPAUHINSTANCE__@@P6GXJ@ZJ@Z 10001c44 f   ConEmuPlugin.obj
 0001:00000c82       _DllMain@12                10001c82 f   ConEmuPlugin.obj
 0001:00000ca9       _GetMinFarVersionW@0       10001ca9 f   ConEmuPlugin.obj
 0001:00000caf       _OpenPluginW@8             10001caf f   ConEmuPlugin.obj
 0001:00000cdc       _ProcessEditorInputW@4     10001cdc f   ConEmuPlugin.obj
 0001:00000cec       _SetStartupInfoW@4         10001cec f   ConEmuPlugin.obj
 0001:00000d0e       ??0CPluginW1900@@QAE@XZ    10001d0e f   ConEmuPlugin1900.obj
 0001:00000e97       ??_ECPluginW1900@@UAEPAXI@Z 10001e97 f i ConEmuPlugin1900.obj
 0001:00000e97       ??_GCPluginW1900@@UAEPAXI@Z 10001e97 f i ConEmuPlugin1900.obj
 0001:00001214       ?CheckPanelExist@CPluginW1900@@UAE_NXZ 10002214 f   ConEmuPlugin1900.obj
 0001:00001237       ?Color2BgIndex@Far3Color@@SAXKHAAGPBK@Z 10002237 f i ConEmuPlugin1900.obj
 0001:00001309       ?Color2FgIndex@Far3Color@@SAXKAAGPBK@Z 10002309 f i ConEmuPlugin1900.obj
 0001:000013c1       ?ExecuteSynchroApi@CPluginW1900@@UAE_NXZ 100023c1 f   ConEmuPlugin1900.obj
 0001:000013e4       ?ExitFar@CPluginW1900@@UAEXXZ 100023e4 f   ConEmuPlugin1900.obj
 0001:0000144b       ?FarColor_3_2@@YAEABUFarColor@@_N@Z 1000244b f i ConEmuPlugin1900.obj
 0001:000014f6       ?GetActiveWindowType@CPluginW1900@@UAEHXZ 100024f6 f   ConEmuPlugin1900.obj
 0001:0000156f       ?GetEditorModifiedState@CPluginW1900@@UAEKXZ 1000256f f   ConEmuPlugin1900.obj
 0001:000015ab       ?GetFarRect@CPluginW1900@@UAE_NAAU_SMALL_RECT@@@Z 100025ab f   ConEmuPlugin1900.obj
 0001:00001638       ?GetMacroArea@CPluginW1900@@UAEHXZ 10002638 f   ConEmuPlugin1900.obj
 0001:0000164c       ?GetMsg@CPluginW1900@@UAEPB_WHPA_WI@Z 1000264c f   ConEmuPlugin1900.obj
 0001:00001692       ?GetPanelDir@CPluginW1900@@UAEPA_WKPA_WH@Z 10002692 f   ConEmuPlugin1900.obj
 0001:00001797       ?GetPanelInfo@CPluginW1900@@UAE_NKPAUCEPanelInfo@@@Z 10002797 f   ConEmuPlugin1900.obj
 0001:000019fe       ?GetPanelItemInfo@CPluginW1900@@UAE_NABUCEPanelInfo@@_NHAAU_WIN32_FIND_DATAW@@PAPA_W@Z 100029fe f   ConEmuPlugin1900.obj
 0001:00001b58       ?GetPluginInfoPtr@CPluginW1900@@UAEXPAX@Z 10002b58 f   ConEmuPlugin1900.obj
 0001:00001ba1       ?GetStdIndex@Far3Color@@SAHKPBK@Z 10002ba1 f i ConEmuPlugin1900.obj
 0001:00001bc6       ?GetWindowCount@CPluginW1900@@UAEHXZ 10002bc6 f   ConEmuPlugin1900.obj
 0001:00001be7       ?GetWindowTypeName@CPluginW995@@UAEPB_WH@Z 10002be7 f   ConEmuPlugin995.obj
 0001:00001be7       ?GetWindowTypeName@CPluginW1900@@UAEPB_WH@Z 10002be7 f   ConEmuPlugin1900.obj
 0001:00001be7       ?GetWindowTypeName@CPluginW2800@@UAEPB_WH@Z 10002be7 f   ConEmuPlugin2800.obj
 0001:00001be7       ?GetWindowTypeName@CPluginAnsi@@UAEPB_WH@Z 10002be7 f   ConEmuPluginA.obj
 0001:00001c3e       ?GuiMacroDlg@CPluginW1900@@UAEXXZ 10002c3e f   ConEmuPlugin1900.obj
 0001:00001c43       ?InputBox@CPluginW1900@@UAE_NPB_W000AAPA_W@Z 10002c43 f   ConEmuPlugin1900.obj
 0001:00001ccd       ?IsMacroActive@CPluginW1900@@UAE_NXZ 10002ccd f   ConEmuPlugin1900.obj
 0001:00001cf7       ?LoadFarColors@CPluginW1900@@UAEXAAY0BAA@E@Z 10002cf7 f   ConEmuPlugin1900.obj
 0001:00001e4e       ?LoadFarSettings@CPluginW1900@@UAEXPAUCEFarInterfaceSettings@@PAUCEFarPanelSettings@@@Z 10002e4e f   ConEmuPlugin1900.obj
 0001:00001f5c       ?Open@CPluginW1900@@UAEPAXPBX@Z 10002f5c f   ConEmuPlugin1900.obj
 0001:00002028       ?OpenEditor@CPluginW1900@@UAE_NPB_W_N11HH@Z 10003028 f   ConEmuPlugin1900.obj
 0001:000020c9       ?PanelControlApi@CPluginW1900@@UAEHPAXHH0@Z 100030c9 f   ConEmuPlugin1900.obj
 0001:000020e6       ?PostMacroApi@CPluginW1900@@UAEXPB_WPAU_INPUT_RECORD@@_N@Z 100030e6 f   ConEmuPlugin1900.obj
 0001:000025d5       ?ProcessEditorEventPtr@CPluginW1900@@UAEHPAX@Z 100035d5 f   ConEmuPlugin1900.obj
 0001:000025d5       ?ProcessEditorEventPtr@CPluginW2800@@UAEHPAX@Z 100035d5 f   ConEmuPlugin2800.obj
 0001:000025e9       ?ProcessEditorInputPtr@CPluginW1900@@UAEHPBX@Z 100035e9 f   ConEmuPlugin1900.obj
 0001:00002607       ?ProcessSynchroEventPtr@CPluginW2800@@UAEHPAX@Z 10003607 f   ConEmuPlugin2800.obj
 0001:00002607       ?ProcessSynchroEventPtr@CPluginW1900@@UAEHPAX@Z 10003607 f   ConEmuPlugin1900.obj
 0001:00002623       ?ProcessViewerEventPtr@CPluginW2800@@UAEHPAX@Z 10003623 f   ConEmuPlugin2800.obj
 0001:00002623       ?ProcessViewerEventPtr@CPluginW1900@@UAEHPAX@Z 10003623 f   ConEmuPlugin1900.obj
 0001:00002637       ?RedrawAll@CPluginW1900@@UAEXXZ 10003637 f   ConEmuPlugin1900.obj
 0001:00002658       ?SetStartupInfoPtr@CPluginW1900@@UAEXPAX@Z 10003658 f   ConEmuPlugin1900.obj
 0001:00002759       ?SetWindow@CPluginW1900@@UAEXH@Z 10003759 f   ConEmuPlugin1900.obj
 0001:00002794       ?ShowMessage@CPluginW1900@@UAEHPB_WH_N@Z 10003794 f   ConEmuPlugin1900.obj
 0001:000027f9       ?ShowPluginMenu@CPluginW1900@@UAEHPAUConEmuPluginMenuItem@@HH@Z 100037f9 f   ConEmuPlugin1900.obj
 0001:00002939       ?ShowUserScreen@CPluginW1900@@UAEX_N@Z 10003939 f   ConEmuPlugin1900.obj
 0001:0000295e       ?WaitEndSynchro@CPluginW1900@@UAEXXZ 1000395e f   ConEmuPlugin1900.obj
 0001:0000295e       ?StopWaitEndSynchro@CPluginAnsi@@UAEXXZ 1000395e f   ConEmuPluginA.obj
 0001:0000295e       ?PlugServerInit@@YAXXZ     1000395e f   PluginSrv.obj
 0001:0000295e       ?ShutdownPluginStep@CPluginBase@@SAXPB_WHHHH@Z 1000395e f   ConEmuPluginBase.obj
 0001:0000295e       ?StopWaitEndSynchro@CPluginW1900@@UAEXXZ 1000395e f   ConEmuPlugin1900.obj
 0001:0000295e       ?WaitEndSynchro@CPluginW2800@@UAEXXZ 1000395e f   ConEmuPlugin2800.obj
 0001:0000295e       ?WaitEndSynchro@CPluginAnsi@@UAEXXZ 1000395e f   ConEmuPluginA.obj
 0001:0000295e       @_guard_check_icall_nop@4  1000395e f   LIBCMT:guard_support.obj
 0001:0000295e       ?_Doraise@exception@stdext@@MBEXXZ 1000395e f   common-kernel32:CEStr.obj
 0001:0000295e       ?StopWaitEndSynchro@CPluginW2800@@UAEXXZ 1000395e f   ConEmuPlugin2800.obj
 0001:0000295f       ?UpdateConEmuTabsApi@CPluginW1900@@UAE_NH@Z 1000395f f   ConEmuPlugin1900.obj
 0001:00002db4       ??$_Emplace_reallocate@ABUWindowInfo@@@?$vector@UWindowInfo@@V?$MArrayAllocator@UWindowInfo@@@@@std@@QAEPAUWindowInfo@@QAU2@ABU2@@Z 10003db4 f i ConEmuPlugin2800.obj
 0001:00002e71       ??$_Fill_unchecked1@PAUWindowInfo@@U1@@std@@YAXPAUWindowInfo@@0ABU1@U?$integral_constant@_N$0A@@0@@Z 10003e71 f i ConEmuPlugin2800.obj
 0001:00002e94       ??$_Uninit_alloc_fill_n1@PAUWindowInfo@@IV?$MArrayAllocator@UWindowInfo@@@@@std@@YAPAUWindowInfo@@QAU1@IABU1@AAV?$MArrayAllocator@UWindowInfo@@@@U?$integral_constant@_N$0A@@0@@Z 10003e94 f i ConEmuPlugin2800.obj
 0001:00002eb9       ??$_Uninitialized_fill_n@PAUWindowInfo@@IV?$MArrayAllocator@UWindowInfo@@@@@std@@YAPAUWindowInfo@@QAU1@IABU1@AAV?$MArrayAllocator@UWindowInfo@@@@@Z 10003eb9 f i ConEmuPlugin2800.obj
 0001:00002eda       ??$emplace_back@ABUWindowInfo@@@?$vector@UWindowInfo@@V?$MArrayAllocator@UWindowInfo@@@@@std@@QAEXABUWindowInfo@@@Z 10003eda f i ConEmuPlugin2800.obj
 0001:00002f08       ??0CPluginW2800@@QAE@XZ    10003f08 f   ConEmuPlugin2800.obj
 0001:00003091       ??0bad_alloc@std@@QAE@ABV01@@Z 10004091 f i ConEmuPlugin2800.obj
 0001:000030ac       ??0bad_alloc@std@@QAE@XZ   100040ac f i ConEmuPlugin2800.obj
 0001:000030c4       ??0exception@std@@QAE@ABV01@@Z 100040c4 f i ConEmuPlugin2800.obj
 0001:000030f0       ??1?$MArray@UWindowInfo@@@@QAE@XZ 100040f0 f i ConEmuPlugin2800.obj
 0001:00003128       ??1bad_exception@std@@UAE@XZ 10004128 f i libvcruntime:frame.obj
 0001:00003128       ??1length_error@std@@UAE@XZ 10004128 f i libcpmt:xthrow.obj
 0001:00003128       ??1bad_alloc@std@@UAE@XZ   10004128 f i ConEmuPlugin2800.obj
 0001:00003139       ??_GCPluginW2800@@UAEPAXI@Z 10004139 f i ConEmuPlugin2800.obj
 0001:00003139       ??_ECPluginW2800@@UAEPAXI@Z 10004139 f i ConEmuPlugin2800.obj
 0001:00003164       ??_Ebad_exception@std@@UAEPAXI@Z 10004164 f i libvcruntime:frame.obj
 0001:00003164       ??_Gbad_alloc@std@@UAEPAXI@Z 10004164 f i ConEmuPlugin2800.obj
 0001:00003164       ??_Glogic_error@std@@UAEPAXI@Z 10004164 f i libcpmt:xthrow.obj
 0001:00003164       ??_Ebad_alloc@std@@UAEPAXI@Z 10004164 f i ConEmuPlugin2800.obj
 0001:00003164       ??_Elength_error@std@@UAEPAXI@Z 10004164 f i libcpmt:xthrow.obj
 0001:00003164       ??_Gexception@std@@UAEPAXI@Z 10004164 f i ConEmuPlugin2800.obj
 0001:00003164       ??_Glength_error@std@@UAEPAXI@Z 10004164 f i libcpmt:xthrow.obj
 0001:00003164       ??_Elogic_error@std@@UAEPAXI@Z 10004164 f i libcpmt:xthrow.obj
 0001:00003164       ??_Gbad_exception@std@@UAEPAXI@Z 10004164 f i libvcruntime:frame.obj
 0001:00003164       ??_Eexception@std@@UAEPAXI@Z 10004164 f i ConEmuPlugin2800.obj
 0001:000034fa       ?CheckPanelExist@CPluginW2800@@UAE_NXZ 100044fa f   ConEmuPlugin2800.obj
 0001:0000351d       ?ExecuteSynchroApi@CPluginW2800@@UAE_NXZ 1000451d f   ConEmuPlugin2800.obj
 0001:00003540       ?ExitFar@CPluginW2800@@UAEXXZ 10004540 f   ConEmuPlugin2800.obj
 0001:000035ba       ?GetActiveWindowType@CPluginW2800@@UAEHXZ 100045ba f   ConEmuPlugin2800.obj
 0001:00003639       ?GetEditorModifiedState@CPluginW2800@@UAEKXZ 10004639 f   ConEmuPlugin2800.obj
 0001:00003675       ?GetFarRect@CPluginW2800@@UAE_NAAU_SMALL_RECT@@@Z 10004675 f   ConEmuPlugin2800.obj
 0001:00003705       ?GetMacroArea@CPluginW2800@@UAEHXZ 10004705 f   ConEmuPlugin2800.obj
 0001:00003719       ?GetMsg@CPluginW2800@@UAEPB_WHPA_WI@Z 10004719 f   ConEmuPlugin2800.obj
 0001:0000375f       ?GetPanelDir@CPluginW2800@@UAEPA_WKPA_WH@Z 1000475f f   ConEmuPlugin2800.obj
 0001:00003864       ?GetPanelInfo@CPluginW2800@@UAE_NKPAUCEPanelInfo@@@Z 10004864 f   ConEmuPlugin2800.obj
 0001:00003acb       ?GetPanelItemInfo@CPluginW2800@@UAE_NABUCEPanelInfo@@_NHAAU_WIN32_FIND_DATAW@@PAPA_W@Z 10004acb f   ConEmuPlugin2800.obj
 0001:00003c2e       ?GetPluginInfoPtr@CPluginW2800@@UAEXPAX@Z 10004c2e f   ConEmuPlugin2800.obj
 0001:00003c77       ?GetWindowCount@CPluginW2800@@UAEHXZ 10004c77 f   ConEmuPlugin2800.obj
 0001:00003c98       ?GuiMacroDlg@CPluginW2800@@UAEXXZ 10004c98 f   ConEmuPlugin2800.obj
 0001:00003c9d       ?InputBox@CPluginW2800@@UAE_NPB_W000AAPA_W@Z 10004c9d f   ConEmuPlugin2800.obj
 0001:00003d27       ?IsMacroActive@CPluginW2800@@UAE_NXZ 10004d27 f   ConEmuPlugin2800.obj
 0001:00003d51       ?LoadFarColors@CPluginW2800@@UAEXAAY0BAA@E@Z 10004d51 f   ConEmuPlugin2800.obj
 0001:00003ea8       ?LoadFarSettings@CPluginW2800@@UAEXPAUCEFarInterfaceSettings@@PAUCEFarPanelSettings@@@Z 10004ea8 f   ConEmuPlugin2800.obj
 0001:00003fb0       ?Open@CPluginW2800@@UAEPAXPBX@Z 10004fb0 f   ConEmuPlugin2800.obj
 0001:000040d0       ?OpenEditor@CPluginW2800@@UAE_NPB_W_N11HH@Z 100050d0 f   ConEmuPlugin2800.obj
 0001:00004171       ?PanelControlApi@CPluginW2800@@UAEHPAXHH0@Z 10005171 f   ConEmuPlugin2800.obj
 0001:0000418e       ?PostMacroApi@CPluginW2800@@UAEXPB_WPAU_INPUT_RECORD@@_N@Z 1000518e f   ConEmuPlugin2800.obj
 0001:0000441b       ?ProcessEditorInputPtr@CPluginW2800@@UAEHPBX@Z 1000541b f   ConEmuPlugin2800.obj
 0001:00004439       ?RedrawAll@CPluginW2800@@UAEXXZ 10005439 f   ConEmuPlugin2800.obj
 0001:0000445a       ?SetStartupInfoPtr@CPluginW2800@@UAEXPAX@Z 1000545a f   ConEmuPlugin2800.obj
 0001:0000455b       ?SetWindow@CPluginW2800@@UAEXH@Z 1000555b f   ConEmuPlugin2800.obj
 0001:0000463d       ?ShowMessage@CPluginW2800@@UAEHPB_WH_N@Z 1000563d f   ConEmuPlugin2800.obj
 0001:000046a2       ?ShowPluginMenu@CPluginW2800@@UAEHPAUConEmuPluginMenuItem@@HH@Z 100056a2 f   ConEmuPlugin2800.obj
 0001:000047e2       ?ShowUserScreen@CPluginW2800@@UAEX_N@Z 100057e2 f   ConEmuPlugin2800.obj
 0001:00004807       ?UpdateConEmuTabsApi@CPluginW2800@@UAE_NH@Z 10005807 f   ConEmuPlugin2800.obj
 0001:00004e55       ?_Calculate_growth@?$vector@UWindowInfo@@V?$MArrayAllocator@UWindowInfo@@@@@std@@ABEII@Z 10005e55 f i ConEmuPlugin2800.obj
 0001:00004e80       ?_Change_array@?$vector@UWindowInfo@@V?$MArrayAllocator@UWindowInfo@@@@@std@@AAEXQAUWindowInfo@@II@Z 10005e80 f i ConEmuPlugin2800.obj
 0001:00004eaf       ?_Tidy@?$vector@UWindowInfo@@V?$MArrayAllocator@UWindowInfo@@@@@std@@AAEXXZ 10005eaf f i ConEmuPlugin2800.obj
 0001:00004ecb       ?_Xlength@?$vector@UWindowInfo@@V?$MArrayAllocator@UWindowInfo@@@@@std@@CAXXZ 10005ecb f i ConEmuPlugin2800.obj
 0001:00004ecb       ?_Xlength@?$vector@UtagPROCESSENTRY32W@@V?$MArrayAllocator@UtagPROCESSENTRY32W@@@@@std@@CAXXZ 10005ecb f i common-kernel32:MProcess.obj
 0001:00004ed6       ?allocate@?$MArrayAllocator@UWindowInfo@@@@QAEPAUWindowInfo@@I@Z 10005ed6 f i ConEmuPlugin2800.obj
 0001:00004f06       ?erase@?$MArray@UWindowInfo@@@@QAEXHH@Z 10005f06 f i ConEmuPlugin2800.obj
 0001:00004f51       ?erase@?$vector@UWindowInfo@@V?$MArrayAllocator@UWindowInfo@@@@@std@@QAE?AV?$_Vector_iterator@V?$_Vector_val@U?$_Simple_types@UWindowInfo@@@std@@@std@@@2@V?$_Vector_const_iterator@V?$_Vector_val@U?$_Simple_types@UWindowInfo@@@std@@@std@@@2@0@Z 10005f51 f i ConEmuPlugin2800.obj
 0001:00004f89       ?insert@?$MArray@UWindowInfo@@@@QAEHHABUWindowInfo@@H@Z 10005f89 f i ConEmuPlugin2800.obj
 0001:00004fe1       ?insert@?$vector@UWindowInfo@@V?$MArrayAllocator@UWindowInfo@@@@@std@@QAE?AV?$_Vector_iterator@V?$_Vector_val@U?$_Simple_types@UWindowInfo@@@std@@@std@@@2@V?$_Vector_const_iterator@V?$_Vector_val@U?$_Simple_types@UWindowInfo@@@std@@@std@@@2@IABUWindowInfo@@@Z 10005fe1 f i ConEmuPlugin2800.obj
 0001:000051ac       ?what@exception@std@@UBEPBDXZ 100061ac f i ConEmuPlugin2800.obj
 0001:000051ba       _GetGlobalInfoW@4          100061ba f   ConEmuPlugin2800.obj
 0001:0000524d       ??0CPluginW995@@QAE@XZ     1000624d f   ConEmuPlugin995.obj
 0001:000053d1       ??_ECPluginW995@@UAEPAXI@Z 100063d1 f i ConEmuPlugin995.obj
 0001:000053d1       ??_GCPluginW995@@UAEPAXI@Z 100063d1 f i ConEmuPlugin995.obj
 0001:00005726       ?CheckPanelExist@CPluginW995@@UAE_NXZ 10006726 f   ConEmuPlugin995.obj
 0001:00005749       ?ExecuteSynchroApi@CPluginW995@@UAE_NXZ 10006749 f   ConEmuPlugin995.obj
 0001:00005768       ?ExitFar@CPluginW995@@UAEXXZ 10006768 f   ConEmuPlugin995.obj
 0001:000057cf       ?GetActiveWindowType@CPluginW995@@UAEHXZ 100067cf f   ConEmuPlugin995.obj
 0001:0000586f       ?GetEditorModifiedState@CPluginW995@@UAEKXZ 1000686f f   ConEmuPlugin995.obj
 0001:000058a7       ?GetFarRect@CPluginW995@@UAE_NAAU_SMALL_RECT@@@Z 100068a7 f   ConEmuPlugin995.obj
 0001:000058ea       ?GetMacroArea@CPluginW995@@UAEHXZ 100068ea f   ConEmuPlugin995.obj
 0001:00005922       ?GetMsg@CPluginW995@@UAEPB_WHPA_WI@Z 10006922 f   ConEmuPlugin995.obj
 0001:00005966       ?GetPanelDir@CPluginW995@@UAEPA_WKPA_WH@Z 10006966 f   ConEmuPlugin995.obj
 0001:00005a30       ?GetPanelInfo@CPluginW995@@UAE_NKPAUCEPanelInfo@@@Z 10006a30 f   ConEmuPlugin995.obj
 0001:00005c1a       ?GetPanelItemInfo@CPluginW995@@UAE_NABUCEPanelInfo@@_NHAAU_WIN32_FIND_DATAW@@PAPA_W@Z 10006c1a f   ConEmuPlugin995.obj
 0001:00005d65       ?GetPluginInfoPtr@CPluginW995@@UAEXPAX@Z 10006d65 f   ConEmuPlugin995.obj
 0001:00005dbe       ?GetWindowCount@CPluginW995@@UAEHXZ 10006dbe f   ConEmuPlugin995.obj
 0001:00005ddb       ?GuiMacroDlg@CPluginW995@@UAEXXZ 10006ddb f   ConEmuPlugin995.obj
 0001:00005de0       ?InputBox@CPluginW995@@UAE_NPB_W000AAPA_W@Z 10006de0 f   ConEmuPlugin995.obj
 0001:00005e5e       ?IsMacroActive@CPluginW995@@UAE_NXZ 10006e5e f   ConEmuPlugin995.obj
 0001:00005ead       ?LoadFarColors@CPluginW995@@UAEXAAY0BAA@E@Z 10006ead f   ConEmuPlugin995.obj
 0001:00005f64       ?LoadFarSettings@CPluginW995@@UAEXPAUCEFarInterfaceSettings@@PAUCEFarPanelSettings@@@Z 10006f64 f   ConEmuPlugin995.obj
 0001:00005f9b       ?Open@CPluginAnsi@@UAEPAXPBX@Z 10006f9b f i ConEmuPluginA.obj
 0001:00005f9b       ?Open@CPluginW995@@UAEPAXPBX@Z 10006f9b f i ConEmuPlugin995.obj
 0001:00005fa4       ?OpenEditor@CPluginW995@@UAE_NPB_W_N11HH@Z 10006fa4 f   ConEmuPlugin995.obj
 0001:0000603d       ?PanelControlApi@CPluginW995@@UAEHPAXHH0@Z 1000703d f   ConEmuPlugin995.obj
 0001:0000605a       ?PostMacroApi@CPluginW995@@UAEXPB_WPAU_INPUT_RECORD@@_N@Z 1000705a f   ConEmuPlugin995.obj
 0001:000060fc       ?ProcessSynchroEventPtr@CPluginW995@@UAEHPAX@Z 100070fc f i ConEmuPlugin995.obj
 0001:000060fc       ?ProcessViewerEventPtr@CPluginAnsi@@UAEHPAX@Z 100070fc f i ConEmuPluginA.obj
 0001:000060fc       ?ProcessEditorInputPtr@CPluginAnsi@@UAEHPBX@Z 100070fc f i ConEmuPluginA.obj
 0001:000060fc       ?ProcessSynchroEventPtr@CPluginAnsi@@UAEHPAX@Z 100070fc f i ConEmuPluginA.obj
 0001:000060fc       ?ProcessEditorEventPtr@CPluginW995@@UAEHPAX@Z 100070fc f i ConEmuPlugin995.obj
 0001:000060fc       ?ProcessViewerEventPtr@CPluginW995@@UAEHPAX@Z 100070fc f i ConEmuPlugin995.obj
 0001:000060fc       ?ProcessEditorEventPtr@CPluginAnsi@@UAEHPAX@Z 100070fc f i ConEmuPluginA.obj
 0001:00006101       ?ProcessEditorInputPtr@CPluginW995@@UAEHPBX@Z 10007101 f   ConEmuPlugin995.obj
 0001:0000611b       ?RedrawAll@CPluginW995@@UAEXXZ 1000711b f   ConEmuPlugin995.obj
 0001:00006138       ?SetStartupInfoPtr@CPluginW995@@UAEXPAX@Z 10007138 f   ConEmuPlugin995.obj
 0001:0000622a       ?SetWindow@CPluginW995@@UAEXH@Z 1000722a f   ConEmuPlugin995.obj
 0001:0000625e       ?ShowMessage@CPluginW995@@UAEHPB_WH_N@Z 1000725e f   ConEmuPlugin995.obj
 0001:000062a7       ?ShowPluginMenu@CPluginW995@@UAEHPAUConEmuPluginMenuItem@@HH@Z 100072a7 f   ConEmuPlugin995.obj
 0001:0000638c       ?ShowUserScreen@CPluginW995@@UAEX_N@Z 1000738c f   ConEmuPlugin995.obj
 0001:000063b1       ?StopWaitEndSynchro@CPluginW995@@UAEXXZ 100073b1 f   ConEmuPlugin995.obj
 0001:000063ca       ?UpdateConEmuTabsApi@CPluginW995@@UAE_NH@Z 100073ca f   ConEmuPlugin995.obj
 0001:00006611       ?WaitEndSynchro@CPluginW995@@UAEXXZ 10007611 f   ConEmuPlugin995.obj
 0001:00006723       ??0CPluginAnsi@@QAE@XZ     10007723 f   ConEmuPluginA.obj
 0001:00006877       ??_ECPluginAnsi@@UAEPAXI@Z 10007877 f i ConEmuPluginA.obj
 0001:00006877       ??_GCPluginAnsi@@UAEPAXI@Z 10007877 f i ConEmuPluginA.obj
 0001:00006ce2       ?CheckPanelExist@CPluginAnsi@@UAE_NXZ 10007ce2 f   ConEmuPluginA.obj
 0001:00006d06       ?ExecuteSynchroApi@CPluginAnsi@@UAE_NXZ 10007d06 f i ConEmuPluginA.obj
 0001:00006d09       ?ExitFar@CPluginAnsi@@UAEXXZ 10007d09 f   ConEmuPluginA.obj
 0001:00006d3e       ?GetActiveWindowType@CPluginAnsi@@UAEHXZ 10007d3e f   ConEmuPluginA.obj
 0001:00006daf       ?GetEditorModifiedState@CPluginAnsi@@UAEKXZ 10007daf f   ConEmuPluginA.obj
 0001:00006dea       ?GetFarRect@CPluginAnsi@@UAE_NAAU_SMALL_RECT@@@Z 10007dea f i ConEmuPluginA.obj
 0001:00006def       __get_startup_argv_mode    10007def f   LIBCMT:argv_mode.obj
 0001:00006def       ?GetMacroArea@CPluginAnsi@@UAEHXZ 10007def f   ConEmuPluginA.obj
 0001:00006df3       ?GetMsg@CPluginAnsi@@UAEPB_WHPA_WI@Z 10007df3 f   ConEmuPluginA.obj
 0001:00006e63       ?GetPanelDir@CPluginAnsi@@UAEPA_WKPA_WH@Z 10007e63 f   ConEmuPluginA.obj
 0001:00006f25       ?GetPanelInfo@CPluginAnsi@@UAE_NKPAUCEPanelInfo@@@Z 10007f25 f   ConEmuPluginA.obj
 0001:000070f5       ?GetPanelItemInfo@CPluginAnsi@@UAE_NABUCEPanelInfo@@_NHAAU_WIN32_FIND_DATAW@@PAPA_W@Z 100080f5 f   ConEmuPluginA.obj
 0001:000071f1       ?GetPluginInfoPtr@CPluginAnsi@@UAEXPAX@Z 100081f1 f   ConEmuPluginA.obj
 0001:0000725e       ?GetWindowCount@CPluginAnsi@@UAEHXZ 1000825e f   ConEmuPluginA.obj
 0001:00007281       ?GuiMacroDlg@CPluginAnsi@@UAEXXZ 10008281 f   ConEmuPluginA.obj
 0001:00007286       ?InputBox@CPluginAnsi@@UAE_NPB_W000AAPA_W@Z 10008286 f   ConEmuPluginA.obj
 0001:000073b1       ?IsMacroActive@CPluginAnsi@@UAE_NXZ 100083b1 f   ConEmuPluginA.obj
 0001:00007406       ?LoadFarColors@CPluginAnsi@@UAEXAAY0BAA@E@Z 10008406 f   ConEmuPluginA.obj
 0001:000074c3       ?LoadFarSettings@CPluginAnsi@@UAEXPAUCEFarInterfaceSettings@@PAUCEFarPanelSettings@@@Z 100084c3 f   ConEmuPluginA.obj
 0001:00007506       ?OpenEditor@CPluginAnsi@@UAE_NPB_W_N11HH@Z 10008506 f   ConEmuPluginA.obj
 0001:000075e4       ?PanelControlApi@CPluginAnsi@@UAEHPAXHH0@Z 100085e4 f   ConEmuPluginA.obj
 0001:0000760e       ?PostMacroApi@CPluginAnsi@@UAEXPB_WPAU_INPUT_RECORD@@_N@Z 1000860e f   ConEmuPluginA.obj
 0001:000076ae       ?RedrawAll@CPluginAnsi@@UAEXXZ 100086ae f   ConEmuPluginA.obj
 0001:000076d1       ?SetStartupInfoPtr@CPluginAnsi@@UAEXPAX@Z 100086d1 f   ConEmuPluginA.obj
 0001:000077d2       ?SetWindow@CPluginAnsi@@UAEXH@Z 100087d2 f   ConEmuPluginA.obj
 0001:00007812       ?ShowMessage@CPluginAnsi@@UAEHPB_WH_N@Z 10008812 f   ConEmuPluginA.obj
 0001:0000789c       ?ShowPluginMenu@CPluginAnsi@@UAEHPAUConEmuPluginMenuItem@@HH@Z 1000889c f   ConEmuPluginA.obj
 0001:000079c2       ?ShowUserScreen@CPluginAnsi@@UAEX_N@Z 100089c2 f   ConEmuPluginA.obj
 0001:000079e8       ?UpdateConEmuTabsApi@CPluginAnsi@@UAE_NH@Z 100089e8 f   ConEmuPluginA.obj
 0001:00007c53       ??$swprintf_c@$0BAE@@@YAHAAY0BAE@_WPB_WZZ 10008c53 f i ConEmuPluginBase.obj
 0001:00007c6c       ??$swprintf_c@$0DAM@@@YAHAAY0DAM@_WPB_WZZ 10008c6c f i ConEmuPluginBase.obj
 0001:00007c85       ??$swprintf_c@$0EAA@@@YAHAAY0EAA@_WPB_WZZ 10008c85 f i ConEmuPluginBase.obj
 0001:00007c9e       ??$swprintf_c@$0MI@@@YAHAAY0MI@_WPB_WZZ 10008c9e f i ConEmuPluginBase.obj
 0001:00007cb7       ??0?$MFileMapping@UCESERVER_CONSOLE_MAPPING_HDR@@@@QAE@XZ 10008cb7 f i ConEmuPluginBase.obj
 0001:00007cb7       ??0?$MFileMapping@UPanelViewSetMapping@@@@QAE@XZ 10008cb7 f i PluginBackground.obj
 0001:00007cb7       ??0?$MFileMapping@UConEmuGuiMapping@@@@QAE@XZ 10008cb7 f i common-kernel32:ConEmuCheck.obj
 0001:00007cdb       ??0CPluginBase@@QAE@XZ     10008cdb f   ConEmuPluginBase.obj
 0001:00007df9       ??0MWow64Disable@@QAE@XZ   10008df9 f i ConEmuPluginBase.obj
 0001:00007e3e       ??1?$MFileMapping@UConEmuGuiMapping@@@@QAE@XZ 10008e3e f i common-user32:ConEmuCheckEx.obj
 0001:00007e3e       ??1?$MFileMapping@UPanelViewSetMapping@@@@QAE@XZ 10008e3e f i PluginBackground.obj
 0001:00007e3e       ??1?$MFileMapping@UCESERVER_CONSOLE_MAPPING_HDR@@@@QAE@XZ 10008e3e f i ConEmuPluginBase.obj
 0001:00007e48       ??1CPluginBase@@UAE@XZ     10008e48 f   ConEmuPluginBase.obj
 0001:00007e4f       ??1MWow64Disable@@QAE@XZ   10008e4f f i ConEmuPluginBase.obj
 0001:00007e83       ??_G?$MFileMapping@UCESERVER_CONSOLE_MAPPING_HDR@@@@QAEPAXI@Z 10008e83 f i ConEmuPluginBase.obj
 0001:00007ead       ??_GCPluginBase@@UAEPAXI@Z 10008ead f i ConEmuPluginBase.obj
 0001:00007ead       ??_ECPluginBase@@UAEPAXI@Z 10008ead f i ConEmuPluginBase.obj
 0001:00007ed3       ?ActivatePlugin@CPluginBase@@QAE_NKPAXK@Z 10008ed3 f   ConEmuPluginBase.obj
 0001:00008068       ?AddTab@CPluginBase@@QAE_NAAHH_N1HPB_W2HHHH@Z 10009068 f   ConEmuPluginBase.obj
 0001:00008349       ?AddTabFinish@CPluginBase@@QAEXH@Z 10009349 f   ConEmuPluginBase.obj
 0001:0000835b       ?Attach2Gui@CPluginBase@@QAE_N_N@Z 1000935b f   ConEmuPluginBase.obj
 0001:000086eb       ?BackgroundMacroError@CPluginBase@@SGKPAX@Z 100096eb f   ConEmuPluginBase.obj
 0001:00008712       ?CheckBufferEnabled@CPluginBase@@QAE_NXZ 10009712 f   ConEmuPluginBase.obj
 0001:0000876b       ?CheckConEmuDetached@CPluginBase@@SAXXZ 1000976b f   ConEmuPluginBase.obj
 0001:00008806       ?CheckResources@CPluginBase@@QAEX_N@Z 10009806 f   ConEmuPluginBase.obj
 0001:000089a6       ?CloseMap@?$MFileMapping@UPanelViewSetMapping@@@@QAEXXZ 100099a6 f i PluginBackground.obj
 0001:000089a6       ?CloseMap@?$MFileMapping@UConEmuGuiMapping@@@@QAEXXZ 100099a6 f i common-kernel32:ConEmuCheck.obj
 0001:000089a6       ?CloseMap@?$MFileMapping@UCESERVER_CONSOLE_MAPPING_HDR@@@@QAEXXZ 100099a6 f i ConEmuPluginBase.obj
 0001:000089d7       ?CloseMapHeader@CPluginBase@@SAXXZ 100099d7 f   ConEmuPluginBase.obj
 0001:000089ee       ?ClosePtr@?$MFileMapping@UPanelViewSetMapping@@@@QAEXXZ 100099ee f i PluginBackground.obj
 0001:000089ee       ?ClosePtr@?$MFileMapping@UConEmuGuiMapping@@@@QAEXXZ 100099ee f i common-kernel32:ConEmuCheck.obj
 0001:000089ee       ?ClosePtr@?$MFileMapping@UCESERVER_CONSOLE_MAPPING_HDR@@@@QAEXXZ 100099ee f i ConEmuPluginBase.obj
 0001:00008a06       ?CloseTabs@CPluginBase@@SAXXZ 10009a06 f   ConEmuPluginBase.obj
 0001:00008a8e       ?CommonPluginStartup@CPluginBase@@QAEXXZ 10009a8e f   ConEmuPluginBase.obj
 0001:00008b7a       ?CreateTabs@CPluginBase@@SA_NH@Z 10009b7a f   ConEmuPluginBase.obj
 0001:00008c24       ?Disable@MWow64Disable@@QAEXXZ 10009c24 f i ConEmuPluginBase.obj
 0001:00008c3e       ?DllCheckUnique@CPluginBase@@KA_N_N@Z 10009c3e f   ConEmuPluginBase.obj
 0001:00008e03       ?DllMain_ProcessAttach@CPluginBase@@KAXPAUHINSTANCE__@@@Z 10009e03 f   ConEmuPluginBase.obj
 0001:00008ef7       ?DllMain_ProcessDetach@CPluginBase@@KAXXZ 10009ef7 f   ConEmuPluginBase.obj
 0001:00008fc8       ?EditViewConsoleOutput@CPluginBase@@QAEX_N@Z 10009fc8 f   ConEmuPluginBase.obj
 0001:0000905d       ?EmergencyShow@CPluginBase@@KAXXZ 1000a05d f   ConEmuPluginBase.obj
 0001:000090a8       ?ExecuteSynchro@CPluginBase@@QAEXXZ 1000a0a8 f   ConEmuPluginBase.obj
 0001:0000911e       ?ExitFarCommon@CPluginBase@@QAEX_N@Z 1000a11e f   ConEmuPluginBase.obj
 0001:00009141       ?FarSetConsoleSize@CPluginBase@@SA_NFF@Z 1000a141 f   ConEmuPluginBase.obj
 0001:00009225       ?FillLoadedParm@CPluginBase@@SAXPAUConEmuLoadedArg@@PAUHINSTANCE__@@H@Z 1000a225 f   ConEmuPluginBase.obj
 0001:000092b3       ?FillUpdateBackground@CPluginBase@@QAEXPAUPaintBackgroundArg@@@Z 1000a2b3 f   ConEmuPluginBase.obj
 0001:000093f4       ?FindServerCmd@CPluginBase@@QAE_NKAAK_N@Z 1000a3f4 f   ConEmuPluginBase.obj
 0001:000094da       ?GetMainThreadId@CPluginBase@@SAKXZ 1000a4da f   ConEmuPluginBase.obj
 0001:00009565       ?GetPanelInfo@CPluginBase@@QAE_NKPAUBkPanelInfo@@@Z 1000a565 f   ConEmuPluginBase.obj
 0001:000095e5       ?InitHWND@CPluginBase@@SAXXZ 1000a5e5 f   ConEmuPluginBase.obj
 0001:00009803       ?InitName@?$MFileMapping@UConEmuGuiMapping@@@@QAEPB_WPB_WKK@Z 1000a803 f i common-kernel32:ConEmuCheck.obj
 0001:00009803       ?InitName@?$MFileMapping@UCESERVER_CONSOLE_MAPPING_HDR@@@@QAEPB_WPB_WKK@Z 1000a803 f i ConEmuPluginBase.obj
 0001:00009803       ?InitName@?$MFileMapping@UPanelViewSetMapping@@@@QAEPB_WPB_WKK@Z 1000a803 f i PluginBackground.obj
 0001:00009834       ?InitResources@CPluginBase@@QAEXXZ 1000a834 f   ConEmuPluginBase.obj
 0001:000099f0       ?InitRootRegKey@CPluginBase@@IAEXXZ 1000a9f0 f   ConEmuPluginBase.obj
 0001:00009aa9       ?InternalOpenCreate@?$MFileMapping@UCESERVER_CONSOLE_MAPPING_HDR@@@@IAEPAUCESERVER_CONSOLE_MAPPING_HDR@@HHH@Z 1000aaa9 f i ConEmuPluginBase.obj
 0001:00009bc3       ?IsCurrentTabModal@CPluginBase@@QAE_NXZ 1000abc3 f   ConEmuPluginBase.obj
 0001:00009c4c       ?IsFarLua@FarVersion@@QBE_NXZ 1000ac4c f i ConEmuPluginBase.obj
 0001:00009d7a       ?LoadFarVersion@CPluginBase@@SA_NXZ 1000ad7a f   ConEmuPluginBase.obj
 0001:00009fc1       ?LoadPanelTabsFromRegistry@CPluginBase@@IAEXXZ 1000afc1 f   ConEmuPluginBase.obj
 0001:0000a097       ?MonitorThreadProcW@CPluginBase@@SGKPAX@Z 1000b097 f   ConEmuPluginBase.obj
 0001:0000a465       ?NotifyConEmuUnloaded@CPluginBase@@SAXXZ 1000b465 f   ConEmuPluginBase.obj
 0001:0000a560       ?OnConsoleDetaching@CPluginBase@@SGHPAUHookCallbackArg@@@Z 1000b560 f   ConEmuPluginBase.obj
 0001:0000a662       ?OnConsolePeekInput@CPluginBase@@SGHPAUHookCallbackArg@@@Z 1000b662 f   ConEmuPluginBase.obj
 0001:0000a6c1       ?OnConsolePeekInputPost@CPluginBase@@SGHPAUHookCallbackArg@@@Z 1000b6c1 f   ConEmuPluginBase.obj
 0001:0000a6f1       ?OnConsolePeekReadInput@CPluginBase@@SAX_N@Z 1000b6f1 f   ConEmuPluginBase.obj
 0001:0000a8a9       ?OnConsoleReadInput@CPluginBase@@SGHPAUHookCallbackArg@@@Z 1000b8a9 f   ConEmuPluginBase.obj
 0001:0000a8b9       ?OnConsoleReadInputPost@CPluginBase@@SGHPAUHookCallbackArg@@@Z 1000b8b9 f   ConEmuPluginBase.obj
 0001:0000aa3b       ?OnConsoleReadInputWork@CPluginBase@@SAHPAUHookCallbackArg@@@Z 1000ba3b f   ConEmuPluginBase.obj
 0001:0000aaa5       ?OnConsoleWasAttached@CPluginBase@@SGHPAUHookCallbackArg@@@Z 1000baa5 f   ConEmuPluginBase.obj
 0001:0000aafb       ?OnCurDirChanged@CPluginBase@@SGXXZ 1000bafb f   ConEmuPluginBase.obj
 0001:0000ab52       ?OnGetNumberOfConsoleInputEventsPost@CPluginBase@@SGHPAUHookCallbackArg@@@Z 1000bb52 f   ConEmuPluginBase.obj
 0001:0000ab86       ?OnLibraryLoaded@CPluginBase@@SGXPAUHINSTANCE__@@@Z 1000bb86 f   ConEmuPluginBase.obj
 0001:0000abf4       ?OnMainThreadActivated@CPluginBase@@QAEXXZ 1000bbf4 f   ConEmuPluginBase.obj
 0001:0000ad5e       ?OnPanelViewCallbacks@CPluginBase@@SA_NPAUHookCallbackArg@@P6GHPAXPAU_INPUT_RECORD@@KPAKPAH@Z5@Z 1000bd5e f   ConEmuPluginBase.obj
 0001:0000adff       ?OnPostWriteConsoleOutput@CPluginBase@@SGHPAUHookCallbackArg@@@Z 1000bdff f   ConEmuPluginBase.obj
 0001:0000ae0a       ?OnShellExecuteExW_Except@CPluginBase@@SGHPAUHookCallbackArg@@@Z 1000be0a f   ConEmuPluginBase.obj
 0001:0000ae3f       ?OnWriteConsoleOutput@CPluginBase@@SGHPAUHookCallbackArg@@@Z 1000be3f f   ConEmuPluginBase.obj
 0001:0000aecc       ?OpenMapHeader@CPluginBase@@SAHXZ 1000becc f   ConEmuPluginBase.obj
 0001:0000af88       ?OpenPluginCommon@CPluginBase@@QAEPAXHH_N@Z 1000bf88 f   ConEmuPluginBase.obj
 0001:0000b1ec       ?OutDataAlloc@CPluginBase@@SA_NK@Z 1000c1ec f   ConEmuPluginBase.obj
 0001:0000b23b       ?OutDataRealloc@CPluginBase@@SA_NK@Z 1000c23b f   ConEmuPluginBase.obj
 0001:0000b2d2       ?OutDataWrite@CPluginBase@@SA_NPAXK@Z 1000c2d2 f   ConEmuPluginBase.obj
 0001:0000b351       ?PanelControl@CPluginBase@@QAEHPAXHH0@Z 1000c351 f   ConEmuPluginBase.obj
 0001:0000b3b8       ?Plugin@@YAPAVCPluginBase@@XZ 1000c3b8 f   ConEmuPluginBase.obj
 0001:0000b48e       ?PostMacro@CPluginBase@@QAEXPB_WPAU_INPUT_RECORD@@_N@Z 1000c48e f   ConEmuPluginBase.obj
 0001:0000b4cf       ?PrintText@CPluginBase@@QAE_NPB_W@Z 1000c4cf f   ConEmuPluginBase.obj
 0001:0000b5b3       ?ProcessCommand@CPluginBase@@QAE_NKHPAXPAPAUCESERVER_REQ@@_N@Z 1000c5b3 f   ConEmuPluginBase.obj
 0001:0000b9cb       ?ProcessCommandLine@CPluginBase@@QAE_NPA_W@Z 1000c9cb f   ConEmuPluginBase.obj
 0001:0000ba04       ?ProcessDragFrom@CPluginBase@@QAEXXZ 1000ca04 f   ConEmuPluginBase.obj
 0001:0000bf60       ?ProcessDragTo@CPluginBase@@QAEXXZ 1000cf60 f   ConEmuPluginBase.obj
 0001:0000c27e       ?ProcessEditorInputInternal@CPluginBase@@QAEXABU_INPUT_RECORD@@@Z 1000d27e f   ConEmuPluginBase.obj
 0001:0000c2b0       ?ProcessEditorViewerEvent@CPluginBase@@QAEHHH@Z 1000d2b0 f   ConEmuPluginBase.obj
 0001:0000c34d       ?ProcessSetWindowCommand@CPluginBase@@QAEXXZ 1000d34d f   ConEmuPluginBase.obj
 0001:0000c414       ?ProcessSynchroEvent@CPluginBase@@QAEHHPAX@Z 1000d414 f   ConEmuPluginBase.obj
 0001:0000c486       ?ReloadFarInfo@CPluginBase@@QAE_N_N@Z 1000d486 f   ConEmuPluginBase.obj
 0001:0000c69f       ?ReloadFarInfoApi@CPluginBase@@IAE_NXZ 1000d69f f   ConEmuPluginBase.obj
 0001:0000c82c       ?Restore@MWow64Disable@@QAEXXZ 1000d82c f i ConEmuPluginBase.obj
 0001:0000c843       ?RunExternalProgram@CPluginBase@@QAE_NPA_W@Z 1000d843 f   ConEmuPluginBase.obj
 0001:0000c95d       ?RunExternalProgramW@CPluginBase@@SA_NPA_W0_N@Z 1000d95d f   ConEmuPluginBase.obj
 0001:0000cb30       ?SendTabs@CPluginBase@@SAXH_N@Z 1000db30 f   ConEmuPluginBase.obj
 0001:0000ccbb       ?SetRootRegKey@CPluginBase@@IAEXPA_W@Z 1000dcbb f   ConEmuPluginBase.obj
 0001:0000cd3e       ?ShowConsoleInfo@CPluginBase@@QAEXXZ 1000dd3e f   ConEmuPluginBase.obj
 0001:0000ceaf       ?ShowMessage@CPluginBase@@QAEHHH@Z 1000deaf f   ConEmuPluginBase.obj
 0001:0000cf13       ?ShowMessageBox@CPluginBase@@KAHPB_WI@Z 1000df13 f   ConEmuPluginBase.obj
 0001:0000cfa7       ?ShowMessageGui@CPluginBase@@QAEHHH@Z 1000dfa7 f   ConEmuPluginBase.obj
 0001:0000d00f       ?ShowPanelsList@CPluginBase@@QAEXXZ 1000e00f f   ConEmuPluginBase.obj
 0001:0000d10f       ?ShowPluginMenu@CPluginBase@@QAEXW4PluginCallCommands@@@Z 1000e10f f   ConEmuPluginBase.obj
 0001:0000d2c4       ?ShowProtocolWarning@CPluginBase@@KAXXZ 1000e2c4 f   ConEmuPluginBase.obj
 0001:0000d404       ?ShowTabsList@CPluginBase@@QAEXXZ 1000e404 f   ConEmuPluginBase.obj
 0001:0000d629       ?StartDebugger@CPluginBase@@QAE_NXZ 1000e629 f   ConEmuPluginBase.obj
 0001:0000d897       ?StopThread@CPluginBase@@QAEX_N@Z 1000e897 f   ConEmuPluginBase.obj
 0001:0000da5a       ?StorePanelDirs@CPluginBase@@QAE_NPB_W0@Z 1000ea5a f   ConEmuPluginBase.obj
 0001:0000db76       ?StringCchCatW@@YGJPA_WIPB_W@Z 1000eb76 f i ConEmuPluginBase.obj
 0001:0000dc96       ?SwitchTabCommand@CPluginBase@@QAEXW4PluginMenuCommands@@@Z 1000ec96 f   ConEmuPluginBase.obj
 0001:0000dd0e       ?ToOem@CPluginBase@@SAPADPB_W@Z 1000ed0e f   ConEmuPluginBase.obj
 0001:0000dd4c       ?ToOem@CPluginBase@@SAXPB_WPADH@Z 1000ed4c f   ConEmuPluginBase.obj
 0001:0000dd73       ?ToUnicode@CPluginBase@@SAPA_WPBD@Z 1000ed73 f   ConEmuPluginBase.obj
 0001:0000ddca       ?TouchReadPeekConsoleInputs@CPluginBase@@SAXH@Z 1000edca f   ConEmuPluginBase.obj
 0001:0000de02       ?UngetDummyMouseEvent@CPluginBase@@SA_N_NPAUHookCallbackArg@@@Z 1000ee02 f   ConEmuPluginBase.obj
 0001:0000df7b       ?UpdateConEmuTabs@CPluginBase@@QAE_N_N@Z 1000ef7b f   ConEmuPluginBase.obj
 0001:0000e173       ?UpdatePanelDirs@CPluginBase@@QAEXXZ 1000f173 f   ConEmuPluginBase.obj
 0001:0000e2db       ?WaitPluginActivation@CPluginBase@@SAKKPAPAXHK@Z 1000f2db f   ConEmuPluginBase.obj
 0001:0000e3c2       ?cmd_CloseQSearch@CPluginBase@@QAEXXZ 1000f3c2 f   ConEmuPluginBase.obj
 0001:0000e3ec       ?cmd_ConSetFont@CPluginBase@@QAEXPAX@Z 1000f3ec f   ConEmuPluginBase.obj
 0001:0000e41e       ?cmd_EMenu@CPluginBase@@QAEXPAX@Z 1000f41e f   ConEmuPluginBase.obj
 0001:0000e4b9       ?cmd_ExternalCallback@CPluginBase@@QAE_NPAX@Z 1000f4b9 f   ConEmuPluginBase.obj
 0001:0000e4fc       ?cmd_GuiChanged@CPluginBase@@QAEXPAX@Z 1000f4fc f   ConEmuPluginBase.obj
 0001:0000e573       ?cmd_LeftClickSync@CPluginBase@@QAEXPAX@Z 1000f573 f   ConEmuPluginBase.obj
 0001:0000e640       ?cmd_OpenEditorLine@CPluginBase@@QAE_NPAUCESERVER_REQ_FAREDITOR@@@Z 1000f640 f   ConEmuPluginBase.obj
 0001:0000e6d3       ?cmd_RedrawFarCall@CPluginBase@@QAE_NAAPAUCESERVER_REQ@@PAPAU2@@Z 1000f6d3 f   ConEmuPluginBase.obj
 0001:0000e767       ?cmd_SetWindow@CPluginBase@@QAE_NPAX_N@Z 1000f767 f   ConEmuPluginBase.obj
 0001:0000e7d7       ?isEditorViewer@CPluginBase@@QAE_NXZ 1000f7d7 f   ConEmuPluginBase.obj
 0001:0000e7f5       ?isMacroActive@CPluginBase@@QAE_NAAH@Z 1000f7f5 f   ConEmuPluginBase.obj
 0001:0000e82d       ?isModalEditorViewer@CPluginBase@@QAE_NXZ 1000f82d f   ConEmuPluginBase.obj
 0001:0000e854       ?pcc_Disabled@CPluginBase@@SA_NW4PluginMenuCommands@@@Z 1000f854 f   ConEmuPluginBase.obj
 0001:0000e8c1       ?pcc_Selected@CPluginBase@@SA_NW4PluginMenuCommands@@@Z 1000f8c1 f   ConEmuPluginBase.obj
 0001:0000e914       _wmemcmp                   1000f914 f i ConEmuPluginBase.obj
 0001:0000e94a       ??0CPluginBackground@@QAE@XZ 1000f94a f   PluginBackground.obj
 0001:0000eabb       ??1CPluginBackground@@QAE@XZ 1000fabb f   PluginBackground.obj
 0001:0000ec26       ?CheckPanelFolders@CPluginBackground@@IAEXH@Z 1000fc26 f   PluginBackground.obj
 0001:0000ecd3       ?InternalOpenCreate@?$MFileMapping@UPanelViewSetMapping@@@@IAEPAUPanelViewSetMapping@@HHH@Z 1000fcd3 f i PluginBackground.obj
 0001:0000eded       ?IsParmChanged@CPluginBackground@@IAE_NPAUPaintBackgroundArg@@0@Z 1000fded f   PluginBackground.obj
 0001:0000f00e       ?LoadThSet@CPluginBackground@@IAEHH@Z 1001000e f   PluginBackground.obj
 0001:0000f187       ?MonitorBackground@CPluginBackground@@QAEXXZ 10010187 f   PluginBackground.obj
 0001:0000f1df       ?OnMainThreadActivated@CPluginBackground@@QAEXHH@Z 100101df f   PluginBackground.obj
 0001:0000f299       ?ReallocItems@CPluginBackground@@IAEXH@Z 10010299 f   PluginBackground.obj
 0001:0000f2e3       ?RegisterSubplugin@CPluginBackground@@QAEHPAURegisterBackgroundArg@@@Z 100102e3 f   PluginBackground.obj
 0001:0000f4f1       ?SetDcPanelRect@CPluginBackground@@IAEXPAUtagRECT@@PAUBkPanelInfo@@PAUPaintBackgroundArg@@@Z 100104f1 f   PluginBackground.obj
 0001:0000f5cc       ?SetForceThLoad@CPluginBackground@@QAEXXZ 100105cc f   PluginBackground.obj
 0001:0000f5df       ?SetForceUpdate@CPluginBackground@@QAEX_N@Z 100105df f   PluginBackground.obj
 0001:0000f601       ?UpdateBackground@CPluginBackground@@IAEXXZ 10010601 f   PluginBackground.obj
 0001:0000fd5c       ?UpdateBackground_Exec@CPluginBackground@@KAXPAURegisterBackgroundArg@@PAUPaintBackgroundArg@@@Z 10010d5c f   PluginBackground.obj
 0001:0000fd86       ??$swprintf_c@$09@@YAHAAY09_WPB_WZZ 10010d86 f i PluginSrv.obj
 0001:0000fd9c       ??$wcscpy_c@$0BAE@@@YAHAAY0BAE@_WPB_W@Z 10010d9c f i PluginSrv.obj
 0001:0000fdb1       ?AllocRequestBuf@PipeInst@?$PipeServer@UCESERVER_REQ@@@@QAEPAUCESERVER_REQ@@K@Z 10010db1 f i PluginSrv.obj
 0001:0000fded       ?DumpError@?$PipeServer@UCESERVER_REQ@@@@IAEXPAUPipeInst@1@PB_WH@Z 10010ded f i PluginSrv.obj
 0001:0000fec0       ?PipeServerRead@?$PipeServer@UCESERVER_REQ@@@@IAEHPAUPipeInst@1@@Z 10010ec0 f i PluginSrv.obj
 0001:00010123       ?PipeServerThread@?$PipeServer@UCESERVER_REQ@@@@IAEKPAUPipeInst@1@@Z 10011123 f i PluginSrv.obj
 0001:00010350       ?PipeServerWrite@?$PipeServer@UCESERVER_REQ@@@@IAEHPAUPipeInst@1@PBXKPAKH@Z 10011350 f i PluginSrv.obj
 0001:0001042c       ?PlugServerCommand@@YGHPAXPAUCESERVER_REQ@@AAPAU1@AAK3J@Z 1001142c f   PluginSrv.obj
 0001:000108b7       ?PlugServerFree@@YGXPAUCESERVER_REQ@@J@Z 100118b7 f   PluginSrv.obj
 0001:000108c8       ?PlugServerStart@@YA_NXZ   100118c8 f   PluginSrv.obj
 0001:00010977       ?PlugServerStop@@YAX_N@Z   10011977 f   PluginSrv.obj
 0001:000109b0       ?SetMaxCount@?$PipeServer@UCESERVER_REQ@@@@QAEXH@Z 100119b0 f i PluginSrv.obj
 0001:000109d7       ?StartPipeInstance@?$PipeServer@UCESERVER_REQ@@@@IAE_NPAUPipeInst@1@@Z 100119d7 f i PluginSrv.obj
 0001:00010b06       ?StartPipeServer@?$PipeServer@UCESERVER_REQ@@@@QAE_N_NPB_WJPAU_SECURITY_ATTRIBUTES@@P6GHPAXPAUCESERVER_REQ@@AAPAU3@AAK6J@ZP6GX4J@ZP6GH3J@Z99@Z 10011b06 f i PluginSrv.obj
 0001:00010c38       ?StopPipeServer@?$PipeServer@UCESERVER_REQ@@@@QAEX_NAA_N@Z 10011c38 f i PluginSrv.obj
 0001:00010f11       ?TerminatePipeThread@?$PipeServer@UCESERVER_REQ@@@@KAXAAPAXABUPipeInst@1@AA_N@Z 10011f11 f i PluginSrv.obj
 0001:00010f67       ?WaitForClient@?$PipeServer@UCESERVER_REQ@@@@IAE_NPAUPipeInst@1@AAH1@Z 10011f67 f i PluginSrv.obj
 0001:000111f9       ?WaitOverlapped@?$PipeServer@UCESERVER_REQ@@@@IAEHPAUPipeInst@1@PAK@Z 100121f9 f i PluginSrv.obj
 0001:00011348       ?WriteDummyAnswer@?$PipeServer@UCESERVER_REQ@@@@IAEHPAUPipeInst@1@@Z 10012348 f i PluginSrv.obj
 0001:000113a0       ?_Disconnect@?$PipeServer@UCESERVER_REQ@@@@IAEXPAUPipeInst@1@_N11@Z 100123a0 f i PluginSrv.obj
 0001:000113f4       ?_PipeServerThread@?$PipeServer@UCESERVER_REQ@@@@KGKPAX@Z 100123f4 f i PluginSrv.obj
 0001:0001143b       ?cmd_FarSetChanged@@YAXPAUFAR_REQ_FARSETCHANGED@@@Z 1001243b f   PluginSrv.obj
 0001:00011489       _GetFileVersionInfoSizeW@8 10012489 f   version:VERSION.dll
 0001:0001148f       _GetFileVersionInfoW@16    1001248f f   version:VERSION.dll
 0001:00011495       _VerQueryValueW@16         10012495 f   version:VERSION.dll
 0001:0001149b       _CreateToolhelp32Snapshot@8 1001249b f   kernel32:KERNEL32.dll
 0001:000114a1       _Thread32First@8           100124a1 f   kernel32:KERNEL32.dll
 0001:000114a7       _Thread32Next@8            100124a7 f   kernel32:KERNEL32.dll
 0001:000114ad       _Module32FirstW@8          100124ad f   kernel32:KERNEL32.dll
 0001:000114b3       _Module32NextW@8           100124b3 f   kernel32:KERNEL32.dll
 0001:000114b9       ??2@YAPAXI@Z               100124b9 f   common-kernel32:Memory.obj
 0001:000114da       ??3@YAXPAX@Z               100124da f   common-kernel32:Memory.obj
 0001:000114da       ??_V@YAXPAX@Z              100124da f   common-kernel32:Memory.obj
 0001:000114df       ??_U@YAPAXI@Z              100124df f   common-kernel32:Memory.obj
 0001:000114e8       ?HeapDeinitialize@@YAXXZ   100124e8 f   common-kernel32:Memory.obj
 0001:0001153e       ?HeapInitialize@@YA_NXZ    1001253e f   common-kernel32:Memory.obj
 0001:0001156c       ?xf_calloc@@YAPAXII@Z      1001256c f   common-kernel32:Memory.obj
 0001:00011597       ?xf_free@@YAXPAX@Z         10012597 f   common-kernel32:Memory.obj
 0001:000115d7       ?xf_malloc@@YAPAXI@Z       100125d7 f   common-kernel32:Memory.obj
 0001:000115fd       ?xf_realloc@@YAPAXPAXI@Z   100125fd f   common-kernel32:Memory.obj
 0001:00011624       ?ExecuteCmd@@YAPAUCESERVER_REQ@@PB_WPAU1@KPAUHWND__@@HKH@Z 10012624 f   common-kernel32:ConEmuCheck.obj
 0001:000117f9       ?ExecuteFreeResult@@YAXAAPAUCESERVER_REQ@@@Z 100127f9 f   common-kernel32:ConEmuCheck.obj
 0001:00011811       ?ExecuteGuiCmd@@YAPAUCESERVER_REQ@@PAUHWND__@@PAU1@0H@Z 10012811 f   common-kernel32:ConEmuCheck.obj
 0001:00011892       ?ExecuteNewCmd@@YAPAUCESERVER_REQ@@KI@Z 10012892 f   common-kernel32:ConEmuCheck.obj
 0001:000118d0       ?ExecuteNewCmd@@YA_NAAPAUCESERVER_REQ@@AAKKI@Z 100128d0 f   common-kernel32:ConEmuCheck.obj
 0001:0001192e       ?ExecuteOpenPipe@@YAPAXPB_WAAY0CAI@_W0KKHPAXH@Z 1001292e f   common-kernel32:ConEmuCheck.obj
 0001:00011a68       ?ExecutePrepareCmd@@YAXPAUCESERVER_REQ@@KI@Z 10012a68 f   common-kernel32:ConEmuCheck.obj
 0001:00011a9f       ?ExecutePrepareCmd@@YAXPAUCESERVER_REQ_HDR@@KI@Z 10012a9f f   common-kernel32:ConEmuCheck.obj
 0001:00011b07       ?ExecuteSrvCmd@@YAPAUCESERVER_REQ@@KPAU1@PAUHWND__@@HKH@Z 10012b07 f   common-kernel32:ConEmuCheck.obj
 0001:00011b9e       ?GetConEmuHWND@@YAPAUHWND__@@H@Z 10012b9e f   common-kernel32:ConEmuCheck.obj
 0001:00011ca7       ?GuiMessageBox@@YAHPAUHWND__@@PB_W1H@Z 10012ca7 f   common-kernel32:ConEmuCheck.obj
 0001:00011dc4       ?InternalOpenCreate@?$MFileMapping@UConEmuGuiMapping@@@@IAEPAUConEmuGuiMapping@@HHH@Z 10012dc4 f i common-kernel32:ConEmuCheck.obj
 0001:00011ede       ?LoadSrvMapping@@YAHPAUHWND__@@AAUCESERVER_CONSOLE_MAPPING_HDR@@@Z 10012ede f   common-kernel32:ConEmuCheck.obj
 0001:00011f94       ?ModuleName@@YAPB_WPB_W@Z  10012f94 f   common-kernel32:ConEmuCheck.obj
 0001:0001202a       ?StringCchCopyNW@@YGJPA_WIPB_WI@Z 1001302a f i common-kernel32:ConEmuCheck.obj
 0001:00012076       ?isConsoleClass@@YA_NPB_W@Z 10013076 f   common-kernel32:ConEmuCheck.obj
 0001:000120b0       ?isConsoleWindow@@YA_NPAUHWND__@@@Z 100130b0 f   common-kernel32:ConEmuCheck.obj
 0001:00012177       ?myGetConsoleWindow@@YAPAUHWND__@@XZ 10013177 f   common-kernel32:ConEmuCheck.obj
 0001:000121e9       ?StringCchVPrintfA@@YGJPADIPBD0@Z 100131e9 f i common-kernel32:MStrSafe.obj
 0001:0001223e       ?lstrcmpni@@YAHPB_W0H@Z    1001323e f   common-kernel32:MStrSafe.obj
 0001:00012336       ?msprintf@@YAPB_WPA_WIPB_WZZ 10013336 f   common-kernel32:MStrSafe.obj
 0001:0001274d       ?sprintf_c@@YAHPADHPBDZZ   1001374d f   common-kernel32:MStrSafe.obj
 0001:00012770       ?swprintf_c@@YAHPA_WHPB_WZZ 10013770 f   common-kernel32:MStrSafe.obj
 0001:00012793       __vsnprintf_l              10013793 f i common-kernel32:MStrSafe.obj
 0001:000127c5       ?IsFilePath@@YA_NPB_W_N@Z  100137c5 f   common-kernel32:CmdLine.obj
 0001:000128f1       ?PointToExt@@YAPB_WPB_W@Z  100138f1 f   common-kernel32:CmdLine.obj
 0001:0001290f       ?PointToName@@YAPB_WPB_W@Z 1001390f f   common-kernel32:CmdLine.obj
 0001:00012951       ?Unquote@@YAPB_WPA_W_N@Z   10013951 f   common-kernel32:CmdLine.obj
 0001:0001299c       ??$sprintf_c@$0CI@@@YAHAAY0CI@DPBDZZ 1001399c f i common-kernel32:WThreads.obj
 0001:000129b2       ?SetThreadName@@YAXKPAD@Z  100139b2 f   common-kernel32:WThreads.obj
 0001:00012a0b       ?apiCreateThread@@YAPAXP6GKPAX@Z0PAKPBDH@Z 10013a0b f   common-kernel32:WThreads.obj
 0001:00012b03       ?apiTerminateThreadEx@@YAHPAXKPBDH@Z 10013b03 f   common-kernel32:WThreads.obj
 0001:00012bd7       ?apiThreadHelper@@YGKPAX@Z 10013bd7 f   common-kernel32:WThreads.obj
 0001:00012d63       ?lstrdup@@YAPA_WPB_WI@Z    10013d63 f   common-kernel32:MStrDup.obj
 0001:00012daf       ?lstrmerge@@YAPA_WPB_W00000000@Z 10013daf f   common-kernel32:MStrDup.obj
 0001:00012ea9       ?lstrmerge@@YA_NPAPA_WPB_W1111111@Z 10013ea9 f   common-kernel32:MStrDup.obj
 0001:00012ef2       ??0CEnvStrings@@QAE@PA_W@Z 10013ef2 f   common-kernel32:EnvVar.obj
 0001:00012f3b       ??1CEnvStrings@@QAE@XZ     10013f3b f   common-kernel32:EnvVar.obj
 0001:00012f50       ?Clear@CEnvRestorer@@QAEXXZ 10013f50 f   common-kernel32:EnvVar.obj
 0001:00012f67       ?ExpandEnvStr@@YAPA_WPB_W@Z 10013f67 f   common-kernel32:EnvVar.obj
 0001:00012fdf       ?GetEnvVar@@YAPA_WPB_W@Z   10013fdf f   common-kernel32:EnvVar.obj
 0001:00013052       ?SavePathVar@CEnvRestorer@@QAEXPB_W@Z 10014052 f   common-kernel32:EnvVar.obj
 0001:0001307e       ?CommonShutdown@@YAXXZ     1001407e f   common-kernel32:Common.obj
 0001:0001308d       ?GetCommand@CESERVER_REQ_NEWCMD@@QAEPA_WXZ 1001408d f   common-kernel32:Common.obj
 0001:000130a6       ?GetEnvStrings@CESERVER_REQ_NEWCMD@@QAEPA_WXZ 100140a6 f   common-kernel32:Common.obj
 0001:000130c3       ?IsEnvBlockVariableValid@@YA_NPB_W@Z 100140c3 f   common-kernel32:Common.obj
 0001:000130ef       ?IsEnvBlockVariableValid@@YA_NPB_WAAPB_W@Z 100140ef f   common-kernel32:Common.obj
 0001:00013125       ?SetCommand@CESERVER_REQ_NEWCMD@@QAEXPB_W@Z 10014125 f   common-kernel32:Common.obj
 0001:00013171       ?SetEnvStrings@CESERVER_REQ_NEWCMD@@QAEXPB_WK@Z 10014171 f   common-kernel32:Common.obj
 0001:0001323d       ??0MNullDesc@@QAE@XZ       1001423d f i common-kernel32:MSecurity.obj
 0001:0001325f       ??1MNullDesc@@QAE@XZ       1001425f f i common-kernel32:MSecurity.obj
 0001:00013297       ?LoadAdvApi@MNullDesc@@IAEHXZ 10014297 f i common-kernel32:MSecurity.obj
 0001:000133e4       ?LocalSecurity@@YAPAU_SECURITY_ATTRIBUTES@@XZ 100143e4 f   common-kernel32:MSecurity.obj
 0001:00013410       ?LocalSecurity@MNullDesc@@QAEPAU_SECURITY_ATTRIBUTES@@XZ 10014410 f i common-kernel32:MSecurity.obj
 0001:0001352d       ?ShutdownSecurity@@YAXXZ   1001452d f   common-kernel32:MSecurity.obj
 0001:00013552       ?UnloadAdvApi@MNullDesc@@IAEXXZ 10014552 f i common-kernel32:MSecurity.obj
 0001:0001356a       ??0CEStr@@QAE@$$QAPA_W@Z   1001456a f   common-kernel32:CEStr.obj
 0001:00013586       ??0CEStr@@QAE@PB_W00000000@Z 10014586 f   common-kernel32:CEStr.obj
 0001:000135cb       ??0CEStr@@QAE@XZ           100145cb f   common-kernel32:CEStr.obj
 0001:000135d5       ??0bad_alloc@stdext@@QAE@ABV01@@Z 100145d5 f i common-kernel32:CEStr.obj
 0001:000135f3       ??0bad_alloc@stdext@@QAE@XZ 100145f3 f i common-kernel32:CEStr.obj
 0001:00013603       ??0exception@stdext@@QAE@ABV01@@Z 10014603 f i common-kernel32:CEStr.obj
 0001:0001361b       ??1CEStr@@QAE@XZ           1001461b f   common-kernel32:CEStr.obj
 0001:00013630       ??1bad_alloc@stdext@@UAE@XZ 10014630 f i common-kernel32:CEStr.obj
 0001:00013637       ??4CEStr@@QAEAAU0@PB_W@Z   10014637 f   common-kernel32:CEStr.obj
 0001:0001364e       ??BCEStr@@QBEPB_WXZ        1001464e f   common-kernel32:CEStr.obj
 0001:00013651       ??_Ebad_alloc@stdext@@UAEPAXI@Z 10014651 f i common-kernel32:CEStr.obj
 0001:00013651       ??_Gbad_alloc@stdext@@UAEPAXI@Z 10014651 f i common-kernel32:CEStr.obj
 0001:00013651       ??_Eexception@stdext@@UAEPAXI@Z 10014651 f i common-kernel32:CEStr.obj
 0001:00013651       ??_Gexception@stdext@@UAEPAXI@Z 10014651 f i common-kernel32:CEStr.obj
 0001:00013674       ?AttachInt@CEStr@@AAEPB_WAAPA_W@Z 10014674 f   common-kernel32:CEStr.obj
 0001:000136dd       ?Clear@CEStr@@QAEXXZ       100146dd f   common-kernel32:CEStr.obj
 0001:000136ee       ?Detach@CEStr@@QAEPA_WXZ   100146ee f   common-kernel32:CEStr.obj
 0001:00013703       ?GetBuffer@CEStr@@QAEPA_WH@Z 10014703 f   common-kernel32:CEStr.obj
 0001:00013779       ?GetLen@CEStr@@QBEHXZ      10014779 f   common-kernel32:CEStr.obj
 0001:000137a3       ?GetMaxCount@CEStr@@QAEHXZ 100147a3 f   common-kernel32:CEStr.obj
 0001:000137bf       ?Set@CEStr@@QAEPB_WPB_WH@Z 100147bf f   common-kernel32:CEStr.obj
 0001:00013881       ?_Doraise@bad_alloc@stdext@@MBEXXZ 10014881 f i common-kernel32:CEStr.obj
 0001:0001388e       ?what@exception@stdext@@UBEPBDXZ 1001488e f i common-kernel32:CEStr.obj
 0001:0001389c       ??$GetProcAddress@$$A6GHPAU_OSVERSIONINFOEXW@@K_K@Z@MModule@@QBE_NPBDAAP6GHPAU_OSVERSIONINFOEXW@@K_K@Z@Z 1001489c f i common-kernel32:WObjects.obj
 0001:000138c3       ?FileExists@@YA_NPB_WPAK@Z 100148c3 f   common-kernel32:WObjects.obj
 0001:000139eb       ?IsWin6@@YA_NXZ            100149eb f   common-kernel32:WObjects.obj
 0001:00013a19       ?IsWinVerOrHigher@@YA_NG@Z 10014a19 f   common-kernel32:WObjects.obj
 0001:00013aa2       ?IsWindows64@@YA_NXZ       10014aa2 f   common-kernel32:WObjects.obj
 0001:00013b12       ?_VerifyVersionInfo@@YA_NPAU_OSVERSIONINFOEXW@@K_K@Z 10014b12 f   common-kernel32:WObjects.obj
 0001:00013b8b       ?Init@HkFunc@@QAE_NPB_WPAUHINSTANCE__@@@Z 10014b8b f   common-kernel32:HkFunc.obj
 0001:00013be9       ?isConEmuHk@HkFunc@@QAE_NXZ 10014be9 f   common-kernel32:HkFunc.obj
 0001:00013bf0       ??$_Emplace_reallocate@ABUtagPROCESSENTRY32W@@@?$vector@UtagPROCESSENTRY32W@@V?$MArrayAllocator@UtagPROCESSENTRY32W@@@@@std@@QAEPAUtagPROCESSENTRY32W@@QAU2@ABU2@@Z 10014bf0 f i common-kernel32:MProcess.obj
 0001:00013cb3       ??$emplace_back@ABUtagPROCESSENTRY32W@@@?$vector@UtagPROCESSENTRY32W@@V?$MArrayAllocator@UtagPROCESSENTRY32W@@@@@std@@QAEXABUtagPROCESSENTRY32W@@@Z 10014cb3 f i common-kernel32:MProcess.obj
 0001:00013ce6       ??0?$MToolHelp@UtagPROCESSENTRY32W@@$1?Process32FirstW@@YGHPAXPAU1@@Z$1?Process32NextW@@YGH01@Z@@QAE@KK@Z 10014ce6 f i common-kernel32:MProcess.obj
 0001:00013d45       ??1?$MToolHelp@UtagPROCESSENTRY32W@@$1?Process32FirstW@@YGHPAXPAU1@@Z$1?Process32NextW@@YGH01@Z@@UAE@XZ 10014d45 f i common-kernel32:MProcess.obj
 0001:00013d61       ??_GMToolHelpProcess@@UAEPAXI@Z 10014d61 f i common-kernel32:MProcess.obj
 0001:00013d61       ??_E?$MToolHelp@UtagPROCESSENTRY32W@@$1?Process32FirstW@@YGHPAXPAU1@@Z$1?Process32NextW@@YGH01@Z@@UAEPAXI@Z 10014d61 f i common-kernel32:MProcess.obj
 0001:00013d61       ??_EMToolHelpProcess@@UAEPAXI@Z 10014d61 f i common-kernel32:MProcess.obj
 0001:00013d61       ??_G?$MToolHelp@UtagPROCESSENTRY32W@@$1?Process32FirstW@@YGHPAXPAU1@@Z$1?Process32NextW@@YGH01@Z@@UAEPAXI@Z 10014d61 f i common-kernel32:MProcess.obj
 0001:00013d86       ?Close@?$MToolHelp@UtagPROCESSENTRY32W@@$1?Process32FirstW@@YGHPAXPAU1@@Z$1?Process32NextW@@YGH01@Z@@QAEX_N@Z 10014d86 f i common-kernel32:MProcess.obj
 0001:00013df5       ?Filter@?$MToolHelp@UtagPROCESSENTRY32W@@$1?Process32FirstW@@YGHPAXPAU1@@Z$1?Process32NextW@@YGH01@Z@@MAE_NPAUtagPROCESSENTRY32W@@@Z 10014df5 f i common-kernel32:MProcess.obj
 0001:00013dfa       ?Find@?$MToolHelp@UtagPROCESSENTRY32W@@$1?Process32FirstW@@YGHPAXPAU1@@Z$1?Process32NextW@@YGH01@Z@@QAE_NP6A_NPAUtagPROCESSENTRY32W@@J@ZJ0@Z 10014dfa f i common-kernel32:MProcess.obj
 0001:00013e8f       ?Next@?$MToolHelp@UtagPROCESSENTRY32W@@$1?Process32FirstW@@YGHPAXPAU1@@Z$1?Process32NextW@@YGH01@Z@@QAE_NPAUtagPROCESSENTRY32W@@@Z 10014e8f f i common-kernel32:MProcess.obj
 0001:00013ee6       ?Open@?$MToolHelp@UtagPROCESSENTRY32W@@$1?Process32FirstW@@YGHPAXPAU1@@Z$1?Process32NextW@@YGH01@Z@@QAE_NXZ 10014ee6 f i common-kernel32:MProcess.obj
 0001:00013f17       ?_Calculate_growth@?$vector@UtagPROCESSENTRY32W@@V?$MArrayAllocator@UtagPROCESSENTRY32W@@@@@std@@ABEII@Z 10014f17 f i common-kernel32:MProcess.obj
 0001:00013f44       ?_Change_array@?$vector@UtagPROCESSENTRY32W@@V?$MArrayAllocator@UtagPROCESSENTRY32W@@@@@std@@AAEXQAUtagPROCESSENTRY32W@@II@Z 10014f44 f i common-kernel32:MProcess.obj
 0001:00013f79       ?_Tidy@?$vector@UtagPROCESSENTRY32W@@V?$MArrayAllocator@UtagPROCESSENTRY32W@@@@@std@@AAEXXZ 10014f79 f i common-kernel32:MProcess.obj
 0001:00013f95       ?allocate@?$MArrayAllocator@UtagPROCESSENTRY32W@@@@QAEPAUtagPROCESSENTRY32W@@I@Z 10014f95 f i common-kernel32:MProcess.obj
 0001:00013fc7       ?compare@cmp@?1??Find@MToolHelpProcess@@QAE_NKPAUtagPROCESSENTRY32W@@@Z@SA_N0J@Z 10014fc7 f i common-kernel32:MProcess.obj
 0001:00013fd8       ?getNext@?$MToolHelp@UtagPROCESSENTRY32W@@$1?Process32FirstW@@YGHPAXPAU1@@Z$1?Process32NextW@@YGH01@Z@@IAE_NXZ 10014fd8 f i common-kernel32:MProcess.obj
 0001:00014059       ?isTerminalMode@@YA_NXZ    10015059 f   common-kernel32:MProcess.obj
 0001:0001415f       ?push_back@?$MArray@UtagPROCESSENTRY32W@@@@QAEHABUtagPROCESSENTRY32W@@@Z 1001515f f i common-kernel32:MProcess.obj
 0001:00014181       ?swap@?$vector@UtagPROCESSENTRY32W@@V?$MArrayAllocator@UtagPROCESSENTRY32W@@@@@std@@QAEXAAV12@@Z 10015181 f i common-kernel32:MProcess.obj
 0001:000141b5       ??0MSection@@QAE@XZ        100151b5 f   common-kernel32:MSection.obj
 0001:00014214       ??0MSectionLock@@QAE@XZ    10015214 f   common-kernel32:MSection.obj
 0001:00014221       ??0MSectionThread@@QAE@PAVMSection@@@Z 10015221 f   common-kernel32:MSection.obj
 0001:0001423c       ??1MSection@@QAE@XZ        1001523c f   common-kernel32:MSection.obj
 0001:00014296       ??1MSectionLock@@QAE@XZ    10015296 f   common-kernel32:MSection.obj
 0001:000142af       ??1MSectionThread@@QAE@XZ  100152af f   common-kernel32:MSection.obj
 0001:000142c5       ?AddRef@MSection@@IAEXK@Z  100152c5 f   common-kernel32:MSection.obj
 0001:0001432e       ?Lock@MSection@@IAEHHK@Z   1001532e f   common-kernel32:MSection.obj
 0001:000143f4       ?Lock@MSectionLock@@QAEHPAVMSection@@HK@Z 100153f4 f   common-kernel32:MSection.obj
 0001:0001443f       ?MyEnterCriticalSection@MSection@@IAE_NK@Z 1001543f f   common-kernel32:MSection.obj
 0001:00014527       ?ReleaseRef@MSection@@IAEHK@Z 10015527 f   common-kernel32:MSection.obj
 0001:00014594       ?ThreadTerminated@MSection@@QAEXK@Z 10015594 f   common-kernel32:MSection.obj
 0001:000145ba       ?Unlock@MSection@@IAEXH@Z  100155ba f   common-kernel32:MSection.obj
 0001:000145f8       ?Unlock@MSectionLock@@QAEXXZ 100155f8 f   common-kernel32:MSection.obj
 0001:00014615       ?WaitUnlocked@MSection@@IAEXKK@Z 10015615 f   common-kernel32:MSection.obj
 0001:00014670       ?CheckCallbackPtr@@YA_NPAUHINSTANCE__@@IPAP6GHXZHHH@Z 10015670 f   common-kernel32:WModuleCheck.obj
 0001:0001473d       ?IsModuleValid@@YA_NPAUHINSTANCE__@@H@Z 1001573d f   common-kernel32:WModuleCheck.obj
 0001:00014815       ??0MModule@@QAE@PAUHINSTANCE__@@@Z 10015815 f   common-kernel32:MModule.obj
 0001:00014827       ??1MModule@@QAE@XZ         10015827 f   common-kernel32:MModule.obj
 0001:0001482c       ?Free@MModule@@QAEXXZ      1001582c f   common-kernel32:MModule.obj
 0001:0001484e       ??0MSectionSimple@@QAE@_N@Z 1001584e f   common-kernel32:MSectionSimple.obj
 0001:0001487b       ??1MSectionSimple@@QAE@XZ  1001587b f   common-kernel32:MSectionSimple.obj
 0001:00014880       ?Close@MSectionSimple@@QAEXXZ 10015880 f   common-kernel32:MSectionSimple.obj
 0001:00014896       ?Enter@MSectionSimple@@QAEXXZ 10015896 f   common-kernel32:MSectionSimple.obj
 0001:0001489e       ?Init@MSectionSimple@@QAEXXZ 1001589e f   common-kernel32:MSectionSimple.obj
 0001:000148b4       ?Leave@MSectionSimple@@QAEXXZ 100158b4 f   common-kernel32:MSectionSimple.obj
 0001:000148bc       ?RecreateAndLock@MSectionSimple@@QAE_NXZ 100158bc f   common-kernel32:MSectionSimple.obj
 0001:00014903       ?TryEnter@MSectionSimple@@QAE_NXZ 10015903 f   common-kernel32:MSectionSimple.obj
 0001:00014922       ?SetConEmuEnvHWND@@YAXPB_WPAUHWND__@@@Z 10015922 f   common-user32:SetEnvVar.obj
 0001:0001496d       ?SetConEmuEnvVar@@YAXPAUHWND__@@@Z 1001596d f   common-user32:SetEnvVar.obj
 0001:000149d7       ?SetConEmuEnvVarChild@@YAXPAUHWND__@@0@Z 100159d7 f   common-user32:SetEnvVar.obj
 0001:000149f9       ??$wcscpy_add@$0BAF@@@YAHPA_WAAY0BAF@_WPB_W@Z 100159f9 f i common-user32:ConEmuCheckEx.obj
 0001:00014a26       ??$wcscpy_c@$0BAF@@@YAHAAY0BAF@_WPB_W@Z 10015a26 f i common-user32:ConEmuCheckEx.obj
 0001:00014a3b       ?FindConEmuBaseDir@@YAHAAY0BAF@_W0PAUHINSTANCE__@@@Z 10015a3b f   common-user32:ConEmuCheckEx.obj
 0001:00014ee1       ?IsConEmuExeExist@@YAHPB_WAAY0BAF@_W@Z 10015ee1 f   common-user32:ConEmuCheckEx.obj
 0001:00014f58       ??$swprintf_c@$0FA@@@YAHAAY0FA@_WPB_WZZ 10015f58 f i common-user32:EmergencyShow.obj
 0001:00014f6e       ?CorrectConsolePos@@YAXPAUHWND__@@@Z 10015f6e f   common-user32:EmergencyShow.obj
 0001:00015043       ?EmergencyShow@@YAXPAUHWND__@@HH@Z 10016043 f   common-user32:EmergencyShow.obj
 0001:00015134       ?EvaluateDefaultFontWidth@@YAHHPB_W@Z 10016134 f   common-user32:EmergencyShow.obj
 0001:00015224       ?SetUserFriendlyFont@@YAXPAUHWND__@@HH@Z 10016224 f   common-user32:EmergencyShow.obj
 0001:000155b7       ??0MSetter@@QAE@PAJ@Z      100165b7 f   common-user32:MSetter.obj
 0001:000155db       ??1MSetter@@QAE@XZ         100165db f   common-user32:MSetter.obj
 0001:000155e0       ?Unlock@MSetter@@QAEXXZ    100165e0 f   common-user32:MSetter.obj
 0001:0001563b       ?IsDotsName@@YA_NPB_W@Z    1001663b f   common-user32:WFiles.obj
 0001:0001566b       ?SearchAppPaths@@YA_NPB_WAAUCEStr@@_NPAVCEnvRestorer@@@Z 1001666b f   common-user32:WFiles.obj
 0001:000159c9       ??1ConsoleSectionHelper@@QAE@XZ 100169c9 f i common-user32:WConsoleEx.obj
 0001:000159f1       ?CreateConsoleData@ConsoleSectionHelper@@QAEPAUCONSOLE_INFO@@XZ 100169f1 f i common-user32:WConsoleEx.obj
 0001:00015a16       ?CreateConsoleSection@ConsoleSectionHelper@@QAEPAXXZ 10016a16 f i common-user32:WConsoleEx.obj
 0001:00015a37       ?GetConsoleSizeInfo@@YAXPAUCONSOLE_INFO@@@Z 10016a37 f   common-user32:WConsoleEx.obj
 0001:00015aa9       ?SetConsoleFontSizeTo@@YAXPAUHWND__@@HHPB_WGG@Z 10016aa9 f   common-user32:WConsoleEx.obj
 0001:00015dc6       ?SetConsoleInfo@@YAHPAUHWND__@@PAUCONSOLE_INFO@@@Z 10016dc6 f   common-user32:WConsoleEx.obj
 0001:00015f8a       ?SetEnvVarExpanded@@YAXPB_W0@Z 10016f8a f   common-user32:WUser.obj
 0001:00016036       ?UpdateComspec@@YAXPAUConEmuComspec@@_N@Z 10017036 f   common-user32:WUser.obj
 0001:00016249       ?apiShowWindow@@YA_NPAUHWND__@@H@Z 10017249 f   common-user32:WUser.obj
 0001:0001625f       ?apiShowWindowAsync@@YA_NPAUHWND__@@H@Z 1001725f f   common-user32:WUser.obj
 0001:00016275       ?FindMonitorsWorkspace@@YGHPAUHMONITOR__@@PAUHDC__@@PAUtagRECT@@J@Z 10017275 f   common-user32:Monitors.obj
 0001:000162ae       ?GetAllMonitorsWorkspace@@YA?AUtagRECT@@XZ 100172ae f   common-user32:Monitors.obj
 0001:000162fe       ??0exception@std@@QAE@QBD@Z 100172fe f i libcpmt:xthrow.obj
 0001:00016333       ??0length_error@std@@QAE@ABV01@@Z 10017333 f i libcpmt:xthrow.obj
 0001:0001634e       ??0length_error@std@@QAE@PBD@Z 1001734e f i libcpmt:xthrow.obj
 0001:0001636d       ??0logic_error@std@@QAE@ABV01@@Z 1001736d f i libcpmt:xthrow.obj
 0001:00016388       ?_Xlength_error@std@@YAXPBD@Z 10017388 f   libcpmt:xthrow.obj
 0001:000163a8       @__security_check_cookie@4 100173a8 f   LIBCMT:secchk.obj
 0001:000163b9       ??3@YAXPAXI@Z              100173b9 f   LIBCMT:delete_scalar_size.obj
 0001:000163c7       __EH_epilog3               100173c7 f   LIBCMT:ehprolg3.obj
 0001:000163dc       __EH_epilog3_GS            100173dc f   LIBCMT:ehprolg3.obj
 0001:000163ed       __EH_prolog3               100173ed f   LIBCMT:ehprolg3.obj
 0001:00016421       __EH_prolog3_GS            10017421 f   LIBCMT:ehprolg3.obj
 0001:00016458       __EH_prolog3_catch         10017458 f   LIBCMT:ehprolg3.obj
 0001:00016490       __alloca_probe             10017490 f   LIBCMT:chkstk.obj
 0001:00016490       __chkstk                   10017490 f   LIBCMT:chkstk.obj
 0001:000164c0       __aullshr                  100174c0 f   LIBCMT:ullshr.obj
 0001:000164df       ??_Etype_info@@UAEPAXI@Z   100174df f i LIBCMT:std_type_info_static.obj
 0001:000164df       ??_Gtype_info@@UAEPAXI@Z   100174df f i LIBCMT:std_type_info_static.obj
 0001:00016529       ??$__crt_fast_encode_pointer@P6GHPAU_RTL_CONDITION_VARIABLE@@PAU_RTL_CRITICAL_SECTION@@K@Z@@YAP6GHPAU_RTL_CONDITION_VARIABLE@@PAU_RTL_CRITICAL_SECTION@@K@ZQ6GH01K@Z@Z 10017529 f i LIBCMT:thread_safe_statics.obj
 0001:00016529       ??$__crt_fast_encode_pointer@PAX@@YAPAXQAX@Z 10017529 f i libvcruntime:winapi_downlevel.obj
 0001:00016529       ??$__crt_fast_encode_pointer@PAP6AXXZ@@YAPAP6AXXZQAP6AXXZ@Z 10017529 f i LIBCMT:utility.obj
 0001:00016529       ??$__crt_fast_encode_pointer@P6GXPAU_RTL_CONDITION_VARIABLE@@@Z@@YAP6GXPAU_RTL_CONDITION_VARIABLE@@@ZQ6GX0@Z@Z 10017529 f i LIBCMT:thread_safe_statics.obj
 0001:00016651       __Init_thread_footer       10017651 f   LIBCMT:thread_safe_statics.obj
 0001:0001669b       __Init_thread_header       1001769b f   LIBCMT:thread_safe_statics.obj
 0001:000166ed       __Init_thread_notify       100176ed f   LIBCMT:thread_safe_statics.obj
 0001:0001672f       __Init_thread_wait         1001772f f   LIBCMT:thread_safe_statics.obj
 0001:00016aaf       __DllMainCRTStartup@12     10017aaf f   LIBCMT:dll_dllmain.obj
 0001:00016ae0       __SEH_prolog4              10017ae0 f   LIBCMT:sehprolg4.obj
 0001:00016b26       __SEH_epilog4              10017b26 f   LIBCMT:sehprolg4.obj
 0001:00016b7f       ___scrt_acquire_startup_lock 10017b7f f   LIBCMT:utility.obj
 0001:00016bb1       ___scrt_dllmain_after_initialize_c 10017bb1 f   LIBCMT:utility.obj
 0001:00016bdc       ___scrt_dllmain_before_initialize_c 10017bdc f   LIBCMT:utility.obj
 0001:00016bea       ___scrt_dllmain_crt_thread_attach 10017bea f   LIBCMT:utility.obj
 0001:00016c09       ___scrt_dllmain_crt_thread_detach 10017c09 f   LIBCMT:utility.obj
 0001:00016c16       ___scrt_dllmain_exception_filter 10017c16 f   LIBCMT:utility.obj
 0001:00016c4a       ___scrt_dllmain_uninitialize_c 10017c4a f   LIBCMT:utility.obj
 0001:00016c6d       ___scrt_dllmain_uninitialize_critical 10017c6d f   LIBCMT:utility.obj
 0001:00016c7a       ___scrt_initialize_crt     10017c7a f   LIBCMT:utility.obj
 0001:00016cb3       ___scrt_initialize_onexit_tables 10017cb3 f   LIBCMT:utility.obj
 0001:00016d58       ___scrt_is_nonwritable_in_current_image 10017d58 f   LIBCMT:utility.obj
 0001:00016dec       ___scrt_release_startup_lock 10017dec f   LIBCMT:utility.obj
 0001:00016e09       ___scrt_uninitialize_crt   10017e09 f   LIBCMT:utility.obj
 0001:00016e31       __onexit                   10017e31 f   LIBCMT:utility.obj
 0001:00016e6c       _atexit                    10017e6c f   LIBCMT:utility.obj
 0001:00016e81       ___raise_securityfailure   10017e81 f   LIBCMT:gs_report.obj
 0001:00016ea9       ___report_gsfailure        10017ea9 f   LIBCMT:gs_report.obj
 0001:00016fa2       ___scrt_fastfail           10017fa2 f   LIBCMT:utility_desktop.obj
 0001:000170bc       __crt_debugger_hook        100180bc f   LIBCMT:utility_desktop.obj
 0001:00017111       ___security_init_cookie    10018111 f   LIBCMT:gs_support.obj
 0001:0001715c       ?__scrt_initialize_type_info@@YAXXZ 1001815c f   LIBCMT:tncleanup.obj
 0001:00017168       ?__scrt_uninitialize_type_info@@YAXXZ 10018168 f   LIBCMT:tncleanup.obj
 0001:00017174       ___local_stdio_scanf_options 10018174 f i LIBCMT:default_local_stdio_options.obj
 0001:0001717a       ___scrt_initialize_default_local_stdio_options 1001817a f   LIBCMT:default_local_stdio_options.obj
 0001:00017197       ___scrt_get_dyn_tls_init_callback 10018197 f   LIBCMT:dyn_tls_init.obj
 0001:0001719d       __RTC_Initialize           1001819d f   LIBCMT:initsect.obj
 0001:000171c9       __RTC_Terminate            100181c9 f   LIBCMT:initsect.obj
 0001:000171f5       ___isa_available_init      100181f5 f   LIBCMT:cpu_disp.obj
 0001:0001738c       ___scrt_is_ucrt_dll_in_use 1001838c f   LIBCMT:ucrt_detection.obj
 0001:00017398       ?GetRangeOfTrysToCheck@__FrameHandler3@@SA?AU?$pair@Viterator@TryBlockMap@__FrameHandler3@@V123@@std@@AAVTryBlockMap@1@HH@Z 10018398 f   libvcruntime:trnsctrl.obj
 0001:0001741a       ?_CallCatchBlock2@@YAPAXPAUEHRegistrationNode@@PBU_s_FuncInfo@@PAXHK@Z 1001841a f   libvcruntime:trnsctrl.obj
 0001:00017478       ?_CallSETranslator@@YAHPAUEHExceptionRecord@@PAUEHRegistrationNode@@PAX2PBU_s_FuncInfo@@H1@Z 10018478 f   libvcruntime:trnsctrl.obj
 0001:00017553       ?_JumpToContinuation@@YGXPAXPAUEHRegistrationNode@@@Z 10018553 f   libvcruntime:trnsctrl.obj
 0001:00017583       ?_UnwindNestedFrames@@YGXPAUEHRegistrationNode@@PAUEHExceptionRecord@@@Z 10018583 f   libvcruntime:trnsctrl.obj
 0001:000175d6       __CatchGuardHandler        100185d6 f   libvcruntime:trnsctrl.obj
 0001:00017607       __CreateFrameInfo          10018607 f   libvcruntime:trnsctrl.obj
 0001:0001762b       __FindAndUnlinkFrame       1001862b f   libvcruntime:trnsctrl.obj
 0001:00017670       __TranslatorGuardHandler   10018670 f   libvcruntime:trnsctrl.obj
 0001:0001770d       ___CxxFrameHandler3        1001870d f   libvcruntime:trnsctrl.obj
 0001:00017743       _wcschr                    10018743 f   libvcruntime:wcschr.obj
 0001:0001780a       _wcsstr                    1001880a f   libvcruntime:wcsstr.obj
 0001:00017a90       _memmove                   10018a90 f   libvcruntime:memmove.obj
 0001:00018010       _memset                    10019010 f   libvcruntime:memset.obj
 0001:0001816a       ___DestructExceptionObject 1001916a f   libvcruntime:ehhelpers.obj
 0001:0001820a       ?_CallMemberFunction0@@YGXQAX0@Z 1001920a f i libvcruntime:ehhelpers.obj
 0001:00018217       __IsExceptionObjectToBeDestroyed 10019217 f   libvcruntime:ehhelpers.obj
 0001:0001823d       ___AdjustPointer           1001923d f   libvcruntime:ehhelpers.obj
 0001:00018262       ___FrameUnwindFilter       10019262 f   libvcruntime:ehhelpers.obj
 0001:000182a7       ___std_terminate           100192a7 f   libvcruntime:ehhelpers.obj
 0001:000182ac       ___std_exception_copy      100192ac f   libvcruntime:std_exception.obj
 0001:0001830f       ___std_exception_destroy   1001930f f   libvcruntime:std_exception.obj
 0001:0001832e       __CxxThrowException@8      1001932e f   libvcruntime:throw.obj
 0001:0001839b       __get_purecall_handler     1001939b f   libvcruntime:purevirt.obj
 0001:000183b0       __purecall                 100193b0 f   libvcruntime:purevirt.obj
 0001:000183cc       _wcsrchr                   100193cc f   libvcruntime:wcsrchr.obj
 0001:00018470       _memcpy                    10019470 f   libvcruntime:memcpy.obj
 0001:000189f0       _strrchr                   100199f0 f   libvcruntime:strrchr.obj
 0001:00018b30       _strchr                    10019b30 f   libvcruntime:strchr.obj
 0001:00018b9e       ___from_strstr_to_strchr   10019b9e     libvcruntime:strchr.obj
 0001:00018ca0       __except_handler4          10019ca0 f   libvcruntime:chandler4.obj
 0001:00018df7       ___vcrt_initialize         10019df7 f   libvcruntime:initialization.obj
 0001:00018e20       ___vcrt_thread_attach      10019e20 f   libvcruntime:initialization.obj
 0001:00018e2b       ___vcrt_thread_detach      10019e2b f   libvcruntime:initialization.obj
 0001:00018e36       ___vcrt_uninitialize       10019e36 f   libvcruntime:initialization.obj
 0001:00018e55       ___vcrt_uninitialize_critical 10019e55 f   libvcruntime:initialization.obj
 0001:00018e5d       ___std_type_info_compare   10019e5d f   libvcruntime:std_type_info.obj
 0001:00018e99       ___std_type_info_destroy_list 10019e99 f   libvcruntime:std_type_info.obj
 0001:00018ebc       ___vcrt_freefls@4          10019ebc f   libvcruntime:per_thread_data.obj
 0001:00018ed8       ___vcrt_freeptd            10019ed8 f   libvcruntime:per_thread_data.obj
 0001:00018f0e       ___vcrt_getptd             10019f0e f   libvcruntime:per_thread_data.obj
 0001:00018f1c       ___vcrt_getptd_noexit      10019f1c f   libvcruntime:per_thread_data.obj
 0001:00018fae       ___vcrt_initialize_ptd     10019fae f   libvcruntime:per_thread_data.obj
 0001:00018fe1       ___vcrt_uninitialize_ptd   10019fe1 f   libvcruntime:per_thread_data.obj
 0001:000196f4       ??$TypeMatchHelper@$$CBU_s_HandlerType@@@@YAHPBU_s_HandlerType@@PBU_s_CatchableType@@PBU_s_ThrowInfo@@@Z 1001a6f4 f i libvcruntime:frame.obj
 0001:00019782       ??$__InternalCxxFrameHandler@V__FrameHandler3@@@@YA?AW4_EXCEPTION_DISPOSITION@@PAUEHExceptionRecord@@PAUEHRegistrationNode@@PAU_CONTEXT@@PAXPBU_s_FuncInfo@@H1E@Z 1001a782 f i libvcruntime:frame.obj
 0001:00019884       ??0bad_exception@std@@QAE@ABV01@@Z 1001a884 f i libvcruntime:frame.obj
 0001:0001989f       ??0bad_exception@std@@QAE@XZ 1001a89f f i libvcruntime:frame.obj
 0001:000198b7       ??8type_info@@QBE_NABV0@@Z 1001a8b7 f i libvcruntime:frame.obj
 0001:00019b1e       ?FrameUnwindToEmptyState@__FrameHandler3@@SAXPAUEHRegistrationNode@@PAXPBU_s_FuncInfo@@@Z 1001ab1e f   libvcruntime:frame.obj
 0001:00019b36       ?FrameUnwindToState@__FrameHandler3@@SAXPAUEHRegistrationNode@@PAXPBU_s_FuncInfo@@H@Z 1001ab36 f   libvcruntime:frame.obj
 0001:00019cb8       ?_CallMemberFunction1@@YGXQAX00@Z 1001acb8 f i libvcruntime:frame.obj
 0001:00019cc8       ?_CallMemberFunction2@@YGXQAX00H@Z 1001acc8 f i libvcruntime:frame.obj
 0001:00019cdb       ?getESTypes@__FrameHandler3@@SAPBU_s_ESTypeList@@PBU_s_FuncInfo@@@Z 1001acdb f i libvcruntime:frame.obj
 0001:00019cf0       __CallSettingFrame@12      1001acf0 f   libvcruntime:lowhelpr.obj
 0001:00019d17       __NLG_Return               1001ad17     libvcruntime:lowhelpr.obj
 0001:00019d3c       ___except_validate_context_record 1001ad3c f   libvcruntime:jbcxrval.obj
 0001:00019d6c       ___except_validate_jump_buffer 1001ad6c f   libvcruntime:jbcxrval.obj
 0001:00019d99       ___vcrt_initialize_pure_virtual_call_handler 1001ad99 f   libvcruntime:purevirt_data.obj
 0001:00019db0       __local_unwind4            1001adb0 f   libvcruntime:exsup4.obj
 0001:00019e88       __seh_longjmp_unwind4@4    1001ae88 f   libvcruntime:exsup4.obj
 0001:00019eb0       @_EH4_CallFilterFunc@8     1001aeb0 f   libvcruntime:exsup4.obj
 0001:00019ec8       @_EH4_TransferToHandler@8  1001aec8 f   libvcruntime:exsup4.obj
 0001:00019ee4       @_EH4_GlobalUnwind2@8      1001aee4 f   libvcruntime:exsup4.obj
 0001:00019f00       @_EH4_LocalUnwind@16       1001af00 f   libvcruntime:exsup4.obj
 0001:00019f17       ___vcrt_initialize_locks   1001af17 f   libvcruntime:locks.obj
 0001:00019f53       ___vcrt_uninitialize_locks 1001af53 f   libvcruntime:locks.obj
 0001:0001a0b5       ___vcrt_FlsAlloc           1001b0b5 f   libvcruntime:winapi_downlevel.obj
 0001:0001a0f0       ___vcrt_FlsFree            1001b0f0 f   libvcruntime:winapi_downlevel.obj
 0001:0001a12b       ___vcrt_FlsGetValue        1001b12b f   libvcruntime:winapi_downlevel.obj
 0001:0001a166       ___vcrt_FlsSetValue        1001b166 f   libvcruntime:winapi_downlevel.obj
 0001:0001a1a4       ___vcrt_InitializeCriticalSectionEx 1001b1a4 f   libvcruntime:winapi_downlevel.obj
 0001:0001a1eb       ___vcrt_initialize_winapi_thunks 1001b1eb f   libvcruntime:winapi_downlevel.obj
 0001:0001a214       ___vcrt_uninitialize_winapi_thunks 1001b214 f   libvcruntime:winapi_downlevel.obj
 0001:0001a246       _unexpected                1001b246 f   libvcruntime:unexpected.obj
 0001:0001a263       ?GetCurrentState@__FrameHandler3@@SAHPAUEHRegistrationNode@@PAXPBU_s_FuncInfo@@@Z 1001b263 f   libvcruntime:ehstate.obj
 0001:0001a280       ?SetState@__FrameHandler3@@SAXPAUEHRegistrationNode@@PBU_s_FuncInfo@@H@Z 1001b280 f   libvcruntime:ehstate.obj
 0001:0001a290       __global_unwind2           1001b290 f   libvcruntime:exsup.obj
 0001:0001a2f6       __local_unwind2            1001b2f6 f   libvcruntime:exsup.obj
 0001:0001a37a       __abnormal_termination     1001b37a f   libvcruntime:exsup.obj
 0001:0001a3a0       __NLG_Notify1              1001b3a0 f   libvcruntime:exsup.obj
 0001:0001a3ac       __NLG_Notify               1001b3ac f   libvcruntime:exsup.obj
 0001:0001a3c3       __NLG_Dispatch             1001b3c3     libvcruntime:exsup.obj
 0001:0001a3c3       __NLG_Dispatch2            1001b3c3     libvcruntime:exsup.obj
 0001:0001a3cb       __NLG_Call                 1001b3cb f   libvcruntime:exsup.obj
 0001:0001a3cd       __NLG_Return2              1001b3cd     libvcruntime:exsup.obj
 0001:0001a6cf       ??$count@D@formatting_buffer@__crt_stdio_output@@QBEIXZ 1001b6cf f i libucrt:output.obj
 0001:0001a6e7       ??$ensure_buffer_is_big_enough@D@formatting_buffer@__crt_stdio_output@@QAE_NI@Z 1001b6e7 f i libucrt:output.obj
 0001:0001a76d       ??$is_wide_character_specifier@D@__crt_stdio_output@@YA_N_KDW4length_modifier@0@@Z 1001b76d f i libucrt:output.obj
 0001:0001a7ad       ??$is_wide_character_specifier@_W@__crt_stdio_output@@YA_N_K_WW4length_modifier@0@@Z 1001b7ad f i libucrt:output.obj
 0001:0001a7fc       ??$scratch_data@D@formatting_buffer@__crt_stdio_output@@QAEPADXZ 1001b7fc f i libucrt:output.obj
 0001:0001a81a       ??$type_case_integer_parse_into_buffer@I@?$output_processor@DV?$string_output_adapter@D@__crt_stdio_output@@V?$standard_base@DV?$string_output_adapter@D@__crt_stdio_output@@@2@@__crt_stdio_output@@AAEXII_N@Z 1001b81a f i libucrt:output.obj
 0001:0001a81a       ??$type_case_integer_parse_into_buffer@I@?$output_processor@_WV?$string_output_adapter@_W@__crt_stdio_output@@V?$standard_base@_WV?$string_output_adapter@_W@__crt_stdio_output@@@2@@__crt_stdio_output@@AAEXII_N@Z 1001b81a f i libucrt:output.obj
[...]
 0002:0000a3e4       __ehfuncinfo$?PlugServerCommand@@YGHPAXPAUCESERVER_REQ@@AAPAU1@AAK3J@Z 100343e4     PluginSrv.obj
 0002:0000a408       __sehtable$?SetThreadName@@YAXKPAD@Z 10034408     common-kernel32:WThreads.obj
 0002:0000a478       __unwindtable$?FindConEmuBaseDir@@YAHAAY0BAF@_W0PAUHINSTANCE__@@@Z 10034478     common-user32:ConEmuCheckEx.obj
 0002:0000a488       __ehfuncinfo$?FindConEmuBaseDir@@YAHAAY0BAF@_W0PAUHINSTANCE__@@@Z 10034488     common-user32:ConEmuCheckEx.obj
 0002:0000a4ac       __unwindtable$?SearchAppPaths@@YA_NPB_WAAUCEStr@@_NPAVCEnvRestorer@@@Z 100344ac     common-user32:WFiles.obj
 0002:0000a4b4       __ehfuncinfo$?SearchAppPaths@@YA_NPB_WAAUCEStr@@_NPAVCEnvRestorer@@@Z 100344b4     common-user32:WFiles.obj
 0002:0000a530       __sehtable$?dllmain_crt_process_attach@@YAHQAUHINSTANCE__@@QAX@Z 10034530     LIBCMT:dll_dllmain.obj
 0002:0000a550       __sehtable$?dllmain_crt_process_detach@@YAH_N@Z 10034550     LIBCMT:dll_dllmain.obj
 0002:0000a570       __sehtable$?dllmain_dispatch@@YAHQAUHINSTANCE__@@KQAX@Z 10034570     LIBCMT:dll_dllmain.obj
 0002:0000a590       __sehtable$___scrt_is_nonwritable_in_current_image 10034590     LIBCMT:utility.obj
 0002:0000a5b0       __sehtable$___DestructExceptionObject 100345b0     libvcruntime:ehhelpers.obj
 0002:0000a5d0       __sehtable$?FrameUnwindToState@__FrameHandler3@@SAXPAUEHRegistrationNode@@PAXPBU_s_FuncInfo@@H@Z 100345d0     libvcruntime:frame.obj
 0002:0000a5f8       __sehtable$?CallCatchBlock@@YAPAXPAUEHExceptionRecord@@PAUEHRegistrationNode@@PAU_CONTEXT@@PBU_s_FuncInfo@@PAXHK@Z 100345f8     libvcruntime:frame.obj
 0002:0000a620       __catchsym$?CallUnexpected@@YAXPBU_s_ESTypeList@@@Z$2 10034620     libvcruntime:frame.obj
 0002:0000a630       __unwindtable$?CallUnexpected@@YAXPBU_s_ESTypeList@@@Z 10034630     libvcruntime:frame.obj
 0002:0000a640       __tryblocktable$?CallUnexpected@@YAXPBU_s_ESTypeList@@@Z 10034640     libvcruntime:frame.obj
 0002:0000a654       __ehfuncinfo$?CallUnexpected@@YAXPBU_s_ESTypeList@@@Z 10034654     libvcruntime:frame.obj
 0002:0000a678       __sehtable$??$BuildCatchObjectHelperInternal@$$CBU_s_HandlerType@@@@YAHPAUEHExceptionRecord@@PAXPBU_s_HandlerType@@PBU_s_CatchableType@@@Z 10034678     libvcruntime:frame.obj
 0002:0000a698       __sehtable$??$BuildCatchObjectInternal@$$CBU_s_HandlerType@@@@YAXPAUEHExceptionRecord@@PAXPBU_s_HandlerType@@PBU_s_CatchableType@@@Z 10034698     libvcruntime:frame.obj
 0002:0000a6f0       __sehtable$?common_exit@@YAXHW4_crt_exit_cleanup_mode@@W4_crt_exit_return_mode@@@Z 100346f0     libucrt:exit.obj
 0002:0000a718       __sehtable$??$?RV<lambda_800076c951b434888f4765a74a194fcc>@@AAV<lambda_4e60a939b0d047cfe11ddc22648dfba9>@@V<lambda_6dbb1268764f43b569ce7b67e331d33a>@@@?$__crt_seh_guarded_call@H@@QAEH$$QAV<lambda_800076c951b434888f4765a74a194fcc>@@AAV<lambda_4e60a939b0d047cfe11ddc22648dfba9>@@$$QAV<lambda_6dbb1268764f43b569ce7b67e331d33a>@@@Z 10034718     libucrt:onexit.obj
 0002:0000a738       __sehtable$??$?RV<lambda_995298e7d72eb4c2aab26c0585b3abe5>@@AAV<lambda_275893d493268fdec8709772e3fcec0e>@@V<lambda_293819299cbf9a7022e18b56a874bb5c>@@@?$__crt_seh_guarded_call@H@@QAEH$$QAV<lambda_995298e7d72eb4c2aab26c0585b3abe5>@@AAV<lambda_275893d493268fdec8709772e3fcec0e>@@$$QAV<lambda_293819299cbf9a7022e18b56a874bb5c>@@@Z 10034738     libucrt:onexit.obj
 0002:0000a758       __sehtable$_terminate      10034758     libucrt:terminate.obj
 0002:0000a778       __sehtable$??$?RV<lambda_9df27f884b057bc3edfc946cb5b7cf47>@@AAV<lambda_e69574bed617af4e071282c136b37893>@@V<lambda_cc0d902bcbbeb830f749456577db4721>@@@?$__crt_seh_guarded_call@X@@QAEX$$QAV<lambda_9df27f884b057bc3edfc946cb5b7cf47>@@AAV<lambda_e69574bed617af4e071282c136b37893>@@$$QAV<lambda_cc0d902bcbbeb830f749456577db4721>@@@Z 10034778     libucrt:per_thread_data.obj
 0002:0000a798       __sehtable$??$?RV<lambda_3518db117f0e7cdb002338c5d3c47b6c>@@AAV<lambda_b2ea41f6bbb362cd97d94c6828d90b61>@@V<lambda_abdedf541bb04549bc734292b4a045d4>@@@?$__crt_seh_guarded_call@X@@QAEX$$QAV<lambda_3518db117f0e7cdb002338c5d3c47b6c>@@AAV<lambda_b2ea41f6bbb362cd97d94c6828d90b61>@@$$QAV<lambda_abdedf541bb04549bc734292b4a045d4>@@@Z 10034798     libucrt:per_thread_data.obj
 0002:0000a7b8       __sehtable$??$?RV<lambda_51b6e8b1eb166f2a3faf91f424b38130>@@AAV<lambda_6250bd4b2a391816dd638c3bf72b0bcb>@@V<lambda_0b5a4a3e68152e1d9b943535f5f47bed>@@@?$__crt_seh_guarded_call@X@@QAEX$$QAV<lambda_51b6e8b1eb166f2a3faf91f424b38130>@@AAV<lambda_6250bd4b2a391816dd638c3bf72b0bcb>@@$$QAV<lambda_0b5a4a3e68152e1d9b943535f5f47bed>@@@Z 100347b8     libucrt:per_thread_data.obj
 0002:0000a7d8       __sehtable$??$?RV<lambda_5b71d36f03204c0beab531769a5b5694>@@AAV<lambda_be2b3da3f62db62e9dad5dc70221a656>@@V<lambda_8f9ce462984622f9bf76b59e2aaaf805>@@@?$__crt_seh_guarded_call@X@@QAEX$$QAV<lambda_5b71d36f03204c0beab531769a5b5694>@@AAV<lambda_be2b3da3f62db62e9dad5dc70221a656>@@$$QAV<lambda_8f9ce462984622f9bf76b59e2aaaf805>@@@Z 100347d8     libucrt:per_thread_data.obj
 0002:0000a7f8       __sehtable$___acrt_uninitialize_locale 100347f8     libucrt:wsetlocale.obj
 0002:0000a818       __sehtable$___acrt_initialize_lowio 10034818     libucrt:ioinit.obj
 0002:0000a838       __sehtable$___acrt_update_thread_multibyte_data 10034838     libucrt:mbctype.obj
 0002:0000a858       __sehtable$??$?RV<lambda_978dc153c237d78434369da87b74ff60>@@AAV<lambda_ad1ced32f4ac17aa236e5ef05d6b3b7c>@@V<lambda_4a8533e2866a575feecb8298ce776b0d>@@@?$__crt_seh_guarded_call@X@@QAEX$$QAV<lambda_978dc153c237d78434369da87b74ff60>@@AAV<lambda_ad1ced32f4ac17aa236e5ef05d6b3b7c>@@$$QAV<lambda_4a8533e2866a575feecb8298ce776b0d>@@@Z 10034858     libucrt:mbctype.obj
 0002:0000a878       __sehtable$__query_new_handler 10034878     libucrt:new_handler.obj
 0002:0000a898       __sehtable$_raise          10034898     libucrt:signal.obj
 0002:0000a8b8       __sehtable$??$?RV<lambda_a048d3beccc847880fc8490e18b82769>@@AAV<lambda_ec61778202f4f5fc7e7711acc23c3bca>@@V<lambda_f7496a158712204296dd6628a163878e>@@@?$__crt_seh_guarded_call@P6AXH@Z@@QAEP6AXH@Z$$QAV<lambda_a048d3beccc847880fc8490e18b82769>@@AAV<lambda_ec61778202f4f5fc7e7711acc23c3bca>@@$$QAV<lambda_f7496a158712204296dd6628a163878e>@@@Z 100348b8     libucrt:signal.obj
 0002:0000a8d8       __sehtable$___acrt_update_thread_locale_data 100348d8     libucrt:locale_refcounting.obj
 0002:0000a8f8       __sehtable$__fcloseall     100348f8     libucrt:closeall.obj
 0002:0000a918       __sehtable$_common_flush_all 10034918     libucrt:fflush.obj
 0002:0000a940       __sehtable$___acrt_lowio_ensure_fh_exists 10034940     libucrt:osfinfo.obj
 0002:0000a960       __sehtable$__write         10034960     libucrt:write.obj
 0002:0000a980       __sehtable$_fclose         10034980     libucrt:fclose.obj
 0002:0000a9a0       __sehtable$??$?RV<lambda_61cee617f5178ae960314fd4d05640a0>@@AAV<lambda_6978c1fb23f02e42e1d9e99668cc68aa>@@V<lambda_9cd88cf8ad10232537feb2133f08c833>@@@?$__crt_seh_guarded_call@H@@QAEH$$QAV<lambda_61cee617f5178ae960314fd4d05640a0>@@AAV<lambda_6978c1fb23f02e42e1d9e99668cc68aa>@@$$QAV<lambda_9cd88cf8ad10232537feb2133f08c833>@@@Z 100349a0     libucrt:commit.obj
 0002:0000a9c0       __sehtable$??$?RV<lambda_123407a5e2ac06da108355a851863b7a>@@AAV<lambda_2fe9b910cf3cbf4a0ab98a02ba45b3ec>@@V<lambda_ae55bdf541ad94d75914d381c370e64d>@@@?$__crt_seh_guarded_call@H@@QAEH$$QAV<lambda_123407a5e2ac06da108355a851863b7a>@@AAV<lambda_2fe9b910cf3cbf4a0ab98a02ba45b3ec>@@$$QAV<lambda_ae55bdf541ad94d75914d381c370e64d>@@@Z 100349c0     libucrt:close.obj
 0002:0000a9e0       __sehtable$__IsNonwritableInCurrentImage 100349e0     LIBCMT:pesect.obj
 0002:0000aa00       .edata                     10034a00     ConEmu.exp
 0002:0000aa28       rgpv                       10034a28     ConEmu.exp
 0002:0000aa94       rgszName                   10034a94     ConEmu.exp
 0002:0000ab00       rgwOrd                     10034b00     ConEmu.exp
 0002:0000ab36       szName                     10034b36     ConEmu.exp
 0002:0000ab41       $N00001                    10034b41     ConEmu.exp
 0002:0000ab51       $N00002                    10034b51     ConEmu.exp
 0002:0000ab59       $N00003                    10034b59     ConEmu.exp
 0002:0000ab65       $N00004                    10034b65     ConEmu.exp
 0002:0000ab70       $N00005                    10034b70     ConEmu.exp
 0002:0000ab7e       $N00006                    10034b7e     ConEmu.exp
 0002:0000ab8f       $N00007                    10034b8f     ConEmu.exp
 0002:0000ab9d       $N00008                    10034b9d     ConEmu.exp
 0002:0000abac       $N00009                    10034bac     ConEmu.exp
 0002:0000abbc       $N00010                    10034bbc     ConEmu.exp
 0002:0000abc7       $N00011                    10034bc7     ConEmu.exp
 0002:0000abcd       $N00012                    10034bcd     ConEmu.exp
 0002:0000abe0       $N00013                    10034be0     ConEmu.exp
 0002:0000abf3       $N00014                    10034bf3     ConEmu.exp
 0002:0000ac06       $N00015                    10034c06     ConEmu.exp
 0002:0000ac19       $N00016                    10034c19     ConEmu.exp
 0002:0000ac2b       $N00017                    10034c2b     ConEmu.exp
 0002:0000ac3a       $N00018                    10034c3a     ConEmu.exp
 0002:0000ac46       $N00019                    10034c46     ConEmu.exp
 0002:0000ac4f       $N00020                    10034c4f     ConEmu.exp
 0002:0000ac5e       $N00021                    10034c5e     ConEmu.exp
 0002:0000ac70       $N00022                    10034c70     ConEmu.exp
 0002:0000ac7c       $N00023                    10034c7c     ConEmu.exp
 0002:0000ac90       $N00024                    10034c90     ConEmu.exp
 0002:0000aca4       $N00025                    10034ca4     ConEmu.exp
 0002:0000acb9       $N00026                    10034cb9     ConEmu.exp
 0002:0000accd       $N00027                    10034ccd     ConEmu.exp
 0002:0000b0ce       .idata$6                   100350ce     version:VERSION.dll
 0002:0000b628       .idata$6                   10035628     kernel32:KERNEL32.dll
 0002:0000b734       .idata$6                   10035734     user32:USER32.dll
 0002:0000b7d4       .idata$6                   100357d4     gdi32:GDI32.dll
 0002:0000b810       .idata$6                   10035810     advapi32:ADVAPI32.dll
 0003:00000100       ?rc@?CE@??Open@CPluginW2800@@UAEPAXPBX@Z@4UFarMacroCall@@A 10036100     ConEmuPlugin2800.obj
 0003:00000118       ?val@?CE@??Open@CPluginW2800@@UAEPAXPBX@Z@4UFarMacroValue@@A 10036118     ConEmuPlugin2800.obj
 0003:00000250       ?__vcrt_flsindex@@3KA      10036250     libvcruntime:per_thread_data.obj
 0003:00000270       _errno_no_memory           10036270     libucrt:errno.obj
 0003:00000274       _doserrno_no_memory        10036274     libucrt:errno.obj
 0003:00000280       ___acrt_flsindex           10036280     libucrt:per_thread_data.obj
 0003:000003f8       ___rgctypeflag             100363f8     libucrt:mbctype.obj
 0003:00000400       ___rgcode_page_info        10036400     libucrt:mbctype.obj
 0003:00000be8       ?store@?M@??GetPanelInfo@CPluginW1900@@UAE_NKPAUCEPanelInfo@@@Z@4UPanelInfo@@A 10036be8     ConEmuPlugin1900.obj
 0003:00000c38       ?szMenu@?1??GetPluginInfoPtr@CPluginW1900@@UAEXPAX@Z@4PAPA_WA 10036c38     ConEmuPlugin1900.obj
 0003:00000c40       ?szMenu1@?1??GetPluginInfoPtr@CPluginW1900@@UAEXPAX@Z@4PA_WA 10036c40     ConEmuPlugin1900.obj
 0003:00000e40       ?WLastActive@?1??UpdateConEmuTabsApi@CPluginW1900@@UAE_NH@Z@4UWindowInfo@@A 10036e40     ConEmuPlugin1900.obj
 0003:00000e70       ?pwList@@3PAV?$MArray@UWindowInfo@@@@A 10036e70     ConEmuPlugin2800.obj
 0003:00000e78       ?store@?M@??GetPanelInfo@CPluginW2800@@UAE_NKPAUCEPanelInfo@@@Z@4UPanelInfo@@A 10036e78     ConEmuPlugin2800.obj
 0003:00000ec8       ?szMenu@?1??GetPluginInfoPtr@CPluginW2800@@UAEXPAX@Z@4PAPA_WA 10036ec8     ConEmuPlugin2800.obj
 0003:00000ed0       ?szMenu1@?1??GetPluginInfoPtr@CPluginW2800@@UAEXPAX@Z@4PA_WA 10036ed0     ConEmuPlugin2800.obj
 0003:000010d0       ?WLastActive@?1??UpdateConEmuTabsApi@CPluginW2800@@UAE_NH@Z@4UWindowInfo@@A 100370d0     ConEmuPlugin2800.obj
 0003:00001100       ?ghSyncDlg@@3PAXA          10037100     ConEmuPlugin995.obj
 0003:00001108       ?store@?M@??GetPanelInfo@CPluginW995@@UAE_NKPAUCEPanelInfo@@@Z@4UPanelInfo@@A 10037108     ConEmuPlugin995.obj
 0003:0000114c       ?szMenu@?1??GetPluginInfoPtr@CPluginW995@@UAEXPAX@Z@4PAPA_WA 1003714c     ConEmuPlugin995.obj
 0003:00001150       ?szMenu1@?1??GetPluginInfoPtr@CPluginW995@@UAEXPAX@Z@4PA_WA 10037150     ConEmuPlugin995.obj
 0003:00001358       ?store@?M@??GetPanelInfo@CPluginAnsi@@UAE_NKPAUCEPanelInfo@@@Z@4UPanelInfo@@A 10037358     ConEmuPluginA.obj
 0003:00001548       ?szMenu@?1??GetPluginInfoPtr@CPluginAnsi@@UAEXPAX@Z@4PAPADA 10037548     ConEmuPluginA.obj
 0003:00001550       ?szMenu1@?1??GetPluginInfoPtr@CPluginAnsi@@UAEXPAX@Z@4PADA 10037550     ConEmuPluginA.obj
 0003:00002830       ?gbTryOpenMapHeader@@3HA   10038830     ConEmuPluginBase.obj
 0003:00002834       ?gbStartupHooksAfterMap@@3HA 10038834     ConEmuPluginBase.obj
 0003:00002838       ?siEnabled@?1??CheckBufferEnabled@CPluginBase@@QAE_NXZ@4HA 10038838     ConEmuPluginBase.obj
 0003:0000283c       ?dwLastTickCount@?7??CheckResources@CPluginBase@@QAEX_N@Z@4KA 1003883c     ConEmuPluginBase.obj
 0003:00002840       ?$TSS0@?7??CheckResources@CPluginBase@@QAEX_N@Z@4HA 10038840     ConEmuPluginBase.obj
 0003:00002844       ?dwLastTickCount@?9??OnConsolePeekReadInput@CPluginBase@@SAX_N@Z@4KA 10038844     ConEmuPluginBase.obj
 0003:00002a8c       ?gHeapInit@?A0x333b15f0@@3U?$atomic@H@std@@A 10038a8c     common-kernel32:Memory.obj
 0003:00002a90       ?gHeapCounter@?A0x333b15f0@@3U?$atomic@H@std@@A 10038a90     common-kernel32:Memory.obj
 0003:00002aa8       ?szFile@?1??ModuleName@@YAPB_WPB_W@Z@4PA_WA 10038aa8     common-kernel32:ConEmuCheck.obj
 0003:00002aec       ?gh_UnknownTerminatedThread@@3PAXA 10038aec     common-kernel32:WThreads.obj
 0003:00002af0       ?g_Threads@@3PAUConEmuThreadInfo@@A 10038af0     common-kernel32:WThreads.obj
 0003:0000a2f4       ?szNil@?1??GetCommand@CESERVER_REQ_NEWCMD@@QAEPA_WXZ@4PA_WA 100402f4     common-kernel32:Common.obj
 0003:0000a300       ?rtlVerifyVersionInfo@?1??_VerifyVersionInfo@@YA_NPAU_OSVERSIONINFOEXW@@K_K@Z@4P6GH0K1@ZA 10040300     common-kernel32:WObjects.obj
 0003:0000a304       ?hasRtl@?1??_VerifyVersionInfo@@YA_NPAU_OSVERSIONINFOEXW@@K_K@Z@4HA 10040304     common-kernel32:WObjects.obj
 0003:0000a308       ?ibIsWin6@?1??IsWin6@@YA_NXZ@4HA 10040308     common-kernel32:WObjects.obj
 0003:0000a30c       ?is64bitOs@?1??IsWindows64@@YA_NXZ@4_NA 1004030c     common-kernel32:WObjects.obj
 0003:0000a30d       ?isOsChecked@?1??IsWindows64@@YA_NXZ@4_NA 1004030d     common-kernel32:WObjects.obj
 0003:0000a314       ?TerminalMode@?1??isTerminalMode@@YA_NXZ@4_NA 10040314     common-kernel32:MProcess.obj
 0003:0000a315       ?TerminalChecked@?1??isTerminalMode@@YA_NXZ@4_NA 10040315     common-kernel32:MProcess.obj
 0003:0000a316       ?bSysInfoRetrieved@?1??IsModuleValid@@YA_NPAUHINSTANCE__@@H@Z@4_NA 10040316     common-kernel32:WModuleCheck.obj
 0003:0000a318       ?si@?1??IsModuleValid@@YA_NPAUHINSTANCE__@@H@Z@4U_SYSTEM_INFO@@A 10040318     common-kernel32:WModuleCheck.obj
 0003:0000a348       ?_Tss_mutex@@3U_RTL_CRITICAL_SECTION@@A 10040348     LIBCMT:thread_safe_statics.obj
 0003:0000a360       ?_Tss_cv@@3U_RTL_CONDITION_VARIABLE@@A 10040360     LIBCMT:thread_safe_statics.obj
 0003:0000a364       ?_Tss_event@@3PAXA         10040364     LIBCMT:thread_safe_statics.obj
 0003:0000a368       ?encoded_sleep_condition_variable_cs@@3P6GHPAU_RTL_CONDITION_VARIABLE@@PAU_RTL_CRITICAL_SECTION@@K@ZA 10040368     LIBCMT:thread_safe_statics.obj
 0003:0000a36c       ?encoded_wake_all_condition_variable@@3P6GXPAU_RTL_CONDITION_VARIABLE@@@ZA 1004036c     LIBCMT:thread_safe_statics.obj
 0003:0000a370       ?__proc_attached@@3HA      10040370     LIBCMT:dll_dllmain.obj
 0003:0000a37c       ?is_initialized_as_dll@@3_NA 1004037c     LIBCMT:utility.obj
 0003:0000a37d       ?module_local_atexit_table_initialized@@3_NA 1004037d     LIBCMT:utility.obj
 0003:0000a380       ?module_local_atexit_table@@3U_onexit_table_t@@A 10040380     LIBCMT:utility.obj
 0003:0000a38c       ?module_local_at_quick_exit_table@@3U_onexit_table_t@@A 1004038c     LIBCMT:utility.obj
 0003:0000a398       _GS_ExceptionRecord        10040398     LIBCMT:gs_report.obj
 0003:0000a3e8       _GS_ContextRecord          100403e8     LIBCMT:gs_report.obj
 0003:0000a6d4       ?__vcrt_startup_thread_ptd@@3U__vcrt_ptd@@A 100406d4     libvcruntime:per_thread_data.obj
 0003:0000a700       ___vcrt_lock_table         10040700     libvcruntime:locks.obj
 0003:0000a718       ___vcrt_locks_initialized  10040718     libvcruntime:locks.obj
 0003:0000a71c       ?module_handles@@3PAPAUHINSTANCE__@@A 1004071c     libvcruntime:winapi_downlevel.obj
 0003:0000a728       ?encoded_function_pointers@@3PAPAXA 10040728     libvcruntime:winapi_downlevel.obj
 0003:0000a764       ?heap@@3V_HeapManager@@A   10040764     libvcruntime:undname.obj
 0003:0000a778       ___acrt_invalid_parameter_handler 10040778     libucrt:invalid_parameter.obj
 0003:0000a77c       _c_termination_complete    1004077c     libucrt:exit.obj
 0003:0000a780       _thread_local_exit_callback_func 10040780     libucrt:exit.obj
 0003:0000a784       ?c_exit_complete@?5??common_exit@@YAXHW4_crt_exit_cleanup_mode@@W4_crt_exit_return_mode@@@Z@4_NA 10040784     libucrt:exit.obj
 0003:0000a788       ?program_name@?5???$common_configure_argv@D@@YAHW4_crt_argv_mode@@@Z@4PADA 10040788     libucrt:argv_parsing.obj
 0003:0000a8c0       _enable_percent_n          100408c0     libucrt:printf_count_output.obj
 0003:0000aae0       ___acrt_lock_table         10040ae0     libucrt:locks.obj
 0003:0000ac18       ___acrt_locks_initialized  10040c18     libucrt:locks.obj
 0003:0000ac20       _module_handles            10040c20     libucrt:winapi_thunks.obj
 0003:0000ac70       _encoded_function_pointers 10040c70     libucrt:winapi_thunks.obj
 0003:0000acf0       ?state_cache@?1??__acrt_is_packaged_app@@9@4JA 10040cf0     libucrt:winapi_thunks.obj
 0003:0000ad0c       _fSystemSet                10040d0c     libucrt:mbctype.obj
 0003:0000ad10       ?initialized@?1??__acrt_initialize_multibyte@@9@4_NA 10040d10     libucrt:mbctype.obj
 0003:0000ad30       ___acrt_new_handler        10040d30     libucrt:new_handler.obj
 0003:0000ad34       _ctrlc_action              10040d34     libucrt:signal.obj
 0003:0000ad38       _ctrlbreak_action          10040d38     libucrt:signal.obj
 0003:0000ad3c       _abort_action              10040d3c     libucrt:signal.obj
 0003:0000ad40       _term_action               10040d40     libucrt:signal.obj
 0003:0000ad44       _user_matherr              10040d44     libucrt:matherr.obj
 0003:0000ad48       ___acrt_global_new_mode    10040d48     libucrt:new_mode.obj
 0003:0000ad54       ___acrt_app_type           10040d54     libucrt:report_runtime_error.obj
 0003:0000ad5c       __pmatherr_set             10040d5c     libucrt:libm_error.obj
 0003:0000adb4       ?gbPauseConsoleWasRequested@@3_NA 10040db4     common-kernel32:WConsole.obj
 0003:0000adb8       ?GetCurrentConsoleFontEx@?1??apiGetCurrentConsoleFontEx@@YAHPAXHPAUMY_CONSOLE_FONT_INFOEX@@@Z@4P6GH0H1@ZA 10040db8     common-kernel32:WConsole.obj
 0003:0000adbc       ?bFuncChecked@?1??apiGetCurrentConsoleFontEx@@YAHPAXHPAUMY_CONSOLE_FONT_INFOEX@@@Z@4_NA 10040dbc     common-kernel32:WConsole.obj
 0003:0000adc0       ?SetCurrentConsoleFontEx@?1??apiSetCurrentConsoleFontEx@@YAHPAXHPAUMY_CONSOLE_FONT_INFOEX@@@Z@4P6GH0H1@ZA 10040dc0     common-kernel32:WConsole.obj
 0003:0000adc4       ?bFuncChecked@?1??apiSetCurrentConsoleFontEx@@YAHPAXHPAUMY_CONSOLE_FONT_INFOEX@@@Z@4_NA 10040dc4     common-kernel32:WConsole.obj
 0004:000000a0       $R000000                   100410a0     ConEmu.res
 0004:000003a8       $R000308                   100413a8     ConEmu.res
