 ConEmu.x64

 Timestamp is 5f0ca625 (Mon Jul 13 20:21:25 2020)

 Preferred load address is 0000000180000000

 Start         Length     Name                   Class
 0001:00000000 00000010H .text$di                CODE
 0001:00000010 0002ffe0H .text$mn                CODE
 0001:0002fff0 00000040H .text$mn$00             CODE
 0001:00030030 00000680H .text$x                 CODE
 0001:000306b0 0000003dH .text$yd                CODE
 0002:00000000 00000660H .idata$5                DATA
 0002:00000660 00000028H .00cfg                  DATA
 0002:00000688 00000008H .CRT$XCA                DATA
 0002:00000690 00000008H .CRT$XCU                DATA
 0002:00000698 00000008H .CRT$XCZ                DATA
 0002:000006a0 00000008H .CRT$XIA                DATA
 0002:000006a8 00000020H .CRT$XIC                DATA
 0002:000006c8 00000008H .CRT$XIZ                DATA
 0002:000006d0 00000008H .CRT$XLA                DATA
 0002:000006d8 00000008H .CRT$XLZ                DATA
 0002:000006e0 00000008H .CRT$XPA                DATA
 0002:000006e8 00000010H .CRT$XPX                DATA
 0002:000006f8 00000008H .CRT$XPXA               DATA
 0002:00000700 00000008H .CRT$XPZ                DATA
 0002:00000708 00000008H .CRT$XTA                DATA
 0002:00000710 00000010H .CRT$XTZ                DATA
 0002:00000718 00000000H .gfids$y                DATA
 0002:00000720 0000c410H .rdata                  DATA
 0002:0000cb30 00000028H .rdata$T                DATA
 0002:0000cb58 0000075cH .rdata$r                DATA
 0002:0000d2b4 000003f4H .rdata$zzzdbg           DATA
 0002:0000d6a8 00000008H .rtc$IAA                DATA
 0002:0000d6b0 00000008H .rtc$IZZ                DATA
 0002:0000d6b8 00000008H .rtc$TAA                DATA
 0002:0000d6c0 00000008H .rtc$TZZ                DATA
 0002:0000d6c8 00000004H .tls                    DATA
 0002:0000d6cc 00000004H .tls$                   DATA
 0002:0000d6d0 00000008H .tls$ZZZ                DATA
 0002:0000d6d8 00002550H .xdata                  DATA
 0002:0000fc28 00000208H .xdata$x                DATA
 0002:0000fe30 000002e4H .edata                  DATA
 0002:00010114 00000064H .idata$2                DATA
 0002:00010178 00000018H .idata$3                DATA
 0002:00010190 00000660H .idata$4                DATA
 0002:000107f0 00000e82H .idata$6                DATA
 0003:00000000 00000c90H .data                   DATA
 0003:00000c90 000002a0H .data$r                 DATA
 0003:00000f30 0000bc00H .bss                    DATA
 0004:00000000 000027a8H .pdata                  DATA
 0005:00000000 00000100H _RDATA                  DATA
 0006:00000000 000000a0H .rsrc$01                DATA
 0006:000000a0 00000490H .rsrc$02                DATA

  Address         Publics by Value              Rva+Base               Lib:Object

 0000:00000000       __guard_longjmp_count      0000000000000000     <absolute>
 0000:00000000       __hybrid_code_map_count    0000000000000000     <absolute>
 0000:00000000       __guard_longjmp_table      0000000000000000     <absolute>
 0000:00000000       __x64_code_ranges_to_entry_points 0000000000000000     <absolute>
 0000:00000000       __arm64x_redirection_metadata 0000000000000000     <absolute>
 0000:00000000       __guard_iat_table          0000000000000000     <absolute>
 0000:00000000       __hybrid_code_map          0000000000000000     <absolute>
 0000:00000000       __guard_iat_count          0000000000000000     <absolute>
 0000:00000000       __guard_eh_cont_count      0000000000000000     <absolute>
 0000:00000000       __arm64x_native_entrypoint 0000000000000000     <absolute>
 0000:00000000       __volatile_metadata        0000000000000000     <absolute>
 0000:00000000       __guard_fids_count         0000000000000000     <absolute>
 0000:00000000       __guard_eh_cont_table      0000000000000000     <absolute>
 0000:00000000       __enclave_config           0000000000000000     <absolute>
 0000:00000000       ___safe_se_handler_count   0000000000000000     <absolute>
 0000:00000000       __AbsoluteZero             0000000000000000     <absolute>
 0000:00000000       ___safe_se_handler_table   0000000000000000     <absolute>
 0000:00000000       __guard_fids_table         0000000000000000     <absolute>
 0000:00000000       __hybrid_auxiliary_iat     0000000000000000     <absolute>
 0000:00000000       __dynamic_value_reloc_table 0000000000000000     <absolute>
 0000:00000100       __guard_flags              0000000000000100     <absolute>
 0000:00000000       __ImageBase                0000000180000000     <linker-defined>
 0001:00000010       ??$swprintf_c@$0EA@@@YAHAEAY0EA@_WPEB_WZZ 0000000180001010 f i ConEmuInjects.obj
 0001:0000003c       ??$swprintf_c@$0IA@@@YAHAEAY0IA@_WPEB_WZZ 000000018000103c f i ConEmuInjects.obj
 0001:00000068       ??$swprintf_c@$0PP@@@YAHAEAY0PP@_WPEB_WZZ 0000000180001068 f i ConEmuInjects.obj
 0001:00000094       ??$wcscpy_c@$0EA@@@YAHAEAY0EA@_WPEB_W@Z 0000000180001094 f i ConEmuInjects.obj
 0001:000000e0       ?ShutdownHooks@@YAXXZ      00000001800010e0 f   ConEmuInjects.obj
 0001:000002d0       ?StartupConsoleHooks@@YAXXZ 00000001800012d0 f   ConEmuInjects.obj
 0001:0000035c       ?StartupHooks@@YA_NPEAUHINSTANCE__@@@Z 000000018000135c f   ConEmuInjects.obj
 0001:00000758       ?StringCchVPrintfW@@YAJPEA_W_KPEB_WPEAD@Z 0000000180001758 f i ConEmuInjects.obj
 0001:000007fc       __local_stdio_printf_options 00000001800017fc f i ConEmuInjects.obj
 0001:00000804       ExitFARW                   0000000180001804 f   ConEmuPlugin.obj
 0001:0000085c       ?ProcessEditorEvent@@YAHHPEAX@Z 000000018000185c f   ConEmuPlugin.obj
 0001:0000085c       ProcessEditorEventW        000000018000185c f   ConEmuPlugin.obj
 0001:0000087c       ProcessSynchroEventW       000000018000187c f   ConEmuPlugin.obj
 0001:000008a8       ?ProcessViewerEvent@@YAHHPEAX@Z 00000001800018a8 f   ConEmuPlugin.obj
 0001:000008a8       ProcessViewerEventW        00000001800018a8 f   ConEmuPlugin.obj
 0001:000008c8       ?ProcessSynchroEventW3@@YA_JPEAX@Z 00000001800018c8 f   ConEmuPlugin.obj
 0001:000008f0       ?ProcessEditorEventW3@@YA_JPEAX@Z 00000001800018f0 f   ConEmuPlugin.obj
 0001:00000918       ?ProcessViewerEventW3@@YA_JPEAX@Z 0000000180001918 f   ConEmuPlugin.obj
 0001:00000940       ?ExitFARW3@@YAXPEAX@Z      0000000180001940 f   ConEmuPlugin.obj
 0001:00000998       ?ActivateConsole@@YAHXZ    0000000180001998 f   ConEmuPlugin.obj
 0001:00000a28       ?ExitFAR@@YAXXZ            0000000180001a28 f   ConEmuPlugin.obj
 0001:00000a80       ?GetFarHWND2@@YAPEAUHWND__@@H@Z 0000000180001a80 f   ConEmuPlugin.obj
 0001:00000aec       ?GetFarHWND@@YAPEAUHWND__@@XZ 0000000180001aec f   ConEmuPlugin.obj
 0001:00000af4       ?GetFarVersion@@YAXPEAUFarVersion@@@Z 0000000180001af4 f   ConEmuPlugin.obj
 0001:00000b10       ?GetMinFarVersion@@YAHXZ   0000000180001b10 f   ConEmuPlugin.obj
 0001:00000b40       ?GetPluginInfo@@YAXPEAX@Z  0000000180001b40 f   ConEmuPlugin.obj
 0001:00000b94       ?GetPluginInfoW@@YAXPEAX@Z 0000000180001b94 f   ConEmuPlugin.obj
 0001:00000bb4       ?IsConsoleActive@@YAHXZ    0000000180001bb4 f   ConEmuPlugin.obj
 0001:00000c0c       ?IsTerminalMode@@YAHXZ     0000000180001c0c f   ConEmuPlugin.obj
 0001:00000c14       ?OpenPlugin@@YAPEAXH_J@Z   0000000180001c14 f   ConEmuPlugin.obj
 0001:00000c44       ?OpenW@@YAPEAXPEBX@Z       0000000180001c44 f   ConEmuPlugin.obj
 0001:00000c68       ?ProcessEditorInput@@YAHPEBU_INPUT_RECORD@@@Z 0000000180001c68 f   ConEmuPlugin.obj
 0001:00000c8c       ?RegisterBackground@@YAHPEAURegisterBackgroundArg@@@Z 0000000180001c8c f   ConEmuPlugin.obj
 0001:00000d08       ?RegisterPanelView@@YAHPEAUPanelViewInit@@@Z 0000000180001d08 f   ConEmuPlugin.obj
 0001:00000e70       ?SetStartupInfo@@YAXPEAX@Z 0000000180001e70 f   ConEmuPlugin.obj
 0001:00000ed4       ?SetupExportsFar3@@YAXXZ   0000000180001ed4 f   ConEmuPlugin.obj
 0001:00001044       ?SyncExecute@@YAHPEAUHINSTANCE__@@P6AX_J@Z1@Z 0000000180002044 f   ConEmuPlugin.obj
 0001:00001090       DllMain                    0000000180002090 f   ConEmuPlugin.obj
 0001:000010b4       GetMinFarVersionW          00000001800020b4 f   ConEmuPlugin.obj
 0001:000010bc       OpenPluginW                00000001800020bc f   ConEmuPlugin.obj
 0001:000010fc       ProcessEditorInputW        00000001800020fc f   ConEmuPlugin.obj
 0001:00001120       SetStartupInfoW            0000000180002120 f   ConEmuPlugin.obj
 0001:00001150       ??0CPluginW1900@@QEAA@XZ   0000000180002150 f   ConEmuPlugin1900.obj
 0001:000012f4       ??_ECPluginW1900@@UEAAPEAXI@Z 00000001800022f4 f i ConEmuPlugin1900.obj
 0001:000012f4       ??_GCPluginW1900@@UEAAPEAXI@Z 00000001800022f4 f i ConEmuPlugin1900.obj
 0001:000017fc       ?CheckPanelExist@CPluginW1900@@UEAA_NXZ 00000001800027fc f   ConEmuPlugin1900.obj
 0001:00001838       ?Color2BgIndex@Far3Color@@SAXKHAEAGPEBK@Z 0000000180002838 f i ConEmuPlugin1900.obj
 0001:0000194c       ?Color2FgIndex@Far3Color@@SAXKAEAGPEBK@Z 000000018000294c f i ConEmuPlugin1900.obj
 0001:00001a3c       ?ExecuteSynchroApi@CPluginW1900@@UEAA_NXZ 0000000180002a3c f   ConEmuPlugin1900.obj
 0001:00001a70       ?ExitFar@CPluginW1900@@UEAAXXZ 0000000180002a70 f   ConEmuPlugin1900.obj
 0001:00001af8       ?FarColor_3_2@@YAEAEBUFarColor@@_N@Z 0000000180002af8 f i ConEmuPlugin1900.obj
 0001:00001bb8       ?GetActiveWindowType@CPluginW1900@@UEAAHXZ 0000000180002bb8 f   ConEmuPlugin1900.obj
 0001:00001c64       ?GetEditorModifiedState@CPluginW1900@@UEAAKXZ 0000000180002c64 f   ConEmuPlugin1900.obj
 0001:00001cc0       ?GetFarRect@CPluginW1900@@UEAA_NAEAU_SMALL_RECT@@@Z 0000000180002cc0 f   ConEmuPlugin1900.obj
 0001:00001d6c       ?GetMacroArea@CPluginW1900@@UEAAHXZ 0000000180002d6c f   ConEmuPlugin1900.obj
 0001:00001d8c       ?GetMsg@CPluginW1900@@UEAAPEB_WHPEA_W_K@Z 0000000180002d8c f   ConEmuPlugin1900.obj
 0001:00001e00       ?GetPanelDir@CPluginW1900@@UEAAPEA_WKPEA_WH@Z 0000000180002e00 f   ConEmuPlugin1900.obj
 0001:00001f60       ?GetPanelInfo@CPluginW1900@@UEAA_NKPEAUCEPanelInfo@@@Z 0000000180002f60 f   ConEmuPlugin1900.obj
 0001:00002200       ?GetPanelItemInfo@CPluginW1900@@UEAA_NAEBUCEPanelInfo@@_N_JAEAU_WIN32_FIND_DATAW@@PEAPEA_W@Z 0000000180003200 f   ConEmuPlugin1900.obj
 0001:000023bc       ?GetPluginInfoPtr@CPluginW1900@@UEAAXPEAX@Z 00000001800033bc f   ConEmuPlugin1900.obj
 0001:00002418       ?GetWindowCount@CPluginW1900@@UEAAHXZ 0000000180003418 f   ConEmuPlugin1900.obj
 0001:00002448       ?GetWindowTypeName@CPluginW995@@UEAAPEB_WH@Z 0000000180003448 f   ConEmuPlugin995.obj
 0001:00002448       ?GetWindowTypeName@CPluginAnsi@@UEAAPEB_WH@Z 0000000180003448 f   ConEmuPluginA.obj
 0001:00002448       ?GetWindowTypeName@CPluginW2800@@UEAAPEB_WH@Z 0000000180003448 f   ConEmuPlugin2800.obj
 0001:00002448       ?GetWindowTypeName@CPluginW1900@@UEAAPEB_WH@Z 0000000180003448 f   ConEmuPlugin1900.obj
 0001:000024a0       ?GuiMacroDlg@CPluginW1900@@UEAAXXZ 00000001800034a0 f   ConEmuPlugin1900.obj
 0001:000024a8       ?InputBox@CPluginW1900@@UEAA_NPEB_W000AEAPEA_W@Z 00000001800034a8 f   ConEmuPlugin1900.obj
 0001:00002558       ?IsMacroActive@CPluginW1900@@UEAA_NXZ 0000000180003558 f   ConEmuPlugin1900.obj
 0001:0000259c       ?LoadFarColors@CPluginW1900@@UEAAXAEAY0BAA@E@Z 000000018000359c f   ConEmuPlugin1900.obj
 0001:00002730       ?LoadFarSettings@CPluginW1900@@UEAAXPEAUCEFarInterfaceSettings@@PEAUCEFarPanelSettings@@@Z 0000000180003730 f   ConEmuPlugin1900.obj
 0001:00002870       ?Open@CPluginW1900@@UEAAPEAXPEBX@Z 0000000180003870 f   ConEmuPlugin1900.obj
 0001:0000294c       ?OpenEditor@CPluginW1900@@UEAA_NPEB_W_N11HH@Z 000000018000394c f   ConEmuPlugin1900.obj
 0001:00002a60       ?PanelControlApi@CPluginW1900@@UEAA_JPEAXH_J0@Z 0000000180003a60 f   ConEmuPlugin1900.obj
 0001:00002a98       ?PostMacroApi@CPluginW1900@@UEAAXPEB_WPEAU_INPUT_RECORD@@_N@Z 0000000180003a98 f   ConEmuPlugin1900.obj
 0001:00003050       ?ProcessEditorEventPtr@CPluginW2800@@UEAAHPEAX@Z 0000000180004050 f   ConEmuPlugin2800.obj
 0001:00003050       ?ProcessEditorEventPtr@CPluginW1900@@UEAAHPEAX@Z 0000000180004050 f   ConEmuPlugin1900.obj
 0001:0000305c       ?ProcessEditorInputPtr@CPluginW1900@@UEAAHPEBX@Z 000000018000405c f   ConEmuPlugin1900.obj
 0001:0000307c       ?ProcessSynchroEventPtr@CPluginW2800@@UEAAHPEAX@Z 000000018000407c f   ConEmuPlugin2800.obj
 0001:0000307c       ?ProcessSynchroEventPtr@CPluginW1900@@UEAAHPEAX@Z 000000018000407c f   ConEmuPlugin1900.obj
 0001:000030a0       ?ProcessViewerEventPtr@CPluginW2800@@UEAAHPEAX@Z 00000001800040a0 f   ConEmuPlugin2800.obj
 0001:000030a0       ?ProcessViewerEventPtr@CPluginW1900@@UEAAHPEAX@Z 00000001800040a0 f   ConEmuPlugin1900.obj
 0001:000030ac       ?RedrawAll@CPluginW1900@@UEAAXXZ 00000001800040ac f   ConEmuPlugin1900.obj
 0001:000030e4       ?SetStartupInfoPtr@CPluginW1900@@UEAAXPEAX@Z 00000001800040e4 f   ConEmuPlugin1900.obj
 0001:00003234       ?SetWindow@CPluginW1900@@UEAAXH@Z 0000000180004234 f   ConEmuPlugin1900.obj
 0001:0000328c       ?ShowMessage@CPluginW1900@@UEAAHPEB_WH_N@Z 000000018000428c f   ConEmuPlugin1900.obj
 0001:000032f4       ?ShowPluginMenu@CPluginW1900@@UEAAHPEAUConEmuPluginMenuItem@@HH@Z 00000001800042f4 f   ConEmuPlugin1900.obj
 0001:00003444       ?ShowUserScreen@CPluginW1900@@UEAAX_N@Z 0000000180004444 f   ConEmuPlugin1900.obj
 0001:00003470       ?WaitEndSynchro@CPluginW2800@@UEAAXXZ 0000000180004470 f   ConEmuPlugin2800.obj
 0001:00003470       ?ShutdownPluginStep@CPluginBase@@SAXPEB_WHHHH@Z 0000000180004470 f   ConEmuPluginBase.obj
 0001:00003470       _guard_check_icall_nop     0000000180004470 f   LIBCMT:guard_support.obj
 0001:00003470       ?WaitEndSynchro@CPluginW1900@@UEAAXXZ 0000000180004470 f   ConEmuPlugin1900.obj
 0001:00003470       ?StopWaitEndSynchro@CPluginAnsi@@UEAAXXZ 0000000180004470 f   ConEmuPluginA.obj
 0001:00003470       ?StopWaitEndSynchro@CPluginW2800@@UEAAXXZ 0000000180004470 f   ConEmuPlugin2800.obj
 0001:00003470       ?WaitEndSynchro@CPluginAnsi@@UEAAXXZ 0000000180004470 f   ConEmuPluginA.obj
 0001:00003470       ?PlugServerInit@@YAXXZ     0000000180004470 f   PluginSrv.obj
 0001:00003470       ?StopWaitEndSynchro@CPluginW1900@@UEAAXXZ 0000000180004470 f   ConEmuPlugin1900.obj
 0001:00003470       ?_Doraise@exception@stdext@@MEBAXXZ 0000000180004470 f   common-kernel64:CEStr.obj
 0001:00003474       ?UpdateConEmuTabsApi@CPluginW1900@@UEAA_NH@Z 0000000180004474 f   ConEmuPlugin1900.obj
 0001:00003944       ??$_Emplace_reallocate@AEBUWindowInfo@@@?$vector@UWindowInfo@@V?$MArrayAllocator@UWindowInfo@@@@@std@@QEAAPEAUWindowInfo@@QEAU2@AEBU2@@Z 0000000180004944 f i ConEmuPlugin2800.obj
 0001:00003af0       ??$_Uninitialized_fill_n@V?$MArrayAllocator@UWindowInfo@@@@@std@@YAPEAUWindowInfo@@PEAU1@_KAEBU1@AEAV?$MArrayAllocator@UWindowInfo@@@@@Z 0000000180004af0 f i ConEmuPlugin2800.obj
 0001:00003b30       ??0CPluginW2800@@QEAA@XZ   0000000180004b30 f   ConEmuPlugin2800.obj
 0001:00003cd4       ??0bad_alloc@std@@QEAA@AEBV01@@Z 0000000180004cd4 f i ConEmuPlugin2800.obj
 0001:00003d10       ??0bad_alloc@std@@QEAA@XZ  0000000180004d10 f i ConEmuPlugin2800.obj
 0001:00003d30       ??0exception@std@@QEAA@AEBV01@@Z 0000000180004d30 f i ConEmuPlugin2800.obj
 0001:00003d64       ??1?$MArray@UWindowInfo@@@@QEAA@XZ 0000000180004d64 f i ConEmuPlugin2800.obj
 0001:00003d90       ??1length_error@std@@UEAA@XZ 0000000180004d90 f i libcpmt:xthrow.obj
 0001:00003d90       ??1bad_alloc@std@@UEAA@XZ  0000000180004d90 f i ConEmuPlugin2800.obj
 0001:00003d90       ??1bad_exception@std@@UEAA@XZ 0000000180004d90 f i libvcruntime:frame.obj
 0001:00003da4       ??_GCPluginW2800@@UEAAPEAXI@Z 0000000180004da4 f i ConEmuPlugin2800.obj
 0001:00003da4       ??_ECPluginW2800@@UEAAPEAXI@Z 0000000180004da4 f i ConEmuPlugin2800.obj
 0001:00003de4       ??_Gbad_alloc@std@@UEAAPEAXI@Z 0000000180004de4 f i ConEmuPlugin2800.obj
 0001:00003de4       ??_Ebad_exception@std@@UEAAPEAXI@Z 0000000180004de4 f i libvcruntime:frame.obj
 0001:00003de4       ??_Elogic_error@std@@UEAAPEAXI@Z 0000000180004de4 f i libcpmt:xthrow.obj
 0001:00003de4       ??_Elength_error@std@@UEAAPEAXI@Z 0000000180004de4 f i libcpmt:xthrow.obj
 0001:00003de4       ??_Ebad_alloc@std@@UEAAPEAXI@Z 0000000180004de4 f i ConEmuPlugin2800.obj
 0001:00003de4       ??_Glogic_error@std@@UEAAPEAXI@Z 0000000180004de4 f i libcpmt:xthrow.obj
 0001:00003de4       ??_Gexception@std@@UEAAPEAXI@Z 0000000180004de4 f i ConEmuPlugin2800.obj
 0001:00003de4       ??_Eexception@std@@UEAAPEAXI@Z 0000000180004de4 f i ConEmuPlugin2800.obj
 0001:00003de4       ??_Gbad_exception@std@@UEAAPEAXI@Z 0000000180004de4 f i libvcruntime:frame.obj
 0001:00003de4       ??_Glength_error@std@@UEAAPEAXI@Z 0000000180004de4 f i libcpmt:xthrow.obj
 0001:00004374       ?CheckPanelExist@CPluginW2800@@UEAA_NXZ 0000000180005374 f   ConEmuPlugin2800.obj
 0001:000043b0       ?ExecuteSynchroApi@CPluginW2800@@UEAA_NXZ 00000001800053b0 f   ConEmuPlugin2800.obj
 0001:000043e4       ?ExitFar@CPluginW2800@@UEAAXXZ 00000001800053e4 f   ConEmuPlugin2800.obj
 0001:00004478       ?GetActiveWindowType@CPluginW2800@@UEAAHXZ 0000000180005478 f   ConEmuPlugin2800.obj
 0001:00004530       ?GetEditorModifiedState@CPluginW2800@@UEAAKXZ 0000000180005530 f   ConEmuPlugin2800.obj
 0001:00004590       ?GetFarRect@CPluginW2800@@UEAA_NAEAU_SMALL_RECT@@@Z 0000000180005590 f   ConEmuPlugin2800.obj
 0001:00004644       ?GetMacroArea@CPluginW2800@@UEAAHXZ 0000000180005644 f   ConEmuPlugin2800.obj
 0001:00004664       ?GetMsg@CPluginW2800@@UEAAPEB_WHPEA_W_K@Z 0000000180005664 f   ConEmuPlugin2800.obj
 0001:000046dc       ?GetPanelDir@CPluginW2800@@UEAAPEA_WKPEA_WH@Z 00000001800056dc f   ConEmuPlugin2800.obj
 0001:0000483c       ?GetPanelInfo@CPluginW2800@@UEAA_NKPEAUCEPanelInfo@@@Z 000000018000583c f   ConEmuPlugin2800.obj
 0001:00004adc       ?GetPanelItemInfo@CPluginW2800@@UEAA_NAEBUCEPanelInfo@@_N_JAEAU_WIN32_FIND_DATAW@@PEAPEA_W@Z 0000000180005adc f   ConEmuPlugin2800.obj
 0001:00004cb8       ?GetPluginInfoPtr@CPluginW2800@@UEAAXPEAX@Z 0000000180005cb8 f   ConEmuPlugin2800.obj
 0001:00004d14       ?GetWindowCount@CPluginW2800@@UEAAHXZ 0000000180005d14 f   ConEmuPlugin2800.obj
 0001:00004d44       ?GuiMacroDlg@CPluginW2800@@UEAAXXZ 0000000180005d44 f   ConEmuPlugin2800.obj
 0001:00004d4c       ?InputBox@CPluginW2800@@UEAA_NPEB_W000AEAPEA_W@Z 0000000180005d4c f   ConEmuPlugin2800.obj
 0001:00004dfc       ?IsMacroActive@CPluginW2800@@UEAA_NXZ 0000000180005dfc f   ConEmuPlugin2800.obj
 0001:00004e40       ?LoadFarColors@CPluginW2800@@UEAAXAEAY0BAA@E@Z 0000000180005e40 f   ConEmuPlugin2800.obj
 0001:00004fd4       ?LoadFarSettings@CPluginW2800@@UEAAXPEAUCEFarInterfaceSettings@@PEAUCEFarPanelSettings@@@Z 0000000180005fd4 f   ConEmuPlugin2800.obj
 0001:00005114       ?Open@CPluginW2800@@UEAAPEAXPEBX@Z 0000000180006114 f   ConEmuPlugin2800.obj
 0001:00005264       ?OpenEditor@CPluginW2800@@UEAA_NPEB_W_N11HH@Z 0000000180006264 f   ConEmuPlugin2800.obj
 0001:00005388       ?PanelControlApi@CPluginW2800@@UEAA_JPEAXH_J0@Z 0000000180006388 f   ConEmuPlugin2800.obj
 0001:000053c0       ?PostMacroApi@CPluginW2800@@UEAAXPEB_WPEAU_INPUT_RECORD@@_N@Z 00000001800063c0 f   ConEmuPlugin2800.obj
 0001:00005734       ?ProcessEditorInputPtr@CPluginW2800@@UEAAHPEBX@Z 0000000180006734 f   ConEmuPlugin2800.obj
 0001:00005754       ?RedrawAll@CPluginW2800@@UEAAXXZ 0000000180006754 f   ConEmuPlugin2800.obj
 0001:0000578c       ?SetStartupInfoPtr@CPluginW2800@@UEAAXPEAX@Z 000000018000678c f   ConEmuPlugin2800.obj
 0001:000058dc       ?SetWindow@CPluginW2800@@UEAAXH@Z 00000001800068dc f   ConEmuPlugin2800.obj
 0001:00005a18       ?ShowMessage@CPluginW2800@@UEAAHPEB_WH_N@Z 0000000180006a18 f   ConEmuPlugin2800.obj
 0001:00005a80       ?ShowPluginMenu@CPluginW2800@@UEAAHPEAUConEmuPluginMenuItem@@HH@Z 0000000180006a80 f   ConEmuPlugin2800.obj
 0001:00005bd4       ?ShowUserScreen@CPluginW2800@@UEAAX_N@Z 0000000180006bd4 f   ConEmuPlugin2800.obj
 0001:00005c00       ?UpdateConEmuTabsApi@CPluginW2800@@UEAA_NH@Z 0000000180006c00 f   ConEmuPlugin2800.obj
 0001:0000657c       ?_Getal@?$vector@UWindowInfo@@V?$MArrayAllocator@UWindowInfo@@@@@std@@AEAAAEAV?$MArrayAllocator@UWindowInfo@@@@XZ 000000018000757c f i ConEmuPlugin2800.obj
 0001:00006580       ?_Xlength@?$vector@UWindowInfo@@V?$MArrayAllocator@UWindowInfo@@@@@std@@CAXXZ 0000000180007580 f i ConEmuPlugin2800.obj
 0001:00006580       ?_Xlength@?$vector@UtagPROCESSENTRY32W@@V?$MArrayAllocator@UtagPROCESSENTRY32W@@@@@std@@CAXXZ 0000000180007580 f i common-kernel64:MProcess.obj
 0001:00006594       ?deallocate@?$MArrayAllocator@UWindowInfo@@@@QEAAXPEAUWindowInfo@@_K@Z 0000000180007594 f i ConEmuPlugin2800.obj
 0001:000065ac       ?erase@?$MArray@UWindowInfo@@@@QEAAX_J0@Z 00000001800075ac f i ConEmuPlugin2800.obj
 0001:00006640       ?insert@?$MArray@UWindowInfo@@@@QEAA_J_JAEBUWindowInfo@@0@Z 0000000180007640 f i ConEmuPlugin2800.obj
 0001:000066e8       ?insert@?$vector@UWindowInfo@@V?$MArrayAllocator@UWindowInfo@@@@@std@@QEAA?AV?$_Vector_iterator@V?$_Vector_val@U?$_Simple_types@UWindowInfo@@@std@@@std@@@2@V?$_Vector_const_iterator@V?$_Vector_val@U?$_Simple_types@UWindowInfo@@@std@@@std@@@2@_KAEBUWindowInfo@@@Z 00000001800076e8 f i ConEmuPlugin2800.obj
 0001:00006af4       ?push_back@?$MArray@UWindowInfo@@@@QEAA_JAEBUWindowInfo@@@Z 0000000180007af4 f i ConEmuPlugin2800.obj
 0001:00006b78       ?what@exception@std@@UEBAPEBDXZ 0000000180007b78 f i ConEmuPlugin2800.obj
 0001:00006b8c       GetGlobalInfoW             0000000180007b8c f   ConEmuPlugin2800.obj
 0001:00006c24       ??0CPluginW995@@QEAA@XZ    0000000180007c24 f   ConEmuPlugin995.obj
 0001:00006dbc       ??_GCPluginW995@@UEAAPEAXI@Z 0000000180007dbc f i ConEmuPlugin995.obj
 0001:00006dbc       ??_ECPluginW995@@UEAAPEAXI@Z 0000000180007dbc f i ConEmuPlugin995.obj
 0001:0000723c       ?CheckPanelExist@CPluginW995@@UEAA_NXZ 000000018000823c f   ConEmuPlugin995.obj
 0001:00007274       ?ExecuteSynchroApi@CPluginW995@@UEAA_NXZ 0000000180008274 f   ConEmuPlugin995.obj
 0001:000072a4       ?ExitFar@CPluginW995@@UEAAXXZ 00000001800082a4 f   ConEmuPlugin995.obj
 0001:0000732c       ?GetActiveWindowType@CPluginW995@@UEAAHXZ 000000018000832c f   ConEmuPlugin995.obj
 0001:0000740c       ?GetEditorModifiedState@CPluginW995@@UEAAKXZ 000000018000840c f   ConEmuPlugin995.obj
 0001:00007464       ?GetFarRect@CPluginW995@@UEAA_NAEAU_SMALL_RECT@@@Z 0000000180008464 f   ConEmuPlugin995.obj
 0001:000074bc       ?GetMacroArea@CPluginW995@@UEAAHXZ 00000001800084bc f   ConEmuPlugin995.obj
 0001:00007514       ?GetMsg@CPluginW995@@UEAAPEB_WHPEA_W_K@Z 0000000180008514 f   ConEmuPlugin995.obj
 0001:00007584       ?GetPanelDir@CPluginW995@@UEAAPEA_WKPEA_WH@Z 0000000180008584 f   ConEmuPlugin995.obj
 0001:000076a8       ?GetPanelInfo@CPluginW995@@UEAA_NKPEAUCEPanelInfo@@@Z 00000001800086a8 f   ConEmuPlugin995.obj
 0001:000078e8       ?GetPanelItemInfo@CPluginW995@@UEAA_NAEBUCEPanelInfo@@_N_JAEAU_WIN32_FIND_DATAW@@PEAPEA_W@Z 00000001800088e8 f   ConEmuPlugin995.obj
 0001:00007a90       ?GetPluginInfoPtr@CPluginW995@@UEAAXPEAX@Z 0000000180008a90 f   ConEmuPlugin995.obj
 0001:00007afc       ?GetWindowCount@CPluginW995@@UEAAHXZ 0000000180008afc f   ConEmuPlugin995.obj
 0001:00007b28       ?GuiMacroDlg@CPluginW995@@UEAAXXZ 0000000180008b28 f   ConEmuPlugin995.obj
 0001:00007b30       ?InputBox@CPluginW995@@UEAA_NPEB_W000AEAPEA_W@Z 0000000180008b30 f   ConEmuPlugin995.obj
 0001:00007be0       ?IsMacroActive@CPluginW995@@UEAA_NXZ 0000000180008be0 f   ConEmuPlugin995.obj
 0001:00007c50       ?LoadFarColors@CPluginW995@@UEAAXAEAY0BAA@E@Z 0000000180008c50 f   ConEmuPlugin995.obj
 0001:00007d0c       ?LoadFarSettings@CPluginW995@@UEAAXPEAUCEFarInterfaceSettings@@PEAUCEFarPanelSettings@@@Z 0000000180008d0c f   ConEmuPlugin995.obj
 0001:00007d68       ?Open@CPluginAnsi@@UEAAPEAXPEBX@Z 0000000180008d68 f i ConEmuPluginA.obj
 0001:00007d68       ?Open@CPluginW995@@UEAAPEAXPEBX@Z 0000000180008d68 f i ConEmuPlugin995.obj
 0001:00007d70       ?OpenEditor@CPluginW995@@UEAA_NPEB_W_N11HH@Z 0000000180008d70 f   ConEmuPlugin995.obj
 0001:00007e78       ?PanelControlApi@CPluginW995@@UEAA_JPEAXH_J0@Z 0000000180008e78 f   ConEmuPlugin995.obj
 0001:00007ebc       ?PostMacroApi@CPluginW995@@UEAAXPEB_WPEAU_INPUT_RECORD@@_N@Z 0000000180008ebc f   ConEmuPlugin995.obj
 0001:00007f64       ?ProcessEditorEventPtr@CPluginAnsi@@UEAAHPEAX@Z 0000000180008f64 f i ConEmuPluginA.obj
 0001:00007f64       ?ProcessSynchroEventPtr@CPluginW995@@UEAAHPEAX@Z 0000000180008f64 f i ConEmuPlugin995.obj
 0001:00007f64       ?ProcessViewerEventPtr@CPluginAnsi@@UEAAHPEAX@Z 0000000180008f64 f i ConEmuPluginA.obj
 0001:00007f64       ?ProcessViewerEventPtr@CPluginW995@@UEAAHPEAX@Z 0000000180008f64 f i ConEmuPlugin995.obj
 0001:00007f64       ?ProcessEditorInputPtr@CPluginAnsi@@UEAAHPEBX@Z 0000000180008f64 f i ConEmuPluginA.obj
 0001:00007f64       ?ProcessEditorEventPtr@CPluginW995@@UEAAHPEAX@Z 0000000180008f64 f i ConEmuPlugin995.obj
 0001:00007f64       ?ProcessSynchroEventPtr@CPluginAnsi@@UEAAHPEAX@Z 0000000180008f64 f i ConEmuPluginA.obj
 0001:00007f68       ?ProcessEditorInputPtr@CPluginW995@@UEAAHPEBX@Z 0000000180008f68 f   ConEmuPlugin995.obj
 0001:00007f84       ?RedrawAll@CPluginW995@@UEAAXXZ 0000000180008f84 f   ConEmuPlugin995.obj
 0001:00007fb4       ?SetStartupInfoPtr@CPluginW995@@UEAAXPEAX@Z 0000000180008fb4 f   ConEmuPlugin995.obj
 0001:000080f4       ?SetWindow@CPluginW995@@UEAAXH@Z 00000001800090f4 f   ConEmuPlugin995.obj
 0001:00008140       ?ShowMessage@CPluginW995@@UEAAHPEB_WH_N@Z 0000000180009140 f   ConEmuPlugin995.obj
 0001:000081a0       ?ShowPluginMenu@CPluginW995@@UEAAHPEAUConEmuPluginMenuItem@@HH@Z 00000001800091a0 f   ConEmuPlugin995.obj
 0001:000082dc       ?ShowUserScreen@CPluginW995@@UEAAX_N@Z 00000001800092dc f   ConEmuPlugin995.obj
 0001:00008308       ?StopWaitEndSynchro@CPluginW995@@UEAAXXZ 0000000180009308 f   ConEmuPlugin995.obj
 0001:00008338       ?UpdateConEmuTabsApi@CPluginW995@@UEAA_NH@Z 0000000180009338 f   ConEmuPlugin995.obj
 0001:000085b0       ?WaitEndSynchro@CPluginW995@@UEAAXXZ 00000001800095b0 f   ConEmuPlugin995.obj
 0001:00008744       ??0CPluginAnsi@@QEAA@XZ    0000000180009744 f   ConEmuPluginA.obj
 0001:000088a8       ??_ECPluginAnsi@@UEAAPEAXI@Z 00000001800098a8 f i ConEmuPluginA.obj
 0001:000088a8       ??_GCPluginAnsi@@UEAAPEAXI@Z 00000001800098a8 f i ConEmuPluginA.obj
 0001:00008e60       ?CheckPanelExist@CPluginAnsi@@UEAA_NXZ 0000000180009e60 f   ConEmuPluginA.obj
 0001:00008e98       ?GetFarRect@CPluginAnsi@@UEAA_NAEAU_SMALL_RECT@@@Z 0000000180009e98 f i ConEmuPluginA.obj
 0001:00008e98       ?ExecuteSynchroApi@CPluginAnsi@@UEAA_NXZ 0000000180009e98 f i ConEmuPluginA.obj
 0001:00008e9c       ?ExitFar@CPluginAnsi@@UEAAXXZ 0000000180009e9c f   ConEmuPluginA.obj
 0001:00008ee0       ?GetActiveWindowType@CPluginAnsi@@UEAAHXZ 0000000180009ee0 f   ConEmuPluginA.obj
 0001:00008f64       ?GetEditorModifiedState@CPluginAnsi@@UEAAKXZ 0000000180009f64 f   ConEmuPluginA.obj
 0001:00008fbc       ?GetMacroArea@CPluginAnsi@@UEAAHXZ 0000000180009fbc f   ConEmuPluginA.obj
 0001:00008fbc       _get_startup_argv_mode     0000000180009fbc f   LIBCMT:argv_mode.obj
 0001:00008fc4       ?GetMsg@CPluginAnsi@@UEAAPEB_WHPEA_W_K@Z 0000000180009fc4 f   ConEmuPluginA.obj
 0001:00009064       ?GetPanelDir@CPluginAnsi@@UEAAPEA_WKPEA_WH@Z 000000018000a064 f   ConEmuPluginA.obj
 0001:0000915c       ?GetPanelInfo@CPluginAnsi@@UEAA_NKPEAUCEPanelInfo@@@Z 000000018000a15c f   ConEmuPluginA.obj
 0001:000093b0       ?GetPanelItemInfo@CPluginAnsi@@UEAA_NAEBUCEPanelInfo@@_N_JAEAU_WIN32_FIND_DATAW@@PEAPEA_W@Z 000000018000a3b0 f   ConEmuPluginA.obj
 0001:000094d4       ?GetPluginInfoPtr@CPluginAnsi@@UEAAXPEAX@Z 000000018000a4d4 f   ConEmuPluginA.obj
 0001:00009560       ?GetWindowCount@CPluginAnsi@@UEAAHXZ 000000018000a560 f   ConEmuPluginA.obj
 0001:0000958c       ?GuiMacroDlg@CPluginAnsi@@UEAAXXZ 000000018000a58c f   ConEmuPluginA.obj
 0001:00009594       ?InputBox@CPluginAnsi@@UEAA_NPEB_W000AEAPEA_W@Z 000000018000a594 f   ConEmuPluginA.obj
 0001:000096f4       ?IsMacroActive@CPluginAnsi@@UEAA_NXZ 000000018000a6f4 f   ConEmuPluginA.obj
 0001:00009768       ?LoadFarColors@CPluginAnsi@@UEAAXAEAY0BAA@E@Z 000000018000a768 f   ConEmuPluginA.obj
 0001:00009828       ?LoadFarSettings@CPluginAnsi@@UEAAXPEAUCEFarInterfaceSettings@@PEAUCEFarPanelSettings@@@Z 000000018000a828 f   ConEmuPluginA.obj
 0001:00009888       ?OpenEditor@CPluginAnsi@@UEAA_NPEB_W_N11HH@Z 000000018000a888 f   ConEmuPluginA.obj
 0001:000099c4       ?PanelControlApi@CPluginAnsi@@UEAA_JPEAXH_J0@Z 000000018000a9c4 f   ConEmuPluginA.obj
 0001:00009a00       ?PostMacroApi@CPluginAnsi@@UEAAXPEB_WPEAU_INPUT_RECORD@@_N@Z 000000018000aa00 f   ConEmuPluginA.obj
 0001:00009ac4       ?RedrawAll@CPluginAnsi@@UEAAXXZ 000000018000aac4 f   ConEmuPluginA.obj
 0001:00009af8       ?SetStartupInfoPtr@CPluginAnsi@@UEAAXPEAX@Z 000000018000aaf8 f   ConEmuPluginA.obj
 0001:00009c3c       ?SetWindow@CPluginAnsi@@UEAAXH@Z 000000018000ac3c f   ConEmuPluginA.obj
 0001:00009c90       ?ShowMessage@CPluginAnsi@@UEAAHPEB_WH_N@Z 000000018000ac90 f   ConEmuPluginA.obj
 0001:00009d6c       ?ShowPluginMenu@CPluginAnsi@@UEAAHPEAUConEmuPluginMenuItem@@HH@Z 000000018000ad6c f   ConEmuPluginA.obj
 0001:00009f0c       ?ShowUserScreen@CPluginAnsi@@UEAAX_N@Z 000000018000af0c f   ConEmuPluginA.obj
 0001:00009f38       ?UpdateConEmuTabsApi@CPluginAnsi@@UEAA_NH@Z 000000018000af38 f   ConEmuPluginA.obj
 0001:0000a1f4       ??$swprintf_c@$0BAE@@@YAHAEAY0BAE@_WPEB_WZZ 000000018000b1f4 f i ConEmuPluginBase.obj
 0001:0000a220       ??$swprintf_c@$0DAM@@@YAHAEAY0DAM@_WPEB_WZZ 000000018000b220 f i ConEmuPluginBase.obj
 0001:0000a24c       ??$swprintf_c@$0EAA@@@YAHAEAY0EAA@_WPEB_WZZ 000000018000b24c f i ConEmuPluginBase.obj
 0001:0000a278       ??$swprintf_c@$0MI@@@YAHAEAY0MI@_WPEB_WZZ 000000018000b278 f i ConEmuPluginBase.obj
 0001:0000a2a4       ??$wcscpy_c@$0BBE@@@YAHAEAY0BBE@_WPEB_W@Z 000000018000b2a4 f i ConEmuPluginBase.obj
 0001:0000a2f0       ??$wcscpy_c@$0CAI@@@YAHAEAY0CAI@_WPEB_W@Z 000000018000b2f0 f i ConEmuPluginBase.obj
 0001:0000a33c       ??0CPluginBase@@QEAA@XZ    000000018000b33c f   ConEmuPluginBase.obj
 0001:0000a464       ??0MWow64Disable@@QEAA@XZ  000000018000b464 f i ConEmuPluginBase.obj
 0001:0000a4d8       ??1?$MFileMapping@UCESERVER_CONSOLE_MAPPING_HDR@@@@QEAA@XZ 000000018000b4d8 f i ConEmuPluginBase.obj
 0001:0000a4d8       ??1?$MFileMapping@UPanelViewSetMapping@@@@QEAA@XZ 000000018000b4d8 f i PluginBackground.obj
 0001:0000a4d8       ??1?$MFileMapping@UConEmuGuiMapping@@@@QEAA@XZ 000000018000b4d8 f i common-user64:ConEmuCheckEx.obj
 0001:0000a52c       ??1CPluginBase@@UEAA@XZ    000000018000b52c f   ConEmuPluginBase.obj
 0001:0000a538       ??1MWow64Disable@@QEAA@XZ  000000018000b538 f i ConEmuPluginBase.obj
 0001:0000a55c       ??_GCPluginBase@@UEAAPEAXI@Z 000000018000b55c f i ConEmuPluginBase.obj
 0001:0000a55c       ??_ECPluginBase@@UEAAPEAXI@Z 000000018000b55c f i ConEmuPluginBase.obj
 0001:0000a588       ?ActivatePlugin@CPluginBase@@QEAA_NKPEAXK@Z 000000018000b588 f   ConEmuPluginBase.obj
 0001:0000a754       ?AddTab@CPluginBase@@QEAA_NAEAHH_N1HPEB_W2HHHH@Z 000000018000b754 f   ConEmuPluginBase.obj
 0001:0000aab8       ?AddTabFinish@CPluginBase@@QEAAXH@Z 000000018000bab8 f   ConEmuPluginBase.obj
 0001:0000aac4       ?Attach2Gui@CPluginBase@@QEAA_N_N@Z 000000018000bac4 f   ConEmuPluginBase.obj
 0001:0000aeec       ?BackgroundMacroError@CPluginBase@@SAKPEAX@Z 000000018000beec f   ConEmuPluginBase.obj
 0001:0000af14       ?CheckBufferEnabled@CPluginBase@@QEAA_NXZ 000000018000bf14 f   ConEmuPluginBase.obj
 0001:0000af78       ?CheckConEmuDetached@CPluginBase@@SAXXZ 000000018000bf78 f   ConEmuPluginBase.obj
 0001:0000b1ac       ?CheckResources@CPluginBase@@QEAAX_N@Z 000000018000c1ac f   ConEmuPluginBase.obj
 0001:0000b38c       ?CloseMapHeader@CPluginBase@@SAXXZ 000000018000c38c f   ConEmuPluginBase.obj
 0001:0000b3e8       ?CloseTabs@CPluginBase@@SAXXZ 000000018000c3e8 f   ConEmuPluginBase.obj
 0001:0000b488       ?CommonPluginStartup@CPluginBase@@QEAAXXZ 000000018000c488 f   ConEmuPluginBase.obj
 0001:0000b594       ?CreateTabs@CPluginBase@@SA_NH@Z 000000018000c594 f   ConEmuPluginBase.obj
 0001:0000b654       ?DllCheckUnique@CPluginBase@@KA_N_N@Z 000000018000c654 f   ConEmuPluginBase.obj
 0001:0000b890       ?DllMain_ProcessAttach@CPluginBase@@KAXPEAUHINSTANCE__@@@Z 000000018000c890 f   ConEmuPluginBase.obj
 0001:0000b978       ?DllMain_ProcessDetach@CPluginBase@@KAXXZ 000000018000c978 f   ConEmuPluginBase.obj
 0001:0000ba60       ?EditViewConsoleOutput@CPluginBase@@QEAAX_N@Z 000000018000ca60 f   ConEmuPluginBase.obj
 0001:0000bb38       ?EmergencyShow@CPluginBase@@KAXXZ 000000018000cb38 f   ConEmuPluginBase.obj
 0001:0000bb94       ?ExecuteSynchro@CPluginBase@@QEAAXXZ 000000018000cb94 f   ConEmuPluginBase.obj
 0001:0000bc18       ?ExitFarCommon@CPluginBase@@QEAAX_N@Z 000000018000cc18 f   ConEmuPluginBase.obj
 0001:0000bc44       ?FarSetConsoleSize@CPluginBase@@SA_NFF@Z 000000018000cc44 f   ConEmuPluginBase.obj
 0001:0000bd50       ?FillLoadedParm@CPluginBase@@SAXPEAUConEmuLoadedArg@@PEAUHINSTANCE__@@H@Z 000000018000cd50 f   ConEmuPluginBase.obj
 0001:0000be28       ?FillUpdateBackground@CPluginBase@@QEAAXPEAUPaintBackgroundArg@@@Z 000000018000ce28 f   ConEmuPluginBase.obj
 0001:0000bfa4       ?FindServerCmd@CPluginBase@@QEAA_NKAEAK_N@Z 000000018000cfa4 f   ConEmuPluginBase.obj
 0001:0000c0a0       ?GetMainThreadId@CPluginBase@@SAKXZ 000000018000d0a0 f   ConEmuPluginBase.obj
 0001:0000c150       ?GetPanelInfo@CPluginBase@@QEAA_NKPEAUBkPanelInfo@@@Z 000000018000d150 f   ConEmuPluginBase.obj
 0001:0000c1f4       ?InitHWND@CPluginBase@@SAXXZ 000000018000d1f4 f   ConEmuPluginBase.obj
 0001:0000c494       ?InitResources@CPluginBase@@QEAAXXZ 000000018000d494 f   ConEmuPluginBase.obj
 0001:0000c6b8       ?InitRootRegKey@CPluginBase@@IEAAXXZ 000000018000d6b8 f   ConEmuPluginBase.obj
 0001:0000c7b4       ?IsCurrentTabModal@CPluginBase@@QEAA_NXZ 000000018000d7b4 f   ConEmuPluginBase.obj
 0001:0000c970       ?LoadFarVersion@CPluginBase@@SA_NXZ 000000018000d970 f   ConEmuPluginBase.obj
 0001:0000cc24       ?LoadPanelTabsFromRegistry@CPluginBase@@IEAAXXZ 000000018000dc24 f   ConEmuPluginBase.obj
 0001:0000cd50       ?MonitorThreadProcW@CPluginBase@@SAKPEAX@Z 000000018000dd50 f   ConEmuPluginBase.obj
 0001:0000d154       ?NotifyConEmuUnloaded@CPluginBase@@SAXXZ 000000018000e154 f   ConEmuPluginBase.obj
 0001:0000d278       ?OnConsoleDetaching@CPluginBase@@SAHPEAUHookCallbackArg@@@Z 000000018000e278 f   ConEmuPluginBase.obj
 0001:0000d3a4       ?OnConsolePeekInput@CPluginBase@@SAHPEAUHookCallbackArg@@@Z 000000018000e3a4 f   ConEmuPluginBase.obj
 0001:0000d40c       ?OnConsolePeekInputPost@CPluginBase@@SAHPEAUHookCallbackArg@@@Z 000000018000e40c f   ConEmuPluginBase.obj
 0001:0000d43c       ?OnConsolePeekReadInput@CPluginBase@@SAX_N@Z 000000018000e43c f   ConEmuPluginBase.obj
 0001:0000d634       ?OnConsoleReadInput@CPluginBase@@SAHPEAUHookCallbackArg@@@Z 000000018000e634 f   ConEmuPluginBase.obj
 0001:0000d63c       ?OnConsoleReadInputPost@CPluginBase@@SAHPEAUHookCallbackArg@@@Z 000000018000e63c f   ConEmuPluginBase.obj
 0001:0000d7ec       ?OnConsoleReadInputWork@CPluginBase@@SAHPEAUHookCallbackArg@@@Z 000000018000e7ec f   ConEmuPluginBase.obj
 0001:0000d860       ?OnConsoleWasAttached@CPluginBase@@SAHPEAUHookCallbackArg@@@Z 000000018000e860 f   ConEmuPluginBase.obj
 0001:0000d8c8       ?OnCurDirChanged@CPluginBase@@SAXXZ 000000018000e8c8 f   ConEmuPluginBase.obj
 0001:0000d92c       ?OnGetNumberOfConsoleInputEventsPost@CPluginBase@@SAHPEAUHookCallbackArg@@@Z 000000018000e92c f   ConEmuPluginBase.obj
 0001:0000d960       ?OnLibraryLoaded@CPluginBase@@SAXPEAUHINSTANCE__@@@Z 000000018000e960 f   ConEmuPluginBase.obj
 0001:0000da00       ?OnMainThreadActivated@CPluginBase@@QEAAXXZ 000000018000ea00 f   ConEmuPluginBase.obj
 0001:0000dba4       ?OnPanelViewCallbacks@CPluginBase@@SA_NPEAUHookCallbackArg@@P6AHPEAXPEAU_INPUT_RECORD@@KPEAKPEAH@Z5@Z 000000018000eba4 f   ConEmuPluginBase.obj
 0001:0000dc7c       ?OnPostWriteConsoleOutput@CPluginBase@@SAHPEAUHookCallbackArg@@@Z 000000018000ec7c f   ConEmuPluginBase.obj
 0001:0000dc88       ?OnShellExecuteExW_Except@CPluginBase@@SAHPEAUHookCallbackArg@@@Z 000000018000ec88 f   ConEmuPluginBase.obj
 0001:0000dcc8       ?OnWriteConsoleOutput@CPluginBase@@SAHPEAUHookCallbackArg@@@Z 000000018000ecc8 f   ConEmuPluginBase.obj
 0001:0000dd9c       ?OpenMapHeader@CPluginBase@@SAHXZ 000000018000ed9c f   ConEmuPluginBase.obj
 0001:0000dff8       ?OpenPluginCommon@CPluginBase@@QEAAPEAXH_J_N@Z 000000018000eff8 f   ConEmuPluginBase.obj
 0001:0000e2d8       ?OutDataAlloc@CPluginBase@@SA_NK@Z 000000018000f2d8 f   ConEmuPluginBase.obj
 0001:0000e338       ?OutDataRealloc@CPluginBase@@SA_NK@Z 000000018000f338 f   ConEmuPluginBase.obj
 0001:0000e404       ?OutDataWrite@CPluginBase@@SA_NPEAXK@Z 000000018000f404 f   ConEmuPluginBase.obj
 0001:0000e4a4       ?PanelControl@CPluginBase@@QEAA_JPEAXH_J0@Z 000000018000f4a4 f   ConEmuPluginBase.obj
 0001:0000e53c       ?Plugin@@YAPEAVCPluginBase@@XZ 000000018000f53c f   ConEmuPluginBase.obj
 0001:0000e604       ?PrintText@CPluginBase@@QEAA_NPEB_W@Z 000000018000f604 f   ConEmuPluginBase.obj
 0001:0000e730       ?ProcessCommand@CPluginBase@@QEAA_NKHPEAXPEAPEAUCESERVER_REQ@@_N@Z 000000018000f730 f   ConEmuPluginBase.obj
 0001:0000ebb8       ?ProcessCommandLine@CPluginBase@@QEAA_NPEA_W@Z 000000018000fbb8 f   ConEmuPluginBase.obj
 0001:0000ec04       ?ProcessDragFrom@CPluginBase@@QEAAXXZ 000000018000fc04 f   ConEmuPluginBase.obj
 0001:0000f088       ?ProcessDragTo@CPluginBase@@QEAAXXZ 0000000180010088 f   ConEmuPluginBase.obj
 0001:0000f398       ?ProcessEditorInputInternal@CPluginBase@@QEAAXAEBU_INPUT_RECORD@@@Z 0000000180010398 f   ConEmuPluginBase.obj
 0001:0000f3c4       ?ProcessEditorViewerEvent@CPluginBase@@QEAAHHH@Z 00000001800103c4 f   ConEmuPluginBase.obj
 0001:0000f478       ?ProcessSetWindowCommand@CPluginBase@@QEAAXXZ 0000000180010478 f   ConEmuPluginBase.obj
 0001:0000f59c       ?ProcessSynchroEvent@CPluginBase@@QEAAHHPEAX@Z 000000018001059c f   ConEmuPluginBase.obj
 0001:0000f620       ?ReloadFarInfo@CPluginBase@@QEAA_N_N@Z 0000000180010620 f   ConEmuPluginBase.obj
 0001:0000f8a0       ?ReloadFarInfoApi@CPluginBase@@IEAA_NXZ 00000001800108a0 f   ConEmuPluginBase.obj
 0001:0000fa74       ?RunExternalProgram@CPluginBase@@QEAA_NPEA_W@Z 0000000180010a74 f   ConEmuPluginBase.obj
 0001:0000fbf0       ?RunExternalProgramW@CPluginBase@@SA_NPEA_W0_N@Z 0000000180010bf0 f   ConEmuPluginBase.obj
 0001:0000fe54       ?SendTabs@CPluginBase@@SAXH_N@Z 0000000180010e54 f   ConEmuPluginBase.obj
 0001:00010010       ?SetRootRegKey@CPluginBase@@IEAAXPEA_W@Z 0000000180011010 f   ConEmuPluginBase.obj
 0001:000100ac       ?ShowConsoleInfo@CPluginBase@@QEAAXXZ 00000001800110ac f   ConEmuPluginBase.obj
 0001:000102b0       ?ShowMessage@CPluginBase@@QEAAHHH@Z 00000001800112b0 f   ConEmuPluginBase.obj
 0001:0001032c       ?ShowMessageBox@CPluginBase@@KAHPEB_WI@Z 000000018001132c f   ConEmuPluginBase.obj
 0001:00010410       ?ShowMessageGui@CPluginBase@@QEAAHHH@Z 0000000180011410 f   ConEmuPluginBase.obj
 0001:00010498       ?ShowPanelsList@CPluginBase@@QEAAXXZ 0000000180011498 f   ConEmuPluginBase.obj
 0001:000105ec       ?ShowPluginMenu@CPluginBase@@QEAAXW4PluginCallCommands@@@Z 00000001800115ec f   ConEmuPluginBase.obj
 0001:00010800       ?ShowProtocolWarning@CPluginBase@@KAXXZ 0000000180011800 f   ConEmuPluginBase.obj
 0001:00010978       ?ShowTabsList@CPluginBase@@QEAAXXZ 0000000180011978 f   ConEmuPluginBase.obj
 0001:00010c04       ?StartDebugger@CPluginBase@@QEAA_NXZ 0000000180011c04 f   ConEmuPluginBase.obj
 0001:00010eb8       ?StopThread@CPluginBase@@QEAAX_N@Z 0000000180011eb8 f   ConEmuPluginBase.obj
 0001:00011180       ?StorePanelDirs@CPluginBase@@QEAA_NPEB_W0@Z 0000000180012180 f   ConEmuPluginBase.obj
 0001:000112f0       ?StringCchCatW@@YAJPEA_W_KPEB_W@Z 00000001800122f0 f i ConEmuPluginBase.obj
 0001:000113b0       ?StringCchCopyW@@YAJPEA_W_KPEB_W@Z 00000001800123b0 f i ConEmuPluginBase.obj
 0001:0001141c       ?SwitchTabCommand@CPluginBase@@QEAAXW4PluginMenuCommands@@@Z 000000018001241c f   ConEmuPluginBase.obj
 0001:000114a0       ?ToOem@CPluginBase@@SAPEADPEB_W@Z 00000001800124a0 f   ConEmuPluginBase.obj
 0001:000114fc       ?ToOem@CPluginBase@@SAXPEB_WPEAD_J@Z 00000001800124fc f   ConEmuPluginBase.obj
 0001:0001153c       ?ToUnicode@CPluginBase@@SAPEA_WPEBD@Z 000000018001253c f   ConEmuPluginBase.obj
 0001:000115bc       ?TouchReadPeekConsoleInputs@CPluginBase@@SAXH@Z 00000001800125bc f   ConEmuPluginBase.obj
 0001:00011608       ?UngetDummyMouseEvent@CPluginBase@@SA_N_NPEAUHookCallbackArg@@@Z 0000000180012608 f   ConEmuPluginBase.obj
 0001:000117b4       ?UpdateConEmuTabs@CPluginBase@@QEAA_N_N@Z 00000001800127b4 f   ConEmuPluginBase.obj
 0001:00011a34       ?UpdatePanelDirs@CPluginBase@@QEAAXXZ 0000000180012a34 f   ConEmuPluginBase.obj
 0001:00011bf8       ?WaitPluginActivation@CPluginBase@@SAKKPEAPEAXHK@Z 0000000180012bf8 f   ConEmuPluginBase.obj
 0001:00011d08       ?cmd_CloseQSearch@CPluginBase@@QEAAXXZ 0000000180012d08 f   ConEmuPluginBase.obj
 0001:00011d44       ?cmd_ConSetFont@CPluginBase@@QEAAXPEAX@Z 0000000180012d44 f   ConEmuPluginBase.obj
 0001:00011d98       ?cmd_EMenu@CPluginBase@@QEAAXPEAX@Z 0000000180012d98 f   ConEmuPluginBase.obj
 0001:00011eb4       ?cmd_ExternalCallback@CPluginBase@@QEAA_NPEAX@Z 0000000180012eb4 f   ConEmuPluginBase.obj
 0001:00011f18       ?cmd_GuiChanged@CPluginBase@@QEAAXPEAX@Z 0000000180012f18 f   ConEmuPluginBase.obj
 0001:00011fa4       ?cmd_LeftClickSync@CPluginBase@@QEAAXPEAX@Z 0000000180012fa4 f   ConEmuPluginBase.obj
 0001:00012090       ?cmd_OpenEditorLine@CPluginBase@@QEAA_NPEAUCESERVER_REQ_FAREDITOR@@@Z 0000000180013090 f   ConEmuPluginBase.obj
 0001:0001215c       ?cmd_RedrawFarCall@CPluginBase@@QEAA_NAEAPEAUCESERVER_REQ@@PEAPEAU2@@Z 000000018001315c f   ConEmuPluginBase.obj
 0001:00012230       ?cmd_SetWindow@CPluginBase@@QEAA_NPEAX_N@Z 0000000180013230 f   ConEmuPluginBase.obj
 0001:000122bc       ?isMacroActive@CPluginBase@@QEAA_NAEAH@Z 00000001800132bc f   ConEmuPluginBase.obj
 0001:000122f8       ?isModalEditorViewer@CPluginBase@@QEAA_NXZ 00000001800132f8 f   ConEmuPluginBase.obj
 0001:00012324       ?pcc_Disabled@CPluginBase@@SA_NW4PluginMenuCommands@@@Z 0000000180013324 f   ConEmuPluginBase.obj
 0001:00012398       ?pcc_Selected@CPluginBase@@SA_NW4PluginMenuCommands@@@Z 0000000180013398 f   ConEmuPluginBase.obj
 0001:000123f4       ??0CPluginBackground@@QEAA@XZ 00000001800133f4 f   PluginBackground.obj
 0001:000125ac       ??1CPluginBackground@@QEAA@XZ 00000001800135ac f   PluginBackground.obj
 0001:00012714       ?CheckPanelFolders@CPluginBackground@@IEAAXH@Z 0000000180013714 f   PluginBackground.obj
 0001:000127e4       ?IsParmChanged@CPluginBackground@@IEAA_NPEAUPaintBackgroundArg@@0@Z 00000001800137e4 f   PluginBackground.obj
 0001:00012a5c       ?LoadThSet@CPluginBackground@@IEAAHH@Z 0000000180013a5c f   PluginBackground.obj
 0001:00012e58       ?MonitorBackground@CPluginBackground@@QEAAXXZ 0000000180013e58 f   PluginBackground.obj
 0001:00012ec0       ?OnMainThreadActivated@CPluginBackground@@QEAAXHH@Z 0000000180013ec0 f   PluginBackground.obj
 0001:00012f84       ?ReallocItems@CPluginBackground@@IEAAXH@Z 0000000180013f84 f   PluginBackground.obj
 0001:00012fec       ?RegisterSubplugin@CPluginBackground@@QEAAHPEAURegisterBackgroundArg@@@Z 0000000180013fec f   PluginBackground.obj
 0001:00013274       ?SetDcPanelRect@CPluginBackground@@IEAAXPEAUtagRECT@@PEAUBkPanelInfo@@PEAUPaintBackgroundArg@@@Z 0000000180014274 f   PluginBackground.obj
 0001:00013348       ?SetForceThLoad@CPluginBackground@@QEAAXXZ 0000000180014348 f   PluginBackground.obj
 0001:00013360       ?SetForceUpdate@CPluginBackground@@QEAAX_N@Z 0000000180014360 f   PluginBackground.obj
 0001:00013380       ?UpdateBackground@CPluginBackground@@IEAAXXZ 0000000180014380 f   PluginBackground.obj
 0001:00013bf4       ?UpdateBackground_Exec@CPluginBackground@@KAXPEAURegisterBackgroundArg@@PEAUPaintBackgroundArg@@@Z 0000000180014bf4 f   PluginBackground.obj
 0001:00013c38       ??$swprintf_c@$09@@YAHAEAY09_WPEB_WZZ 0000000180014c38 f i PluginSrv.obj
 0001:00013c64       ??$wcscpy_c@$0BAE@@@YAHAEAY0BAE@_WPEB_W@Z 0000000180014c64 f i PluginSrv.obj
 0001:00013cb0       ?DumpError@?$PipeServer@UCESERVER_REQ@@@@IEAAXPEAUPipeInst@1@PEB_WH@Z 0000000180014cb0 f i PluginSrv.obj
 0001:00013dc4       ?PipeServerRead@?$PipeServer@UCESERVER_REQ@@@@IEAAHPEAUPipeInst@1@@Z 0000000180014dc4 f i PluginSrv.obj
 0001:00014060       ?PipeServerThread@?$PipeServer@UCESERVER_REQ@@@@IEAAKPEAUPipeInst@1@@Z 0000000180015060 f i PluginSrv.obj
 0001:00014330       ?PipeServerWrite@?$PipeServer@UCESERVER_REQ@@@@IEAAHPEAUPipeInst@1@PEBXKPEAKH@Z 0000000180015330 f i PluginSrv.obj
 0001:0001445c       ?PlugServerCommand@@YAHPEAXPEAUCESERVER_REQ@@AEAPEAU1@AEAK3_J@Z 000000018001545c f   PluginSrv.obj
 0001:0001499c       ?PlugServerFree@@YAXPEAUCESERVER_REQ@@_J@Z 000000018001599c f   PluginSrv.obj
 0001:000149b4       ?PlugServerStart@@YA_NXZ   00000001800159b4 f   PluginSrv.obj
 0001:00014ac8       ?PlugServerStop@@YAX_N@Z   0000000180015ac8 f   PluginSrv.obj
 0001:00014b10       ?StartPipeInstance@?$PipeServer@UCESERVER_REQ@@@@IEAA_NPEAUPipeInst@1@@Z 0000000180015b10 f i PluginSrv.obj
 0001:00014ca0       ?StartPipeServer@?$PipeServer@UCESERVER_REQ@@@@QEAA_N_NPEB_W_JPEAU_SECURITY_ATTRIBUTES@@P6AHPEAXPEAUCESERVER_REQ@@AEAPEAU3@AEAK72@ZP6AX52@ZP6AH42@ZP6AH42@ZP6AH42@Z@Z 0000000180015ca0 f i PluginSrv.obj
 0001:00014e24       ?StopPipeServer@?$PipeServer@UCESERVER_REQ@@@@QEAAX_NAEA_N@Z 0000000180015e24 f i PluginSrv.obj
 0001:000151ac       ?WaitForClient@?$PipeServer@UCESERVER_REQ@@@@IEAA_NPEAUPipeInst@1@AEAH1@Z 00000001800161ac f i PluginSrv.obj
 0001:000154c4       ?WaitOverlapped@?$PipeServer@UCESERVER_REQ@@@@IEAAHPEAUPipeInst@1@PEAK@Z 00000001800164c4 f i PluginSrv.obj
 0001:00015698       ?WriteDummyAnswer@?$PipeServer@UCESERVER_REQ@@@@IEAAHPEAUPipeInst@1@@Z 0000000180016698 f i PluginSrv.obj
 0001:00015718       ?_PipeServerThread@?$PipeServer@UCESERVER_REQ@@@@KAKPEAX@Z 0000000180016718 f i PluginSrv.obj
 0001:00015774       ?cmd_FarSetChanged@@YAXPEAUFAR_REQ_FARSETCHANGED@@@Z 0000000180016774 f   PluginSrv.obj
 0001:000157ce       GetFileVersionInfoSizeW    00000001800167ce f   version:VERSION.dll
 0001:000157d4       GetFileVersionInfoW        00000001800167d4 f   version:VERSION.dll
 0001:000157da       VerQueryValueW             00000001800167da f   version:VERSION.dll
 0001:000157e0       CreateToolhelp32Snapshot   00000001800167e0 f   kernel32:KERNEL32.dll
 0001:000157e6       Thread32First              00000001800167e6 f   kernel32:KERNEL32.dll
 0001:000157ec       Thread32Next               00000001800167ec f   kernel32:KERNEL32.dll
 0001:000157f2       Module32FirstW             00000001800167f2 f   kernel32:KERNEL32.dll
 0001:000157f8       Module32NextW              00000001800167f8 f   kernel32:KERNEL32.dll
 0001:00015800       ??2@YAPEAX_K@Z             0000000180016800 f   common-kernel64:Memory.obj
 0001:00015828       ??_V@YAXPEAX@Z             0000000180016828 f   common-kernel64:Memory.obj
 0001:00015828       ??3@YAXPEAX@Z              0000000180016828 f   common-kernel64:Memory.obj
 0001:00015830       ??_U@YAPEAX_K@Z            0000000180016830 f   common-kernel64:Memory.obj
 0001:00015838       ?HeapDeinitialize@@YAXXZ   0000000180016838 f   common-kernel64:Memory.obj
 0001:00015898       ?HeapInitialize@@YA_NXZ    0000000180016898 f   common-kernel64:Memory.obj
 0001:000158d4       ?xf_calloc@@YAPEAX_K0@Z    00000001800168d4 f   common-kernel64:Memory.obj
 0001:00015904       ?xf_free@@YAXPEAX@Z        0000000180016904 f   common-kernel64:Memory.obj
 0001:00015978       ?xf_malloc@@YAPEAX_K@Z     0000000180016978 f   common-kernel64:Memory.obj
 0001:000159a0       ?xf_realloc@@YAPEAXPEAX_K@Z 00000001800169a0 f   common-kernel64:Memory.obj
 0001:000159c8       ??$wcscpy_c@$0CA@@@YAHAEAY0CA@_WPEB_W@Z 00000001800169c8 f i common-kernel64:ConEmuCheck.obj
 0001:00015a14       ?ExecuteCmd@@YAPEAUCESERVER_REQ@@PEB_WPEAU1@KPEAUHWND__@@HKH@Z 0000000180016a14 f   common-kernel64:ConEmuCheck.obj
 0001:00015bfc       ?ExecuteFreeResult@@YAXAEAPEAUCESERVER_REQ@@@Z 0000000180016bfc f   common-kernel64:ConEmuCheck.obj
 0001:00015c1c       ?ExecuteGuiCmd@@YAPEAUCESERVER_REQ@@PEAUHWND__@@PEAU1@0H@Z 0000000180016c1c f   common-kernel64:ConEmuCheck.obj
 0001:00015cdc       ?ExecuteNewCmd@@YAPEAUCESERVER_REQ@@K_K@Z 0000000180016cdc f   common-kernel64:ConEmuCheck.obj
 0001:00015d40       ?ExecuteNewCmd@@YA_NAEAPEAUCESERVER_REQ@@AEAKK_K@Z 0000000180016d40 f   common-kernel64:ConEmuCheck.obj
 0001:00015e34       ?ExecuteOpenPipe@@YAPEAXPEB_WAEAY0CAI@_W0KKHPEAXH@Z 0000000180016e34 f   common-kernel64:ConEmuCheck.obj
 0001:00015fe4       ?ExecutePrepareCmd@@YAXPEAUCESERVER_REQ@@K_K@Z 0000000180016fe4 f   common-kernel64:ConEmuCheck.obj
 0001:00016020       ?ExecutePrepareCmd@@YAXPEAUCESERVER_REQ_HDR@@K_K@Z 0000000180017020 f   common-kernel64:ConEmuCheck.obj
 0001:00016090       ?ExecuteSrvCmd@@YAPEAUCESERVER_REQ@@KPEAU1@PEAUHWND__@@HKH@Z 0000000180017090 f   common-kernel64:ConEmuCheck.obj
 0001:00016164       ?GetConEmuHWND@@YAPEAUHWND__@@H@Z 0000000180017164 f   common-kernel64:ConEmuCheck.obj
 0001:000162a8       ?GuiMessageBox@@YAHPEAUHWND__@@PEB_W1H@Z 00000001800172a8 f   common-kernel64:ConEmuCheck.obj
 0001:00016410       ?LoadSrvMapping@@YAHPEAUHWND__@@AEAUCESERVER_CONSOLE_MAPPING_HDR@@@Z 0000000180017410 f   common-kernel64:ConEmuCheck.obj
 0001:00016678       ?ModuleName@@YAPEB_WPEB_W@Z 0000000180017678 f   common-kernel64:ConEmuCheck.obj
 0001:00016738       ?isConsoleClass@@YA_NPEB_W@Z 0000000180017738 f   common-kernel64:ConEmuCheck.obj
 0001:00016788       ?isConsoleWindow@@YA_NPEAUHWND__@@@Z 0000000180017788 f   common-kernel64:ConEmuCheck.obj
 0001:00016878       ?myGetConsoleWindow@@YAPEAUHWND__@@XZ 0000000180017878 f   common-kernel64:ConEmuCheck.obj
 0001:00016914       ?StringCchVPrintfA@@YAJPEAD_KPEBD0@Z 0000000180017914 f i common-kernel64:MStrSafe.obj
 0001:000169bc       ?lstrcmpni@@YAHPEB_W0H@Z   00000001800179bc f   common-kernel64:MStrSafe.obj
 0001:00016ad0       ?msprintf@@YAPEB_WPEA_W_KPEB_WZZ 0000000180017ad0 f   common-kernel64:MStrSafe.obj
 0001:00016ed8       ?sprintf_c@@YAHPEAD_JPEBDZZ 0000000180017ed8 f   common-kernel64:MStrSafe.obj
 0001:00016f18       ?swprintf_c@@YAHPEA_W_JPEB_WZZ 0000000180017f18 f   common-kernel64:MStrSafe.obj
 0001:00016f58       ?IsFilePath@@YA_NPEB_W_N@Z 0000000180017f58 f   common-kernel64:CmdLine.obj
 0001:000170a8       ?PointToExt@@YAPEB_WPEB_W@Z 00000001800180a8 f   common-kernel64:CmdLine.obj
 0001:000170cc       ?PointToName@@YAPEB_WPEB_W@Z 00000001800180cc f   common-kernel64:CmdLine.obj
 0001:00017128       ?Unquote@@YAPEB_WPEA_W_N@Z 0000000180018128 f   common-kernel64:CmdLine.obj
 0001:00017190       ??$sprintf_c@$0CI@@@YAHAEAY0CI@DPEBDZZ 0000000180018190 f i common-kernel64:WThreads.obj
 0001:000171bc       ?SetThreadName@@YAXKPEAD@Z 00000001800181bc f   common-kernel64:WThreads.obj
 0001:000171f4       ?apiCreateThread@@YAPEAXP6AKPEAX@Z0PEAKPEBDH@Z 00000001800181f4 f   common-kernel64:WThreads.obj
 0001:0001733c       ?apiTerminateThreadEx@@YAHPEAXKPEBDH@Z 000000018001833c f   common-kernel64:WThreads.obj
 0001:00017444       ?apiThreadHelper@@YAKPEAX@Z 0000000180018444 f   common-kernel64:WThreads.obj
 0001:00017650       ?lstrdup@@YAPEA_WPEB_W_K@Z 0000000180018650 f   common-kernel64:MStrDup.obj
 0001:000176c4       ?lstrmerge@@YAPEA_WPEB_W00000000@Z 00000001800186c4 f   common-kernel64:MStrDup.obj
 0001:00017808       ?lstrmerge@@YA_NPEAPEA_WPEB_W1111111@Z 0000000180018808 f   common-kernel64:MStrDup.obj
 0001:00017880       ??0CEnvStrings@@QEAA@PEA_W@Z 0000000180018880 f   common-kernel64:EnvVar.obj
 0001:000178f4       ??1CEnvStrings@@QEAA@XZ    00000001800188f4 f   common-kernel64:EnvVar.obj
 0001:00017918       ?Clear@CEnvRestorer@@QEAAXXZ 0000000180018918 f   common-kernel64:EnvVar.obj
 0001:0001793c       ?ExpandEnvStr@@YAPEA_WPEB_W@Z 000000018001893c f   common-kernel64:EnvVar.obj
 0001:000179e8       ?GetEnvVar@@YAPEA_WPEB_W@Z 00000001800189e8 f   common-kernel64:EnvVar.obj
 0001:00017a8c       ?SavePathVar@CEnvRestorer@@QEAAXPEB_W@Z 0000000180018a8c f   common-kernel64:EnvVar.obj
 0001:00017ac0       ?CommonShutdown@@YAXXZ     0000000180018ac0 f   common-kernel64:Common.obj
 0001:00017ad0       ?IsEnvBlockVariableValid@@YA_NPEB_W@Z 0000000180018ad0 f   common-kernel64:Common.obj
 0001:00017b04       ?IsEnvBlockVariableValid@@YA_NPEB_WAEAPEB_W@Z 0000000180018b04 f   common-kernel64:Common.obj
 0001:00017b58       ?SetCommand@CESERVER_REQ_NEWCMD@@QEAAXPEB_W@Z 0000000180018b58 f   common-kernel64:Common.obj
 0001:00017bc0       ?SetEnvStrings@CESERVER_REQ_NEWCMD@@QEAAXPEB_WK@Z 0000000180018bc0 f   common-kernel64:Common.obj
 0001:00017cd8       ??_GMNullDesc@@QEAAPEAXI@Z 0000000180018cd8 f i common-kernel64:MSecurity.obj
 0001:00017d4c       ?LoadAdvApi@MNullDesc@@IEAAHXZ 0000000180018d4c f i common-kernel64:MSecurity.obj
 0001:00017f00       ?LocalSecurity@@YAPEAU_SECURITY_ATTRIBUTES@@XZ 0000000180018f00 f   common-kernel64:MSecurity.obj
 0001:00017f58       ?LocalSecurity@MNullDesc@@QEAAPEAU_SECURITY_ATTRIBUTES@@XZ 0000000180018f58 f i common-kernel64:MSecurity.obj
 0001:000180d4       ?ShutdownSecurity@@YAXXZ   00000001800190d4 f   common-kernel64:MSecurity.obj
 0001:000180fc       ??0CEStr@@QEAA@$$QEAPEA_W@Z 00000001800190fc f   common-kernel64:CEStr.obj
 0001:0001811c       ??0CEStr@@QEAA@PEB_W00000000@Z 000000018001911c f   common-kernel64:CEStr.obj
 0001:000181b4       ??0CEStr@@QEAA@XZ          00000001800191b4 f   common-kernel64:CEStr.obj
 0001:000181c4       ??0bad_alloc@stdext@@QEAA@AEBV01@@Z 00000001800191c4 f i common-kernel64:CEStr.obj
 0001:000181e4       ??0bad_alloc@stdext@@QEAA@XZ 00000001800191e4 f i common-kernel64:CEStr.obj
 0001:00018200       ??0exception@stdext@@QEAA@AEBV01@@Z 0000000180019200 f i common-kernel64:CEStr.obj
 0001:00018218       ??1CEStr@@QEAA@XZ          0000000180019218 f   common-kernel64:CEStr.obj
 0001:00018238       ??1bad_alloc@stdext@@UEAA@XZ 0000000180019238 f i common-kernel64:CEStr.obj
 0001:00018244       ??4CEStr@@QEAAAEAU0@PEB_W@Z 0000000180019244 f   common-kernel64:CEStr.obj
 0001:00018260       ??BCEStr@@QEBAPEB_WXZ      0000000180019260 f   common-kernel64:CEStr.obj
 0001:00018264       ??_Ebad_alloc@stdext@@UEAAPEAXI@Z 0000000180019264 f i common-kernel64:CEStr.obj
 0001:00018264       ??_Gexception@stdext@@UEAAPEAXI@Z 0000000180019264 f i common-kernel64:CEStr.obj
 0001:00018264       ??_Eexception@stdext@@UEAAPEAXI@Z 0000000180019264 f i common-kernel64:CEStr.obj
 0001:00018264       ??_Gbad_alloc@stdext@@UEAAPEAXI@Z 0000000180019264 f i common-kernel64:CEStr.obj
 0001:00018290       ?AttachInt@CEStr@@AEAAPEB_WAEAPEA_W@Z 0000000180019290 f   common-kernel64:CEStr.obj
 0001:00018308       ?Clear@CEStr@@QEAAXXZ      0000000180019308 f   common-kernel64:CEStr.obj
 0001:0001832c       ?GetBuffer@CEStr@@QEAAPEA_W_J@Z 000000018001932c f   common-kernel64:CEStr.obj
 0001:000183dc       ?GetLen@CEStr@@QEBA_JXZ    00000001800193dc f   common-kernel64:CEStr.obj
 0001:00018404       ?GetMaxCount@CEStr@@QEAA_JXZ 0000000180019404 f   common-kernel64:CEStr.obj
 0001:00018430       ?Set@CEStr@@QEAAPEB_WPEB_W_J@Z 0000000180019430 f   common-kernel64:CEStr.obj
 0001:00018514       ?StringCchCopyNW@@YAJPEA_W_KPEB_W1@Z 0000000180019514 f i common-kernel64:CEStr.obj
 0001:00018588       ?_Doraise@bad_alloc@stdext@@MEBAXXZ 0000000180019588 f i common-kernel64:CEStr.obj
 0001:000185a4       ?what@exception@stdext@@UEBAPEBDXZ 00000001800195a4 f i common-kernel64:CEStr.obj
 0001:000185b8       ?FileExists@@YA_NPEB_WPEAK@Z 00000001800195b8 f   common-kernel64:WObjects.obj
 0001:00018738       ?IsWin6@@YA_NXZ            0000000180019738 f   common-kernel64:WObjects.obj
 0001:0001876c       ?IsWinVerOrHigher@@YA_NG@Z 000000018001976c f   common-kernel64:WObjects.obj
 0001:00018800       ?IsWindows64@@YA_NXZ       0000000180019800 f   common-kernel64:WObjects.obj
 0001:00018824       ?_VerifyVersionInfo@@YA_NPEAU_OSVERSIONINFOEXW@@K_K@Z 0000000180019824 f   common-kernel64:WObjects.obj
 0001:000188d4       ?Init@HkFunc@@QEAA_NPEB_WPEAUHINSTANCE__@@@Z 00000001800198d4 f   common-kernel64:HkFunc.obj
 0001:00018964       ?isConEmuHk@HkFunc@@QEAA_NXZ 0000000180019964 f   common-kernel64:HkFunc.obj
 0001:0001896c       ??$_Emplace_reallocate@AEBUtagPROCESSENTRY32W@@@?$vector@UtagPROCESSENTRY32W@@V?$MArrayAllocator@UtagPROCESSENTRY32W@@@@@std@@QEAAPEAUtagPROCESSENTRY32W@@QEAU2@AEBU2@@Z 000000018001996c f i common-kernel64:MProcess.obj
 0001:00018b5c       ??$emplace_back@AEBUtagPROCESSENTRY32W@@@?$vector@UtagPROCESSENTRY32W@@V?$MArrayAllocator@UtagPROCESSENTRY32W@@@@@std@@QEAAXAEBUtagPROCESSENTRY32W@@@Z 0000000180019b5c f i common-kernel64:MProcess.obj
 0001:00018bf8       ??0?$MToolHelp@UtagPROCESSENTRY32W@@$1?Process32FirstW@@YAHPEAXPEAU1@@Z$1?Process32NextW@@YAH01@Z@@QEAA@KK@Z 0000000180019bf8 f i common-kernel64:MProcess.obj
 0001:00018c64       ??_GMToolHelpProcess@@UEAAPEAXI@Z 0000000180019c64 f i common-kernel64:MProcess.obj
 0001:00018c64       ??_EMToolHelpProcess@@UEAAPEAXI@Z 0000000180019c64 f i common-kernel64:MProcess.obj
 0001:00018c64       ??_G?$MToolHelp@UtagPROCESSENTRY32W@@$1?Process32FirstW@@YAHPEAXPEAU1@@Z$1?Process32NextW@@YAH01@Z@@UEAAPEAXI@Z 0000000180019c64 f i common-kernel64:MProcess.obj
 0001:00018c64       ??_E?$MToolHelp@UtagPROCESSENTRY32W@@$1?Process32FirstW@@YAHPEAXPEAU1@@Z$1?Process32NextW@@YAH01@Z@@UEAAPEAXI@Z 0000000180019c64 f i common-kernel64:MProcess.obj
 0001:00018cd0       ?Close@?$MToolHelp@UtagPROCESSENTRY32W@@$1?Process32FirstW@@YAHPEAXPEAU1@@Z$1?Process32NextW@@YAH01@Z@@QEAAX_N@Z 0000000180019cd0 f i common-kernel64:MProcess.obj
 0001:00018d50       __acrt_uninitialize_command_line 0000000180019d50 f i libucrt:argv_data.obj
 0001:00018d50       ?Filter@?$MToolHelp@UtagPROCESSENTRY32W@@$1?Process32FirstW@@YAHPEAXPEAU1@@Z$1?Process32NextW@@YAH01@Z@@MEAA_NPEAUtagPROCESSENTRY32W@@@Z 0000000180019d50 f i common-kernel64:MProcess.obj
 0001:00018d54       ?Find@?$MToolHelp@UtagPROCESSENTRY32W@@$1?Process32FirstW@@YAHPEAXPEAU1@@Z$1?Process32NextW@@YAH01@Z@@QEAA_NP6A_NPEAUtagPROCESSENTRY32W@@_J@Z10@Z 0000000180019d54 f i common-kernel64:MProcess.obj
 0001:00018e5c       ?Next@?$MToolHelp@UtagPROCESSENTRY32W@@$1?Process32FirstW@@YAHPEAXPEAU1@@Z$1?Process32NextW@@YAH01@Z@@QEAA_NPEAUtagPROCESSENTRY32W@@@Z 0000000180019e5c f i common-kernel64:MProcess.obj
 0001:00018edc       ?compare@cmp@?1??Find@MToolHelpProcess@@QEAA_NKPEAUtagPROCESSENTRY32W@@@Z@SA_N0_J@Z 0000000180019edc f i common-kernel64:MProcess.obj
 0001:00018ee4       ?getNext@?$MToolHelp@UtagPROCESSENTRY32W@@$1?Process32FirstW@@YAHPEAXPEAU1@@Z$1?Process32NextW@@YAH01@Z@@IEAA_NXZ 0000000180019ee4 f i common-kernel64:MProcess.obj
 0001:00018fa8       ?isTerminalMode@@YA_NXZ    0000000180019fa8 f   common-kernel64:MProcess.obj
 0001:00019100       ??0MSection@@QEAA@XZ       000000018001a100 f   common-kernel64:MSection.obj
 0001:00019188       ??0MSectionLock@@QEAA@XZ   000000018001a188 f   common-kernel64:MSection.obj
 0001:00019198       ??0MSectionThread@@QEAA@PEAVMSection@@@Z 000000018001a198 f   common-kernel64:MSection.obj
 0001:000191b8       ??1MSection@@QEAA@XZ       000000018001a1b8 f   common-kernel64:MSection.obj
 0001:00019220       ??1MSectionLock@@QEAA@XZ   000000018001a220 f   common-kernel64:MSection.obj
 0001:00019244       ??1MSectionThread@@QEAA@XZ 000000018001a244 f   common-kernel64:MSection.obj
 0001:00019280       ?AddRef@MSection@@IEAAXK@Z 000000018001a280 f   common-kernel64:MSection.obj
 0001:00019314       ?Lock@MSection@@IEAAHHK@Z  000000018001a314 f   common-kernel64:MSection.obj
 0001:00019410       ?Lock@MSectionLock@@QEAAHPEAVMSection@@HK@Z 000000018001a410 f   common-kernel64:MSection.obj
 0001:00019464       ?MyEnterCriticalSection@MSection@@IEAA_NK@Z 000000018001a464 f   common-kernel64:MSection.obj
 0001:00019590       ?ReleaseRef@MSection@@IEAAHK@Z 000000018001a590 f   common-kernel64:MSection.obj
 0001:00019630       ?Unlock@MSection@@IEAAXH@Z 000000018001a630 f   common-kernel64:MSection.obj
 0001:00019688       ?Unlock@MSectionLock@@QEAAXXZ 000000018001a688 f   common-kernel64:MSection.obj
 0001:000196b4       ?WaitUnlocked@MSection@@IEAAXKK@Z 000000018001a6b4 f   common-kernel64:MSection.obj
 0001:00019748       ?CheckCallbackPtr@@YA_NPEAUHINSTANCE__@@_KPEAP6A_JXZHHH@Z 000000018001a748 f   common-kernel64:WModuleCheck.obj
 0001:00019850       ?IsModuleValid@@YA_NPEAUHINSTANCE__@@H@Z 000000018001a850 f   common-kernel64:WModuleCheck.obj
 0001:00019958       ??0MModule@@QEAA@PEAUHINSTANCE__@@@Z 000000018001a958 f   common-kernel64:MModule.obj
 0001:00019964       ??1MModule@@QEAA@XZ        000000018001a964 f   common-kernel64:MModule.obj
 0001:0001996c       ?Free@MModule@@QEAAXXZ     000000018001a96c f   common-kernel64:MModule.obj
 0001:0001999c       ??0MSectionSimple@@QEAA@_N@Z 000000018001a99c f   common-kernel64:MSectionSimple.obj
 0001:000199d8       ?Close@MSectionSimple@@QEAAXXZ 000000018001a9d8 f   common-kernel64:MSectionSimple.obj
 0001:000199d8       ??1MSectionSimple@@QEAA@XZ 000000018001a9d8 f   common-kernel64:MSectionSimple.obj
 0001:000199f8       ?Enter@MSectionSimple@@QEAAXXZ 000000018001a9f8 f   common-kernel64:MSectionSimple.obj
 0001:00019a00       ?Init@MSectionSimple@@QEAAXXZ 000000018001aa00 f   common-kernel64:MSectionSimple.obj
 0001:00019a20       ?Leave@MSectionSimple@@QEAAXXZ 000000018001aa20 f   common-kernel64:MSectionSimple.obj
 0001:00019a28       ?RecreateAndLock@MSectionSimple@@QEAA_NXZ 000000018001aa28 f   common-kernel64:MSectionSimple.obj
 0001:00019a98       ?TryEnter@MSectionSimple@@QEAA_NXZ 000000018001aa98 f   common-kernel64:MSectionSimple.obj
 0001:00019ac0       ?SetConEmuEnvHWND@@YAXPEB_WPEAUHWND__@@@Z 000000018001aac0 f   common-user64:SetEnvVar.obj
 0001:00019b18       ?SetConEmuEnvVar@@YAXPEAUHWND__@@@Z 000000018001ab18 f   common-user64:SetEnvVar.obj
 0001:00019b9c       ?SetConEmuEnvVarChild@@YAXPEAUHWND__@@0@Z 000000018001ab9c f   common-user64:SetEnvVar.obj
 0001:00019bc8       ??$wcscpy_c@$0BAF@@@YAHAEAY0BAF@_WPEB_W@Z 000000018001abc8 f i common-user64:ConEmuCheckEx.obj
 0001:00019c14       ?FindConEmuBaseDir@@YAHAEAY0BAF@_W0PEAUHINSTANCE__@@@Z 000000018001ac14 f   common-user64:ConEmuCheckEx.obj
 0001:0001a440       ?IsConEmuExeExist@@YAHPEB_WAEAY0BAF@_W@Z 000000018001b440 f   common-user64:ConEmuCheckEx.obj
 0001:0001a4ec       ??$swprintf_c@$0FA@@@YAHAEAY0FA@_WPEB_WZZ 000000018001b4ec f i common-user64:EmergencyShow.obj
 0001:0001a518       ?CorrectConsolePos@@YAXPEAUHWND__@@@Z 000000018001b518 f   common-user64:EmergencyShow.obj
 0001:0001a634       ?EmergencyShow@@YAXPEAUHWND__@@HH@Z 000000018001b634 f   common-user64:EmergencyShow.obj
 0001:0001a774       ?EvaluateDefaultFontWidth@@YAHHPEB_W@Z 000000018001b774 f   common-user64:EmergencyShow.obj
 0001:0001a898       ?SetUserFriendlyFont@@YAXPEAUHWND__@@HH@Z 000000018001b898 f   common-user64:EmergencyShow.obj
 0001:0001ac78       ??0MSetter@@QEAA@PEAJ@Z    000000018001bc78 f   common-user64:MSetter.obj
 0001:0001ac90       ??1MSetter@@QEAA@XZ        000000018001bc90 f   common-user64:MSetter.obj
 0001:0001ac98       ?Unlock@MSetter@@QEAAXXZ   000000018001bc98 f   common-user64:MSetter.obj
 0001:0001acf8       ?IsDotsName@@YA_NPEB_W@Z   000000018001bcf8 f   common-user64:WFiles.obj
 0001:0001ad1c       ?SearchAppPaths@@YA_NPEB_WAEAUCEStr@@_NPEAVCEnvRestorer@@@Z 000000018001bd1c f   common-user64:WFiles.obj
 0001:0001b11c       ?GetConsoleSizeInfo@@YAXPEAUCONSOLE_INFO@@@Z 000000018001c11c f   common-user64:WConsoleEx.obj
 0001:0001b1a8       ?SetConsoleFontSizeTo@@YAXPEAUHWND__@@HHPEB_WGG@Z 000000018001c1a8 f   common-user64:WConsoleEx.obj
 0001:0001b590       ?SetConsoleInfo@@YAHPEAUHWND__@@PEAUCONSOLE_INFO@@@Z 000000018001c590 f   common-user64:WConsoleEx.obj
 0001:0001b788       ?SetEnvVarExpanded@@YAXPEB_W0@Z 000000018001c788 f   common-user64:WUser.obj
 0001:0001b870       ?UpdateComspec@@YAXPEAUConEmuComspec@@_N@Z 000000018001c870 f   common-user64:WUser.obj
 0001:0001bb14       ?apiShowWindow@@YA_NPEAUHWND__@@H@Z 000000018001cb14 f   common-user64:WUser.obj
 0001:0001bb28       ?apiShowWindowAsync@@YA_NPEAUHWND__@@H@Z 000000018001cb28 f   common-user64:WUser.obj
 0001:0001bb3c       ?FindMonitorsWorkspace@@YAHPEAUHMONITOR__@@PEAUHDC__@@PEAUtagRECT@@_J@Z 000000018001cb3c f   common-user64:Monitors.obj
 0001:0001bb78       ?GetAllMonitorsWorkspace@@YA?AUtagRECT@@XZ 000000018001cb78 f   common-user64:Monitors.obj
 0001:0001bbd8       ??0length_error@std@@QEAA@AEBV01@@Z 000000018001cbd8 f i libcpmt:xthrow.obj
 0001:0001bc14       ??0length_error@std@@QEAA@PEBD@Z 000000018001cc14 f i libcpmt:xthrow.obj
 0001:0001bc5c       ??0logic_error@std@@QEAA@AEBV01@@Z 000000018001cc5c f i libcpmt:xthrow.obj
 0001:0001bc98       ?_Xlength_error@std@@YAXPEBD@Z 000000018001cc98 f   libcpmt:xthrow.obj
 0001:0001bcbc       __GSHandlerCheck           000000018001ccbc f   LIBCMT:gshandler.obj
 0001:0001bcdc       __GSHandlerCheckCommon     000000018001ccdc f   LIBCMT:gshandler.obj
 0001:0001bd50       __security_check_cookie    000000018001cd50 f   LIBCMT:amdsecgs.obj
 0001:0001bd74       ??3@YAXPEAX_K@Z            000000018001cd74 f   LIBCMT:delete_scalar_size.obj
 0001:0001bd90       __chkstk                   000000018001cd90 f   LIBCMT:chkstk.obj
 0001:0001bd90       _alloca_probe              000000018001cd90 f   LIBCMT:chkstk.obj
 0001:0001bde4       ??_Etype_info@@UEAAPEAXI@Z 000000018001cde4 f i LIBCMT:std_type_info_static.obj
 0001:0001bde4       ??_Gtype_info@@UEAAPEAXI@Z 000000018001cde4 f i LIBCMT:std_type_info_static.obj
 0001:0001be10       __GSHandlerCheck_EH4       000000018001ce10 f   LIBCMT:gshandlereh4.obj
 0001:0001bf88       _Init_thread_footer        000000018001cf88 f   LIBCMT:thread_safe_statics.obj
 0001:0001bfe8       _Init_thread_header        000000018001cfe8 f   LIBCMT:thread_safe_statics.obj
 0001:0001c050       _Init_thread_notify        000000018001d050 f   LIBCMT:thread_safe_statics.obj
 0001:0001c094       _Init_thread_wait          000000018001d094 f   LIBCMT:thread_safe_statics.obj
 0001:0001c418       _DllMainCRTStartup         000000018001d418 f   LIBCMT:dll_dllmain.obj
 0001:0001c458       __scrt_acquire_startup_lock 000000018001d458 f   LIBCMT:utility.obj
 0001:0001c494       __scrt_dllmain_after_initialize_c 000000018001d494 f   LIBCMT:utility.obj
 0001:0001c4c8       __scrt_dllmain_before_initialize_c 000000018001d4c8 f   LIBCMT:utility.obj
 0001:0001c4e0       __scrt_dllmain_crt_thread_attach 000000018001d4e0 f   LIBCMT:utility.obj
 0001:0001c508       __scrt_dllmain_crt_thread_detach 000000018001d508 f   LIBCMT:utility.obj
 0001:0001c520       __scrt_dllmain_exception_filter 000000018001d520 f   LIBCMT:utility.obj
 0001:0001c580       __scrt_dllmain_uninitialize_c 000000018001d580 f   LIBCMT:utility.obj
 0001:0001c5b0       __scrt_dllmain_uninitialize_critical 000000018001d5b0 f   LIBCMT:utility.obj
 0001:0001c5c4       __scrt_initialize_crt      000000018001d5c4 f   LIBCMT:utility.obj
 0001:0001c610       __scrt_initialize_onexit_tables 000000018001d610 f   LIBCMT:utility.obj
 0001:0001c69c       __scrt_is_nonwritable_in_current_image 000000018001d69c f   LIBCMT:utility.obj
 0001:0001c734       __scrt_release_startup_lock 000000018001d734 f   LIBCMT:utility.obj
 0001:0001c758       __scrt_uninitialize_crt    000000018001d758 f   LIBCMT:utility.obj
 0001:0001c784       _onexit                    000000018001d784 f   LIBCMT:utility.obj
 0001:0001c7c0       atexit                     000000018001d7c0 f   LIBCMT:utility.obj
 0001:0001c7d8       __raise_securityfailure    000000018001d7d8 f   LIBCMT:gs_report.obj
 0001:0001c80c       __report_gsfailure         000000018001d80c f   LIBCMT:gs_report.obj
 0001:0001c8e0       __report_rangecheckfailure 000000018001d8e0 f   LIBCMT:gs_report.obj
 0001:0001c8f4       __report_securityfailure   000000018001d8f4 f   LIBCMT:gs_report.obj
 0001:0001ca74       __crt_debugger_hook        000000018001da74 f   LIBCMT:utility_desktop.obj
 0001:0001ca7c       __scrt_fastfail            000000018001da7c f   LIBCMT:utility_desktop.obj
 0001:0001cbc8       __security_init_cookie     000000018001dbc8 f   LIBCMT:gs_support.obj
 0001:0001cc74       ?__scrt_initialize_type_info@@YAXXZ 000000018001dc74 f   LIBCMT:tncleanup.obj
 0001:0001cc84       ?__scrt_uninitialize_type_info@@YAXXZ 000000018001dc84 f   LIBCMT:tncleanup.obj
 0001:0001cc90       __local_stdio_scanf_options 000000018001dc90 f i LIBCMT:default_local_stdio_options.obj
 0001:0001cc98       __scrt_initialize_default_local_stdio_options 000000018001dc98 f   LIBCMT:default_local_stdio_options.obj
 0001:0001ccb4       __scrt_get_dyn_tls_init_callback 000000018001dcb4 f   LIBCMT:dyn_tls_init.obj
 0001:0001ccbc       _RTC_Initialize            000000018001dcbc f   LIBCMT:initsect.obj
 0001:0001ccf8       _RTC_Terminate             000000018001dcf8 f   LIBCMT:initsect.obj
 0001:0001cd34       __isa_available_init       000000018001dd34 f   LIBCMT:cpu_disp.obj
 0001:0001ced8       __scrt_is_ucrt_dll_in_use  000000018001ded8 f   LIBCMT:ucrt_detection.obj
 0001:0001cef0       ??$_CallSETranslator@V__FrameHandler4@@@@YAHPEAUEHExceptionRecord@@PEA_KPEAU_CONTEXT@@PEAU_xDISPATCHER_CONTEXT@@PEAUFuncInfo4@FH4@@K1H@Z 000000018001def0 f i libvcruntime:risctrnsctrl.obj
 0001:0001cf44       ?DecompFuncInfo@FH4@@YA_JPEAEAEAUFuncInfo4@1@_KH_N@Z 000000018001df44 f i libvcruntime:risctrnsctrl.obj
 0001:0001d068       ?ExecutionInCatch@__FrameHandler4@@SA_NPEAU_xDISPATCHER_CONTEXT@@PEAUFuncInfo4@FH4@@@Z 000000018001e068 f   libvcruntime:risctrnsctrl.obj
 0001:0001d070       ?FrameUnwindToEmptyState@__FrameHandler4@@SAXPEA_KPEAU_xDISPATCHER_CONTEXT@@PEAUFuncInfo4@FH4@@@Z 000000018001e070 f   libvcruntime:risctrnsctrl.obj
 0001:0001d0a4       ?GetEstablisherFrame@__FrameHandler4@@SAPEA_KPEA_KPEAU_xDISPATCHER_CONTEXT@@PEAUFuncInfo4@FH4@@0@Z 000000018001e0a4 f   libvcruntime:risctrnsctrl.obj
 0001:0001d0c8       ?GetRangeOfTrysToCheck@__FrameHandler4@@SA?AU?$pair@Viterator@TryBlockMap4@FH4@@V123@@std@@AEAVTryBlockMap4@FH4@@HPEAU_xDISPATCHER_CONTEXT@@PEAUFuncInfo4@5@H@Z 000000018001e0c8 f   libvcruntime:risctrnsctrl.obj
 0001:0001d224       ?UnwindNestedFrames@__FrameHandler4@@SAXPEA_KPEAUEHExceptionRecord@@PEAU_CONTEXT@@0PEAXPEAUFuncInfo4@FH4@@HHPEAUHandlerType4@5@PEAU_xDISPATCHER_CONTEXT@@E@Z 000000018001e224 f   libvcruntime:risctrnsctrl.obj
 0001:0001d344       ?setBuffer@TryBlockMap4@FH4@@QEAAXViterator@12@@Z 000000018001e344 f i libvcruntime:risctrnsctrl.obj
 0001:0001d508       _CreateFrameInfo           000000018001e508 f   libvcruntime:risctrnsctrl.obj
 0001:0001d544       _FindAndUnlinkFrame        000000018001e544 f   libvcruntime:risctrnsctrl.obj
 0001:0001d598       _GetImageBase              000000018001e598 f   libvcruntime:risctrnsctrl.obj
 0001:0001d5ac       _GetThrowImageBase         000000018001e5ac f   libvcruntime:risctrnsctrl.obj
 0001:0001d5c0       _SetImageBase              000000018001e5c0 f   libvcruntime:risctrnsctrl.obj
 0001:0001d5d8       _SetThrowImageBase         000000018001e5d8 f   libvcruntime:risctrnsctrl.obj
 0001:0001d5f0       __CxxFrameHandler4         000000018001e5f0 f   libvcruntime:risctrnsctrl.obj
 0001:0001d6c0       memcpy_repmovs             000000018001e6c0 f   libvcruntime:memcpy.obj
 0001:0001d6e0       memcpy                     000000018001e6e0 f   libvcruntime:memcpy.obj
 0001:0001d6e0       memmove                    000000018001e6e0 f   libvcruntime:memcpy.obj
 0001:0001dab8       wcschr                     000000018001eab8 f   libvcruntime:wcschr.obj
 0001:0001db34       wcsstr                     000000018001eb34 f   libvcruntime:wcsstr.obj
 0001:0001dd60       memset_repmovs             000000018001ed60 f   libvcruntime:memset.obj
 0001:0001dd80       memset                     000000018001ed80 f   libvcruntime:memset.obj
 0001:0001df20       __DestructExceptionObject  000000018001ef20 f   libvcruntime:ehhelpers.obj
 0001:0001df90       ?_CallMemberFunction0@@YAXQEAX0@Z 000000018001ef90 f i libvcruntime:ehhelpers.obj
 0001:0001df94       _IsExceptionObjectToBeDestroyed 000000018001ef94 f   libvcruntime:ehhelpers.obj
 0001:0001dfc4       __AdjustPointer            000000018001efc4 f   libvcruntime:ehhelpers.obj
 0001:0001dfe8       __FrameUnwindFilter        000000018001efe8 f   libvcruntime:ehhelpers.obj
 0001:0001e050       __std_terminate            000000018001f050 f   libvcruntime:ehhelpers.obj
 0001:0001e05c       __std_exception_copy       000000018001f05c f   libvcruntime:std_exception.obj
 0001:0001e0ec       __std_exception_destroy    000000018001f0ec f   libvcruntime:std_exception.obj
 0001:0001e114       _CxxThrowException         000000018001f114 f   libvcruntime:throw.obj
 0001:0001e1b4       _get_purecall_handler      000000018001f1b4 f   libvcruntime:purevirt.obj
 0001:0001e1bc       _purecall                  000000018001f1bc f   libvcruntime:purevirt.obj
 0001:0001e1d8       wcsrchr                    000000018001f1d8 f   libvcruntime:wcsrchr.obj
 0001:0001e2a0       memcmp                     000000018001f2a0 f   libvcruntime:memcmp.obj
 0001:0001e368       strrchr                    000000018001f368 f   libvcruntime:strrchr.obj
 0001:0001e498       strchr                     000000018001f498 f   libvcruntime:strchr.obj
 0001:0001e518       __C_specific_handler       000000018001f518 f   libvcruntime:riscchandler.obj
 0001:0001e72c       __vcrt_initialize          000000018001f72c f   libvcruntime:initialization.obj
 0001:0001e754       __vcrt_thread_attach       000000018001f754 f   libvcruntime:initialization.obj
 0001:0001e768       __vcrt_thread_detach       000000018001f768 f   libvcruntime:initialization.obj
 0001:0001e77c       __vcrt_uninitialize        000000018001f77c f   libvcruntime:initialization.obj
 0001:0001e798       __vcrt_uninitialize_critical 000000018001f798 f   libvcruntime:initialization.obj
 0001:0001e7a8       __std_type_info_compare    000000018001f7a8 f   libvcruntime:std_type_info.obj
 0001:0001e7d0       __std_type_info_destroy_list 000000018001f7d0 f   libvcruntime:std_type_info.obj
 0001:0001e7fc       __vcrt_freefls             000000018001f7fc f   libvcruntime:per_thread_data.obj
 0001:0001e81c       __vcrt_freeptd             000000018001f81c f   libvcruntime:per_thread_data.obj
 0001:0001e86c       __vcrt_getptd              000000018001f86c f   libvcruntime:per_thread_data.obj
 0001:0001e888       __vcrt_getptd_noexit       000000018001f888 f   libvcruntime:per_thread_data.obj
 0001:0001e948       __vcrt_initialize_ptd      000000018001f948 f   libvcruntime:per_thread_data.obj
 0001:0001e990       __vcrt_uninitialize_ptd    000000018001f990 f   libvcruntime:per_thread_data.obj
 0001:0001e9b4       ?StateFromControlPc@__FrameHandler4@@SAHPEAUFuncInfo4@FH4@@PEAU_xDISPATCHER_CONTEXT@@@Z 000000018001f9b4 f   libvcruntime:ehstate.obj
 0001:0001e9bc       ?StateFromIp@__FrameHandler4@@SAHPEAUFuncInfo4@FH4@@PEAU_xDISPATCHER_CONTEXT@@_K@Z 000000018001f9bc f   libvcruntime:ehstate.obj
 0001:0001f65c       ??$TypeMatchHelper@V__FrameHandler3@@@@YAHPEBU_s_HandlerType@@PEBU_s_CatchableType@@PEBU_s_ThrowInfo@@@Z 000000018002065c f i libvcruntime:frame.obj
 0001:0001f79c       ??$TypeMatchHelper@V__FrameHandler4@@@@YAHPEAUHandlerType4@FH4@@PEBU_s_CatchableType@@PEBU_s_ThrowInfo@@@Z 000000018002079c f i libvcruntime:frame.obj
 0001:0001f8e0       ??$__InternalCxxFrameHandler@V__FrameHandler4@@@@YA?AW4_EXCEPTION_DISPOSITION@@PEAUEHExceptionRecord@@PEA_KPEAU_CONTEXT@@PEAU_xDISPATCHER_CONTEXT@@PEAUFuncInfo4@FH4@@H1E@Z 00000001800208e0 f i libvcruntime:frame.obj
 0001:0001fb80       ??0HandlerMap4@FH4@@QEAA@PEBUTryBlockMapEntry4@1@_KH@Z 0000000180020b80 f i libvcruntime:frame.obj
 0001:0001fbfc       ??0TryBlockMap4@FH4@@QEAA@PEBUFuncInfo4@1@_K@Z 0000000180020bfc f i libvcruntime:frame.obj
 0001:0001fcd4       ??0bad_exception@std@@QEAA@AEBV01@@Z 0000000180020cd4 f i libvcruntime:frame.obj
 0001:0001fd10       ??0bad_exception@std@@QEAA@XZ 0000000180020d10 f i libvcruntime:frame.obj
 0001:0001fd30       ?CxxCallCatchBlock@__FrameHandler4@@SAPEAXPEAU_EXCEPTION_RECORD@@@Z 0000000180020d30 f   libvcruntime:frame.obj
 0001:0001ff8c       ?DecompHandler@HandlerMap4@FH4@@AEAAXXZ 0000000180020f8c f i libvcruntime:frame.obj
 0001:000201cc       ?FrameUnwindToState@__FrameHandler4@@SAXPEA_KPEAU_xDISPATCHER_CONTEXT@@PEAUFuncInfo4@FH4@@H@Z 00000001800211cc f   libvcruntime:frame.obj
 0001:00020628       ?ReadEntry@UWMap4@FH4@@AEAAXPEAPEAE@Z 0000000180021628 f i libvcruntime:frame.obj
 0001:000206c8       ?_CallMemberFunction1@@YAXQEAX00@Z 00000001800216c8 f i libvcruntime:frame.obj
 0001:000206d4       ?_CallMemberFunction2@@YAXQEAX00H@Z 00000001800216d4 f i libvcruntime:frame.obj
 0001:000206e4       ?getStartStop@UWMap4@FH4@@QEAAXHHAEAViterator@12@0@Z 00000001800216e4 f i libvcruntime:frame.obj
 0001:000207b4       ?getStateFromIterators@UWMap4@FH4@@SAHAEBViterator@12@H0H0@Z 00000001800217b4 f i libvcruntime:frame.obj
 0001:00020890       _NLG_Notify                0000000180021890 f   libvcruntime:notify.obj
 0001:000208b0       __NLG_Dispatch2            00000001800218b0 f   libvcruntime:notify.obj
 0001:000208c0       __NLG_Return2              00000001800218c0 f   libvcruntime:notify.obj
 0001:000208c4       __except_validate_context_record 00000001800218c4 f   libvcruntime:jbcxrval.obj
 0001:000208fc       __vcrt_initialize_locks    00000001800218fc f   libvcruntime:locks.obj
 0001:00020930       __vcrt_uninitialize_locks  0000000180021930 f   libvcruntime:locks.obj
 0001:00020ab4       __vcrt_FlsAlloc            0000000180021ab4 f   libvcruntime:winapi_downlevel.obj
 0001:00020afc       __vcrt_FlsFree             0000000180021afc f   libvcruntime:winapi_downlevel.obj
 0001:00020b44       __vcrt_FlsGetValue         0000000180021b44 f   libvcruntime:winapi_downlevel.obj
 0001:00020b8c       __vcrt_FlsSetValue         0000000180021b8c f   libvcruntime:winapi_downlevel.obj
 0001:00020be0       __vcrt_InitializeCriticalSectionEx 0000000180021be0 f   libvcruntime:winapi_downlevel.obj
 0001:00020c60       _CallSettingFrame          0000000180021c60 f   libvcruntime:handlers.obj
 0001:00020cb0       _CallSettingFrame_LookupContinuationIndex 0000000180021cb0 f   libvcruntime:handlers.obj
 0001:00020ce0       _CallSettingFrame_NotifyContinuationAddr 0000000180021ce0 f   libvcruntime:handlers.obj
 0001:00020d10       _CallSettingFrameEncoded   0000000180021d10 f   libvcruntime:handlers.obj
 0001:000210f8       ??$ensure_buffer_is_big_enough@D@formatting_buffer@__crt_stdio_output@@QEAA_N_K@Z 00000001800220f8 f i libucrt:output.obj
 0001:000211a0       ??$ensure_buffer_is_big_enough@_W@formatting_buffer@__crt_stdio_output@@QEAA_N_K@Z 00000001800221a0 f i libucrt:output.obj
 0001:0002124c       ??$is_wide_character_specifier@_W@__crt_stdio_output@@YA_N_K_WW4length_modifier@0@@Z 000000018002224c f i libucrt:output.obj
 0001:0002128c       ??$type_case_integer_parse_into_buffer@I@?$output_processor@DV?$string_output_adapter@D@__crt_stdio_output@@V?$standard_base@DV?$string_output_adapter@D@__crt_stdio_output@@@2@@__crt_stdio_output@@AEAAXII_N@Z 000000018002228c f i libucrt:output.obj
 0001:00021314       ??$type_case_integer_parse_into_buffer@I@?$output_processor@_WV?$string_output_adapter@_W@__crt_stdio_output@@V?$standard_base@_WV?$string_output_adapter@_W@__crt_stdio_output@@@2@@__crt_stdio_output@@AEAAXII_N@Z 0000000180022314 f i libucrt:output.obj
 0001:000213b8       ??$type_case_integer_parse_into_buffer@_K@?$output_processor@DV?$string_output_adapter@D@__crt_stdio_output@@V?$standard_base@DV?$string_output_adapter@D@__crt_stdio_output@@@2@@__crt_stdio_output@@AEAAX_KI_N@Z 00000001800223b8 f i libucrt:output.obj
[...]
 0004:00002058       $pdata$__acrt_initialize_lowio 0000000180053058     libucrt:ioinit.obj
 0004:00002064       $pdata$__acrt_initialize_lowio$fin$0 0000000180053064     libucrt:ioinit.obj
 0004:00002064       $pdata$__acrt_lowio_ensure_fh_exists$fin$0 0000000180053064     libucrt:osfinfo.obj
 0004:00002070       $pdata$__acrt_uninitialize_lowio 0000000180053070     libucrt:ioinit.obj
 0004:0000207c       $pdata$?initialize_inherited_file_handles_nolock@@YAXXZ 000000018005307c     libucrt:ioinit.obj
 0004:00002088       $pdata$?initialize_stdio_handles_nolock@@YAXXZ 0000000180053088     libucrt:ioinit.obj
 0004:00002094       $pdata$__pctype_func       0000000180053094     libucrt:ctype.obj
 0004:000020a0       $pdata$iswctype            00000001800530a0     libucrt:iswctype.obj
 0004:000020ac       $pdata$_isctype_l          00000001800530ac     libucrt:isctype.obj
 0004:000020b8       $pdata$__acrt_initialize_locks 00000001800530b8     libucrt:locks.obj
 0004:000020c4       $pdata$__acrt_uninitialize_locks 00000001800530c4     libucrt:locks.obj
 0004:000020d0       $pdata$__acrt_get_process_end_policy 00000001800530d0     libucrt:win_policies.obj
 0004:000020dc       $pdata$_calloc_base        00000001800530dc     libucrt:calloc_base.obj
 0004:000020e8       $pdata$??$__acrt_mbs_to_wcs_cp@U__crt_win32_buffer_internal_dynamic_resizing@@@@YAHQEBDAEAV?$__crt_win32_buffer@_WU__crt_win32_buffer_internal_dynamic_resizing@@@@I@Z 00000001800530e8     libucrt:argv_wildcards.obj
 0004:000020f4       $pdata$??$__acrt_wcs_to_mbs_cp@U__crt_win32_buffer_internal_dynamic_resizing@@@@YAHQEB_WAEAV?$__crt_win32_buffer@DU__crt_win32_buffer_internal_dynamic_resizing@@@@I@Z 00000001800530f4     libucrt:argv_wildcards.obj
 0004:00002100       $pdata$??$common_expand_argv_wildcards@D@@YAHQEAPEADQEAPEAPEAD@Z 0000000180053100     libucrt:argv_wildcards.obj
 0004:0000210c       $pdata$??$copy_and_add_argument_to_buffer@D@@YAHQEBD0_KAEAV?$argument_list@D@?A0x5f5c8891@@@Z 000000018005310c     libucrt:argv_wildcards.obj
 0004:00002118       $pdata$??$expand_argument_wildcards@D@@YAHQEAD0AEAV?$argument_list@D@?A0x5f5c8891@@@Z 0000000180053118     libucrt:argv_wildcards.obj
 0004:00002124       $pdata$__acrt_GetModuleFileNameA 0000000180053124     libucrt:getmodulefilenamea.obj
 0004:00002130       $pdata$??$__acrt_wcs_to_mbs_cp@U__crt_win32_buffer_no_resizing@@@@YAHQEB_WAEAV?$__crt_win32_buffer@DU__crt_win32_buffer_no_resizing@@@@I@Z 0000000180053130     libucrt:getmodulefilenamea.obj
 0004:0000213c       $pdata$__acrt_update_thread_multibyte_data 000000018005313c     libucrt:mbctype.obj
 0004:00002148       $pdata$__acrt_initialize_multibyte 0000000180053148     libucrt:mbctype.obj
 0004:00002154       $pdata$_setmbcp_nolock     0000000180053154     libucrt:mbctype.obj
 0004:00002160       $pdata$?getSystemCP@@YAHH@Z 0000000180053160     libucrt:mbctype.obj
 0004:0000216c       $pdata$?setSBCS@@YAXPEAU__crt_multibyte_data@@@Z 000000018005316c     libucrt:mbctype.obj
 0004:00002178       $pdata$?update_thread_multibyte_data_internal@@YAPEAU__crt_multibyte_data@@QEAU__acrt_ptd@@QEAPEAU1@@Z 0000000180053178     libucrt:mbctype.obj
 0004:00002184       $pdata$?fin$0@?0??update_thread_multibyte_data_internal@@YAPEAU__crt_multibyte_data@@QEAU__acrt_ptd@@QEAPEAU1@@Z@4HA 0000000180053184     libucrt:mbctype.obj
 0004:00002190       $pdata$?setmbcp_internal@@YAHH_NQEAU__acrt_ptd@@QEAPEAU__crt_multibyte_data@@@Z 0000000180053190     libucrt:mbctype.obj
 0004:0000219c       $pdata$?setSBUpLow@@YAXPEAU__crt_multibyte_data@@@Z 000000018005319c     libucrt:mbctype.obj
 0004:000021a8       $pdata$??$?RV<lambda_efdfa57d1f175319df784efa44bb7b81>@@AEAV<lambda_5f0a4c1567f8adc6734073e5d1e1b35c>@@V<lambda_2e8a7d3640ea6ccb4c2413664c2db6fd>@@@?$__crt_seh_guarded_call@X@@QEAAX$$QEAV<lambda_efdfa57d1f175319df784efa44bb7b81>@@AEAV<lambda_5f0a4c1567f8adc6734073e5d1e1b35c>@@$$QEAV<lambda_2e8a7d3640ea6ccb4c2413664c2db6fd>@@@Z 00000001800531a8     libucrt:mbctype.obj
 0004:000021b4       $pdata$?x_ismbbtype_l@@YAHPEAU__crt_locale_pointers@@IHH@Z 00000001800531b4     libucrt:ismbbyte.obj
 0004:000021c0       $pdata$__acrt_initialize_command_line 00000001800531c0     libucrt:argv_data.obj
 0004:000021cc       $pdata$__acrt_WideCharToMultiByte 00000001800531cc     libucrt:widechartomultibyte.obj
 0004:000021d8       $pdata$__dcrt_get_narrow_environment_from_os 00000001800531d8     libucrt:get_environment_from_os.obj
 0004:000021e4       $pdata$_recalloc_base      00000001800531e4     libucrt:recalloc.obj
 0004:000021f0       $pdata$__acrt_initialize_winapi_thunks 00000001800531f0     libucrt:winapi_thunks.obj
 0004:000021fc       $pdata$__acrt_uninitialize_winapi_thunks 00000001800531fc     libucrt:winapi_thunks.obj
 0004:00002208       $pdata$__acrt_AreFileApisANSI 0000000180053208     libucrt:winapi_thunks.obj
 0004:00002214       $pdata$__acrt_FlsAlloc     0000000180053214     libucrt:winapi_thunks.obj
 0004:00002220       $pdata$__acrt_FlsFree      0000000180053220     libucrt:winapi_thunks.obj
 0004:0000222c       $pdata$__acrt_FlsGetValue  000000018005322c     libucrt:winapi_thunks.obj
 0004:00002238       $pdata$__acrt_FlsSetValue  0000000180053238     libucrt:winapi_thunks.obj
 0004:00002244       $pdata$__acrt_InitializeCriticalSectionEx 0000000180053244     libucrt:winapi_thunks.obj
 0004:00002250       $pdata$__acrt_LCMapStringEx 0000000180053250     libucrt:winapi_thunks.obj
 0004:0000225c       $pdata$__acrt_LocaleNameToLCID 000000018005325c     libucrt:winapi_thunks.obj
 0004:00002268       $pdata$__acrt_AppPolicyGetProcessTerminationMethodInternal 0000000180053268     libucrt:winapi_thunks.obj
 0004:00002274       $pdata$?try_get_function@@YAPEAXW4function_id@?A0x391cf84c@@QEBDQEBW4module_id@2@2@Z 0000000180053274     libucrt:winapi_thunks.obj
 0004:00002280       $pdata$__acrt_initialize_heap 0000000180053280     libucrt:heap_handle.obj
 0004:0000228c       $pdata$__acrt_execute_initializers 000000018005328c     libucrt:shared_initialization.obj
 0004:00002298       $pdata$__acrt_execute_uninitializers 0000000180053298     libucrt:shared_initialization.obj
 0004:000022a4       $pdata$_callnewh           00000001800532a4     libucrt:new_handler.obj
 0004:000022b0       $pdata$_query_new_handler  00000001800532b0     libucrt:new_handler.obj
 0004:000022bc       $pdata$_query_new_handler$fin$0 00000001800532bc     libucrt:new_handler.obj
 0004:000022c8       $pdata$__acrt_get_sigabrt_handler 00000001800532c8     libucrt:signal.obj
 0004:000022d4       $pdata$raise               00000001800532d4     libucrt:signal.obj
 0004:000022e0       $pdata$raise$fin$0         00000001800532e0     libucrt:signal.obj
 0004:000022ec       $pdata$??$?RV<lambda_450d765d439847d4c735a33c368b5fc0>@@AEAV<lambda_44731a7d0e6d81c3e6aa82d741081786>@@V<lambda_601a2a7da3b7a96e9554ac7215c4b07c>@@@?$__crt_seh_guarded_call@P6AXH@Z@@QEAAP6AXH@Z$$QEAV<lambda_450d765d439847d4c735a33c368b5fc0>@@AEAV<lambda_44731a7d0e6d81c3e6aa82d741081786>@@$$QEAV<lambda_601a2a7da3b7a96e9554ac7215c4b07c>@@@Z 00000001800532ec     libucrt:signal.obj
 0004:000022f8       $pdata$_fflush_nolock      00000001800532f8     libucrt:fflush.obj
 0004:00002304       $pdata$__acrt_stdio_flush_nolock 0000000180053304     libucrt:fflush.obj
 0004:00002310       $pdata$?common_flush_all@@YAH_N@Z 0000000180053310     libucrt:fflush.obj
 0004:0000231c       $pdata$??$?RV<lambda_842d9ff0dc9ef11c61343bbaebe7f885>@@AEAV<lambda_c5860995281e5c4ce005b3de8f5874ee>@@V<lambda_d90129c13df834fdcbf8d2b88dafcf2d>@@@?$__crt_seh_guarded_call@X@@QEAAX$$QEAV<lambda_842d9ff0dc9ef11c61343bbaebe7f885>@@AEAV<lambda_c5860995281e5c4ce005b3de8f5874ee>@@$$QEAV<lambda_d90129c13df834fdcbf8d2b88dafcf2d>@@@Z 000000018005331c     libucrt:fflush.obj
 0004:00002328       $pdata$?fin$0@?0???$?RV<lambda_842d9ff0dc9ef11c61343bbaebe7f885>@@AEAV<lambda_c5860995281e5c4ce005b3de8f5874ee>@@V<lambda_d90129c13df834fdcbf8d2b88dafcf2d>@@@?$__crt_seh_guarded_call@X@@QEAAX$$QEAV<lambda_842d9ff0dc9ef11c61343bbaebe7f885>@@AEAV<lambda_c5860995281e5c4ce005b3de8f5874ee>@@$$QEAV<lambda_d90129c13df834fdcbf8d2b88dafcf2d>@@@Z@4HA 0000000180053328     libucrt:fflush.obj
 0004:00002334       $pdata$??$?RV<lambda_886d6c58226a84441f68b9f2b8217b83>@@AEAV<lambda_ab61a845afdef5b7c387490eaf3616ee>@@V<lambda_f7f22ab5edc0698d5f6905b0d3f44752>@@@?$__crt_seh_guarded_call@X@@QEAAX$$QEAV<lambda_886d6c58226a84441f68b9f2b8217b83>@@AEAV<lambda_ab61a845afdef5b7c387490eaf3616ee>@@$$QEAV<lambda_f7f22ab5edc0698d5f6905b0d3f44752>@@@Z 0000000180053334     libucrt:fflush.obj
 0004:00002340       $pdata$?fin$0@?0???$?RV<lambda_886d6c58226a84441f68b9f2b8217b83>@@AEAV<lambda_ab61a845afdef5b7c387490eaf3616ee>@@V<lambda_f7f22ab5edc0698d5f6905b0d3f44752>@@@?$__crt_seh_guarded_call@X@@QEAAX$$QEAV<lambda_886d6c58226a84441f68b9f2b8217b83>@@AEAV<lambda_ab61a845afdef5b7c387490eaf3616ee>@@$$QEAV<lambda_f7f22ab5edc0698d5f6905b0d3f44752>@@@Z@4HA 0000000180053340     libucrt:fflush.obj
 0004:0000234c       $pdata$_isleadbyte_l       000000018005334c     libucrt:_wctype.obj
 0004:00002358       $pdata$?__mbrtowc_utf8@__crt_mbstring@@YA_KPEA_WPEBD_KPEAU_Mbstatet@@@Z 0000000180053358     libucrt:mbrtowc.obj
 0004:00002364       $pdata$?__mbsrtowcs_utf8@__crt_mbstring@@YA_KPEA_WPEAPEBD_KPEAU_Mbstatet@@@Z 0000000180053364     libucrt:mbrtowc.obj
 0004:00002370       $pdata$?__c32rtomb_utf8@__crt_mbstring@@YA_KPEAD_UPEAU_Mbstatet@@@Z 0000000180053370     libucrt:c32rtomb.obj
 0004:0000237c       $pdata$__acrt_release_locale_ref 000000018005337c     libucrt:locale_refcounting.obj
 0004:00002388       $pdata$__acrt_free_locale  0000000180053388     libucrt:locale_refcounting.obj
 0004:00002394       $pdata$__acrt_locale_free_lc_time_if_unreferenced 0000000180053394     libucrt:locale_refcounting.obj
 0004:000023a0       $pdata$__acrt_update_thread_locale_data 00000001800533a0     libucrt:locale_refcounting.obj
 0004:000023ac       $pdata$__acrt_update_thread_locale_data$fin$0 00000001800533ac     libucrt:locale_refcounting.obj
 0004:000023b8       $pdata$_updatetlocinfoEx_nolock 00000001800533b8     libucrt:locale_refcounting.obj
 0004:000023c4       $pdata$__acrt_fp_strflt_to_string 00000001800533c4     libucrt:_fptostr.obj
 0004:000023d0       $pdata$memcpy_s            00000001800533d0     libucrt:cfout.obj
 0004:000023dc       $pdata$__acrt_fltout       00000001800533dc     libucrt:cfout.obj
 0004:000023e8       $pdata$?divide@__crt_strtox@@YA_KAEAUbig_integer@1@AEBU21@@Z 00000001800533e8     libucrt:cfout.obj
 0004:000023f4       $pdata$0$?divide@__crt_strtox@@YA_KAEAUbig_integer@1@AEBU21@@Z 00000001800533f4     libucrt:cfout.obj
 0004:00002400       $pdata$1$?divide@__crt_strtox@@YA_KAEAUbig_integer@1@AEBU21@@Z 0000000180053400     libucrt:cfout.obj
 0004:0000240c       $pdata$_fcloseall          000000018005340c     libucrt:closeall.obj
 0004:00002418       $pdata$_fcloseall$fin$0    0000000180053418     libucrt:closeall.obj
 0004:00002424       $pdata$__acrt_stdio_free_buffer_nolock 0000000180053424     libucrt:_freebuf.obj
 0004:00002430       $pdata$_isatty             0000000180053430     libucrt:isatty.obj
 0004:0000243c       $pdata$__acrt_locale_free_monetary 000000018005343c     libucrt:initmon.obj
 0004:00002448       $pdata$__acrt_locale_free_numeric 0000000180053448     libucrt:initnum.obj
 0004:00002454       $pdata$__acrt_locale_free_time 0000000180053454     libucrt:inittime.obj
 0004:00002460       $pdata$?free_crt_array_internal@@YAXQEAPEBX_K@Z 0000000180053460     libucrt:inittime.obj
 0004:0000246c       $pdata$__acrt_GetStringTypeA 000000018005346c     libucrt:getstringtypea.obj
 0004:00002478       $pdata$_get_osfhandle      0000000180053478     libucrt:osfinfo.obj
 0004:00002484       $pdata$_free_osfhnd        0000000180053484     libucrt:osfinfo.obj
 0004:00002490       $pdata$__acrt_lowio_create_handle_array 0000000180053490     libucrt:osfinfo.obj
 0004:0000249c       $pdata$__acrt_lowio_destroy_handle_array 000000018005349c     libucrt:osfinfo.obj
 0004:000024a8       $pdata$__acrt_lowio_ensure_fh_exists 00000001800534a8     libucrt:osfinfo.obj
 0004:000024b4       $pdata$qsort               00000001800534b4     libucrt:qsort.obj
 0004:000024c0       $pdata$4$qsort             00000001800534c0     libucrt:qsort.obj
 0004:000024cc       $pdata$5$qsort             00000001800534cc     libucrt:qsort.obj
 0004:000024d8       $pdata$strncpy_s           00000001800534d8     libucrt:strncpy_s.obj
 0004:000024e4       $pdata$strpbrk             00000001800534e4     libucrt:strpbrk.obj
 0004:000024f0       $pdata$fallbackMethod      00000001800534f0     libucrt:strpbrk.obj
 0004:000024fc       $pdata$_mbsdec_l           00000001800534fc     libucrt:mbsdec.obj
 0004:00002508       $pdata$__acrt_LCMapStringA 0000000180053508     libucrt:lcmapstringa.obj
 0004:00002514       $pdata$?__acrt_LCMapStringA_stat@@YAHPEAU__crt_locale_pointers@@PEB_WKPEBDHPEADHHH@Z 0000000180053514     libucrt:lcmapstringa.obj
 0004:00002520       $pdata$?initialize_multibyte@@YAHXZ 0000000180053520     libucrt:multibyte_initializer.obj
 0004:0000252c       $pdata$_msize_base         000000018005352c     libucrt:msize.obj
 0004:00002538       $pdata$_realloc_base       0000000180053538     libucrt:realloc_base.obj
 0004:00002544       $pdata$__acrt_DownlevelLocaleNameToLCID 0000000180053544     libucrt:lcidtoname_downlevel.obj
 0004:00002550       $pdata$_commit             0000000180053550     libucrt:commit.obj
 0004:0000255c       $pdata$??$?RV<lambda_a37b2b86f63e897a80ea819b0eb08c01>@@AEAV<lambda_38ce7e780aa69e748d6df282ebc68efe>@@V<lambda_99fb1378e971ab6e7edea83e3a7a83a2>@@@?$__crt_seh_guarded_call@H@@QEAAH$$QEAV<lambda_a37b2b86f63e897a80ea819b0eb08c01>@@AEAV<lambda_38ce7e780aa69e748d6df282ebc68efe>@@$$QEAV<lambda_99fb1378e971ab6e7edea83e3a7a83a2>@@@Z 000000018005355c     libucrt:commit.obj
 0004:00002568       $pdata$?fin$0@?0???$?RV<lambda_751a882b2c74d4b022dec766aa51a29a>@@AEAV<lambda_628dfdc04ba53c8bfc02c9951375f3f5>@@V<lambda_f6c7be5f7998530c34de24c7437d6b54>@@@?$__crt_seh_guarded_call@H@@QEAAH$$QEAV<lambda_751a882b2c74d4b022dec766aa51a29a>@@AEAV<lambda_628dfdc04ba53c8bfc02c9951375f3f5>@@$$QEAV<lambda_f6c7be5f7998530c34de24c7437d6b54>@@@Z@4HA 0000000180053568     libucrt:close.obj
 0004:00002568       $pdata$?fin$0@?0???$?RV<lambda_a37b2b86f63e897a80ea819b0eb08c01>@@AEAV<lambda_38ce7e780aa69e748d6df282ebc68efe>@@V<lambda_99fb1378e971ab6e7edea83e3a7a83a2>@@@?$__crt_seh_guarded_call@H@@QEAAH$$QEAV<lambda_a37b2b86f63e897a80ea819b0eb08c01>@@AEAV<lambda_38ce7e780aa69e748d6df282ebc68efe>@@$$QEAV<lambda_99fb1378e971ab6e7edea83e3a7a83a2>@@@Z@4HA 0000000180053568     libucrt:commit.obj
 0004:00002574       $pdata$_write              0000000180053574     libucrt:write.obj
 0004:00002580       $pdata$_write$fin$0        0000000180053580     libucrt:write.obj
 0004:0000258c       $pdata$_write_nolock       000000018005358c     libucrt:write.obj
 0004:00002598       $pdata$?write_double_translated_ansi_nolock@@YA?AUwrite_result@?A0x17268360@@HQEBDI@Z 0000000180053598     libucrt:write.obj
 0004:000025a4       $pdata$?write_text_ansi_nolock@@YA?AUwrite_result@?A0x17268360@@HQEBDI@Z 00000001800535a4     libucrt:write.obj
 0004:000025b0       $pdata$?write_text_utf16le_nolock@@YA?AUwrite_result@?A0x17268360@@HQEBDI@Z 00000001800535b0     libucrt:write.obj
 0004:000025bc       $pdata$?write_text_utf8_nolock@@YA?AUwrite_result@?A0x17268360@@HQEBDI@Z 00000001800535bc     libucrt:write.obj
 0004:000025c8       $pdata$?__mbrtoc32_utf8@__crt_mbstring@@YA_KPEA_UPEBD_KPEAU_Mbstatet@@@Z 00000001800535c8     libucrt:mbrtoc32.obj
 0004:000025d4       $pdata$fegetenv            00000001800535d4     libucrt:fegetenv.obj
 0004:000025e0       $pdata$fesetenv            00000001800535e0     libucrt:fesetenv.obj
 0004:000025ec       $pdata$feholdexcept        00000001800535ec     libucrt:feholdexcept.obj
 0004:00002604       $pdata$??$common_lseek_nolock@_J@@YA_JH_JH@Z 0000000180053604     libucrt:lseek.obj
 0004:00002610       $pdata$fclose              0000000180053610     libucrt:fclose.obj
 0004:0000261c       $pdata$fclose$fin$0        000000018005361c     libucrt:fclose.obj
 0004:00002628       $pdata$_fclose_nolock      0000000180053628     libucrt:fclose.obj
 0004:00002634       $pdata$_putwch_nolock      0000000180053634     libucrt:putwch.obj
 0004:00002640       $pdata$__acrt_fenv_set_control 0000000180053640     libucrt:_fenvutils.obj
 0004:0000264c       $pdata$_clearfp            000000018005364c     libucrt:ieee.obj
 0004:00002658       $pdata$_call_matherr       0000000180053658     libucrt:libm_error.obj
 0004:00002664       $pdata$_exception_enabled  0000000180053664     libucrt:libm_error.obj
 0004:00002670       $pdata$_handle_error       0000000180053670     libucrt:libm_error.obj
 0004:0000267c       $pdata$__acrt_initialize_fma3 000000018005367c     libucrt:fma3_available.obj
 0004:00002688       $pdata$_log_special_common 0000000180053688     libucrt:log_special.obj
 0004:00002694       $pdata$_log10_special      0000000180053694     libucrt:log_special.obj
 0004:000026a0       $pdata$_close              00000001800536a0     libucrt:close.obj
 0004:000026ac       $pdata$_close_nolock       00000001800536ac     libucrt:close.obj
 0004:000026b8       $pdata$??$?RV<lambda_751a882b2c74d4b022dec766aa51a29a>@@AEAV<lambda_628dfdc04ba53c8bfc02c9951375f3f5>@@V<lambda_f6c7be5f7998530c34de24c7437d6b54>@@@?$__crt_seh_guarded_call@H@@QEAAH$$QEAV<lambda_751a882b2c74d4b022dec766aa51a29a>@@AEAV<lambda_628dfdc04ba53c8bfc02c9951375f3f5>@@$$QEAV<lambda_f6c7be5f7998530c34de24c7437d6b54>@@@Z 00000001800536b8     libucrt:close.obj
 0004:000026c4       $pdata$__dcrt_lowio_ensure_console_output_initialized 00000001800536c4     libucrt:initcon.obj
 0004:000026d0       $pdata$__dcrt_write_console 00000001800536d0     libucrt:initcon.obj
 0004:000026dc       $pdata$__dcrt_terminate_console_output 00000001800536dc     libucrt:initcon.obj
 0004:000026f4       $pdata$_set_errno_from_matherr 00000001800536f4     libucrt:fpexcept.obj
 0004:00002700       $pdata$_raise_exc          0000000180053700     libucrt:fpexcept.obj
 0004:0000270c       $pdata$_raise_exc_ex       000000018005370c     libucrt:fpexcept.obj
 0004:00002718       $pdata$_clrfp              0000000180053718     libucrt:fpctrl.obj
 0004:00002724       $pdata$_ctrlfp             0000000180053724     libucrt:fpctrl.obj
 0004:00002730       $pdata$_ctrlfp$filt$0      0000000180053730     libucrt:fpctrl.obj
 0004:0000273c       $pdata$_statfp             000000018005373c     libucrt:fpctrl.obj
 0004:00002748       $pdata$_set_statfp         0000000180053748     libucrt:fpctrl.obj
 0004:00002754       $pdata$?apiGetConsoleFontSize@@YAHPEAXAEAH1AEAY0CA@_W@Z 0000000180053754     common-kernel64:WConsole.obj
 0004:00002760       $pdata$?apiSetConsoleFontSize@@YAHPEAXHHPEB_W@Z 0000000180053760     common-kernel64:WConsole.obj
 0004:0000276c       $pdata$?apiGetCurrentConsoleFontEx@@YAHPEAXHPEAUMY_CONSOLE_FONT_INFOEX@@@Z 000000018005376c     common-kernel64:WConsole.obj
 0004:00002778       $pdata$?apiSetCurrentConsoleFontEx@@YAHPEAXHPEAUMY_CONSOLE_FONT_INFOEX@@@Z 0000000180053778     common-kernel64:WConsole.obj
 0004:00002784       $pdata$_IsNonwritableInCurrentImage 0000000180053784     LIBCMT:pesect.obj
 0004:00002790       $pdata$_IsNonwritableInCurrentImage$filt$0 0000000180053790     LIBCMT:pesect.obj
 0004:0000279c       $pdata$__GSHandlerCheck_SEH 000000018005379c     LIBCMT:gshandlerseh.obj
 0005:00000000       MoveSmall                  0000000180054000     libvcruntime:memcpy.obj
 0005:00000080       MsetTab                    0000000180054080     libvcruntime:memset.obj
 0006:000000a0       $R000000                   00000001800550a0     ConEmu.res
 0006:000003b0       $R000310                   00000001800553b0     ConEmu.res
