 ConEmuTh.x64

 Timestamp is 5f0ca617 (Mon Jul 13 20:21:11 2020)

 Preferred load address is 0000000180000000

 Start         Length     Name                   Class
 0001:00000000 00027370H .text$mn                CODE
 0001:00027370 00000040H .text$mn$00             CODE
 0001:000273b0 00000550H .text$x                 CODE
 0002:00000000 00000650H .idata$5                DATA
 0002:00000650 00000028H .00cfg                  DATA
 0002:00000678 00000008H .CRT$XCA                DATA
 0002:00000680 00000008H .CRT$XCZ                DATA
 0002:00000688 00000008H .CRT$XIA                DATA
 0002:00000690 00000018H .CRT$XIC                DATA
 0002:000006a8 00000008H .CRT$XIZ                DATA
 0002:000006b0 00000008H .CRT$XPA                DATA
 0002:000006b8 00000010H .CRT$XPX                DATA
 0002:000006c8 00000008H .CRT$XPXA               DATA
 0002:000006d0 00000008H .CRT$XPZ                DATA
 0002:000006d8 00000008H .CRT$XTA                DATA
 0002:000006e0 00000010H .CRT$XTZ                DATA
 0002:000006e8 00000000H .gfids$y                DATA
 0002:000006f0 00009950H .rdata                  DATA
 0002:0000a040 0000055cH .rdata$r                DATA
 0002:0000a59c 00000354H .rdata$zzzdbg           DATA
 0002:0000a8f0 00000008H .rtc$IAA                DATA
 0002:0000a8f8 00000008H .rtc$IZZ                DATA
 0002:0000a900 00000008H .rtc$TAA                DATA
 0002:0000a908 00000008H .rtc$TZZ                DATA
 0002:0000a910 00001b08H .xdata                  DATA
 0002:0000c418 000001a8H .xdata$x                DATA
 0002:0000c5c0 0000016cH .edata                  DATA
 0002:0000c72c 0000008cH .idata$2                DATA
 0002:0000c7b8 00000018H .idata$3                DATA
 0002:0000c7d0 00000650H .idata$4                DATA
 0002:0000ce20 00000de4H .idata$6                DATA
 0003:00000000 00000ad0H .data                   DATA
 0003:00000ad0 00000220H .data$r                 DATA
 0003:00000cf0 0002b188H .bss                    DATA
 0004:00000000 00001fbcH .pdata                  DATA
 0005:00000000 00000100H _RDATA                  DATA
 0006:00000000 00000130H .rsrc$01                DATA
 0006:00000130 00001560H .rsrc$02                DATA

  Address         Publics by Value              Rva+Base               Lib:Object

 0000:00000000       __guard_fids_count         0000000000000000     <absolute>
 0000:00000000       __x64_code_ranges_to_entry_points 0000000000000000     <absolute>
 0000:00000000       __guard_longjmp_count      0000000000000000     <absolute>
 0000:00000000       __guard_longjmp_table      0000000000000000     <absolute>
 0000:00000000       __hybrid_code_map          0000000000000000     <absolute>
 0000:00000000       __arm64x_redirection_metadata 0000000000000000     <absolute>
 0000:00000000       __guard_iat_count          0000000000000000     <absolute>
 0000:00000000       __guard_eh_cont_count      0000000000000000     <absolute>
 0000:00000000       __guard_iat_table          0000000000000000     <absolute>
 0000:00000000       __arm64x_native_entrypoint 0000000000000000     <absolute>
 0000:00000000       __volatile_metadata        0000000000000000     <absolute>
 0000:00000000       __hybrid_code_map_count    0000000000000000     <absolute>
 0000:00000000       __guard_eh_cont_table      0000000000000000     <absolute>
 0000:00000000       __enclave_config           0000000000000000     <absolute>
 0000:00000000       ___safe_se_handler_count   0000000000000000     <absolute>
 0000:00000000       __AbsoluteZero             0000000000000000     <absolute>
 0000:00000000       ___safe_se_handler_table   0000000000000000     <absolute>
 0000:00000000       __dynamic_value_reloc_table 0000000000000000     <absolute>
 0000:00000000       __guard_fids_table         0000000000000000     <absolute>
 0000:00000000       __hybrid_auxiliary_iat     0000000000000000     <absolute>
 0000:00000100       __guard_flags              0000000000000100     <absolute>
 0000:00000000       __ImageBase                0000000180000000     <linker-defined>
 0001:00000000       ExitFARW                   0000000180001000 f   ConEmuTh.obj
 0001:00000000       ?ExitFARW3@@YAXPEAX@Z      0000000180001000 f   ConEmuTh.obj
 0001:00000038       ProcessSynchroEventW       0000000180001038 f   ConEmuTh.obj
 0001:00000040       ??$swprintf_c@$0CAA@@@YAHAEAY0CAA@_WPEB_WZZ 0000000180001040 f i ConEmuTh.obj
 0001:0000006c       ??$wcscpy_c@$0CAI@@@YAHAEAY0CAI@_WPEB_W@Z 000000018000106c f i ConEmuTh.obj
 0001:000000b8       ??1?$MFileMapping@UPanelViewSetMapping@@@@QEAA@XZ 00000001800010b8 f i ConEmuTh.obj
 0001:0000010c       ??_G?$MFileMapping@Utag_DetectedDialog@@@@QEAAPEAXI@Z 000000018000110c f i ConEmuTh.obj
 0001:000002e8       ?CheckConEmu@@YAHH@Z       00000001800012e8 f   ConEmuTh.obj
 0001:000003f0       ?CheckPanelSettings@@YAHH@Z 00000001800013f0 f   ConEmuTh.obj
 0001:00000428       ?CheckVarsInitialized@@YAXXZ 0000000180001428 f   ConEmuTh.obj
 0001:0000056c       ?CheckWindows@@YA_NXZ      000000018000156c f   ConEmuTh.obj
 0001:0000060c       ?EntryPoint@@YAXH_J_N@Z    000000018000160c f   ConEmuTh.obj
 0001:000007bc       ?ExecuteInMainThread@@YAXPEAUConEmuThSynchroArg@@@Z 00000001800017bc f   ConEmuTh.obj
 0001:00000840       ?ExitPlugin@@YAXXZ         0000000180001840 f   ConEmuTh.obj
 0001:00000978       ?FreeItem@CePluginPanelItem@@QEAAXXZ 0000000180001978 f   ConEmuTh.obj
 0001:00000998       ?FreeUserData@CePluginPanelItem@@QEAAXXZ 0000000180001998 f   ConEmuTh.obj
 0001:000009ec       ?GetActivePanel@@YAPEAUCeFullPanelInfo@@XZ 00000001800019ec f   ConEmuTh.obj
 0001:00000a30       ?GetFarRect@@YAHPEAU_SMALL_RECT@@@Z 0000000180001a30 f   ConEmuTh.obj
 0001:00000aa0       ?GetFocusedThumbnails@@YAPEAUCeFullPanelInfo@@XZ 0000000180001aa0 f   ConEmuTh.obj
 0001:00000afc       ?GetMainThreadId@@YAKXZ    0000000180001afc f   ConEmuTh.obj
 0001:00000bac       ?GetMsgW@@YAPEB_WH@Z       0000000180001bac f   ConEmuTh.obj
 0001:00000be8       ?GetPalette@@YAAEBV?$array@K$0BA@@std@@XZ 0000000180001be8 f   ConEmuTh.obj
 0001:00000bf0       ?GetPluginInfoWcmn@@YAXPEAX@Z 0000000180001bf0 f   ConEmuTh.obj
 0001:00000c14       ?IsThumbnailsActive@@YAPEAUCeFullPanelInfo@@H@Z 0000000180001c14 f   ConEmuTh.obj
 0001:00000e14       ?LoadFarVersion@@YAHXZ     0000000180001e14 f   ConEmuTh.obj
 0001:000011bc       ?LoadPanelItemInfo@@YAXPEAUCeFullPanelInfo@@_J@Z 00000001800021bc f   ConEmuTh.obj
 0001:000011f4       ?LoadThSet@@YAHK@Z         00000001800021f4 f   ConEmuTh.obj
 0001:00001590       ?OnPostPeekConsole@@YAHPEAXPEAU_INPUT_RECORD@@KPEAKPEAH@Z 0000000180002590 f   ConEmuTh.obj
 0001:000015d0       ?OnPostReadConsole@@YAHPEAXPEAU_INPUT_RECORD@@KPEAKPEAH@Z 00000001800025d0 f   ConEmuTh.obj
 0001:00001614       ?OnPrePeekConsole@@YAHPEAXPEAU_INPUT_RECORD@@KPEAKPEAH@Z 0000000180002614 f   ConEmuTh.obj
 0001:000016d8       ?OnPreReadConsole@@YAHPEAXPEAU_INPUT_RECORD@@KPEAKPEAH@Z 00000001800026d8 f   ConEmuTh.obj
 0001:000016f4       ?OnPreWriteConsoleOutput@@YAHPEAXPEBU_CHAR_INFO@@U_COORD@@2PEAU_SMALL_RECT@@@Z 00000001800026f4 f   ConEmuTh.obj
 0001:00001870       ?OnReadyForPanelsReload@@YAXXZ 0000000180002870 f   ConEmuTh.obj
 0001:00001b84       ?OpenPluginWcmn@@YAPEAXH_J_N@Z 0000000180002b84 f   ConEmuTh.obj
 0001:00001bf0       ?OpenW@@YAPEAXPEBUOpenInfo@@@Z 0000000180002bf0 f   ConEmuTh.obj
 0001:00001c20       ?PostMacro@@YAXPEA_W@Z     0000000180002c20 f   ConEmuTh.obj
 0001:00001db0       ?ProcessConsoleInput@@YAHHPEAU_INPUT_RECORD@@KPEAK@Z 0000000180002db0 f   ConEmuTh.obj
 0001:000020d4       ?ProcessSynchroEventCommon@@YAHHPEAX@Z 00000001800030d4 f   ConEmuTh.obj
 0001:00002284       ?RefreshPalette@@YAAEBV?$array@K$0BA@@std@@_N@Z 0000000180003284 f   ConEmuTh.obj
 0001:000022fc       ?ReloadPanelsInfo@@YAXXZ   00000001800032fc f   ConEmuTh.obj
 0001:000024e4       ?ReloadResourcesW@@YAXXZ   00000001800034e4 f   ConEmuTh.obj
 0001:00002580       ?ResetUngetBuffer@@YAXXZ   0000000180003580 f   ConEmuTh.obj
 0001:00002590       ?SavePanelViewState@@YAXHK@Z 0000000180003590 f   ConEmuTh.obj
 0001:000025d8       ?SettingsLoad@@YAHPEB_WPEAK@Z 00000001800035d8 f   ConEmuTh.obj
 0001:00002610       ?SettingsLoadOther@@YAXPEB_W@Z 0000000180003610 f   ConEmuTh.obj
 0001:0000276c       ?SettingsLoadReg@@YAHPEB_W0PEAK@Z 000000018000376c f   ConEmuTh.obj
 0001:0000280c       ?SettingsSave@@YAXPEB_WPEAK@Z 000000018000380c f   ConEmuTh.obj
 0001:00002844       ?SettingsSaveReg@@YAXPEB_W0PEAK@Z 0000000180003844 f   ConEmuTh.obj
 0001:000028cc       ?ShowLastError@@YAHXZ      00000001800038cc f   ConEmuTh.obj
 0001:00002964       ?ShowMessage@@YAHHH@Z      0000000180003964 f   ConEmuTh.obj
 0001:0000299c       ?ShowPluginMenu@@YAHXZ     000000018000399c f   ConEmuTh.obj
 0001:000029d4       ?StartPlugin@@YAXH@Z       00000001800039d4 f   ConEmuTh.obj
 0001:00002b3c       ?StringCchCatW@@YAJPEA_W_KPEB_W@Z 0000000180003b3c f i ConEmuTh.obj
 0001:00002bfc       ?StringCchCopyW@@YAJPEA_W_KPEB_W@Z 0000000180003bfc f i ConEmuTh.obj
 0001:00002c68       ?StringCchVPrintfW@@YAJPEA_W_KPEB_WPEAD@Z 0000000180003c68 f i ConEmuTh.obj
 0001:00002d0c       ?UpdateEnvVar@@YAXH@Z      0000000180003d0c f   ConEmuTh.obj
 0001:00002d3c       ?isPreloadByDefault@@YA_NXZ 0000000180003d3c f   ConEmuTh.obj
 0001:00002d64       DllMain                    0000000180003d64 f   ConEmuTh.obj
 0001:00002e30       GetMinFarVersionW          0000000180003e30 f   ConEmuTh.obj
 0001:00002e38       SetStartupInfoW            0000000180003e38 f   ConEmuTh.obj
 0001:00002e98       __local_stdio_printf_options 0000000180003e98 f i ConEmuTh.obj
 0001:00002ea0       ?CheckFarPanelsW1900@@YA_NXZ 0000000180003ea0 f   ConEmuTh1900.obj
 0001:00002f18       ?CheckPanelSettingsW1900@@YAHH@Z 0000000180003f18 f   ConEmuTh1900.obj
 0001:00002fd8       ?Color2BgIndex@Far3Color@@SAXKHAEAGPEBK@Z 0000000180003fd8 f i ConEmuTh1900.obj
 0001:000030ec       ?Color2FgIndex@Far3Color@@SAXKAEAGPEBK@Z 00000001800040ec f i ConEmuTh1900.obj
 0001:000031dc       ?ExecuteInMainThreadW1900@@YAXPEAUConEmuThSynchroArg@@@Z 00000001800041dc f   ConEmuTh1900.obj
 0001:00003208       ?ExitFARW1900@@YAXXZ       0000000180004208 f   ConEmuTh1900.obj
 0001:00003244       ?FarColor_3_2@@YAEAEBUFarColor@@_N@Z 0000000180004244 f i ConEmuTh1900.obj
 0001:00003304       ?GetFarRectW1900@@YAXPEAU_SMALL_RECT@@@Z 0000000180004304 f   ConEmuTh1900.obj
 0001:00003398       ?GetMsgW1900@@YAPEB_WH@Z   0000000180004398 f   ConEmuTh1900.obj
 0001:000033c4       ?GetPluginInfoW1900@@YAXPEAX@Z 00000001800043c4 f   ConEmuTh1900.obj
 0001:00003574       ?LoadPanelInfoW1900@@YAHH@Z 0000000180004574 f   ConEmuTh1900.obj
 0001:00003a28       ?LoadPanelItemInfoW1900@@YAXPEAUCeFullPanelInfo@@_J@Z 0000000180004a28 f   ConEmuTh1900.obj
 0001:00003c40       ?OpenW1900@@YAPEAXPEBX@Z   0000000180004c40 f   ConEmuTh1900.obj
 0001:00003ca0       ?PostMacroW1900@@YAXPEA_W@Z 0000000180004ca0 f   ConEmuTh1900.obj
 0001:00003d38       ?ReloadPanelsInfoW1900@@YAXXZ 0000000180004d38 f   ConEmuTh1900.obj
 0001:00003d5c       ?SetCurrentPanelItemW1900@@YAXH_J0@Z 0000000180004d5c f   ConEmuTh1900.obj
 0001:00003e90       ?SetStartupInfoW1900@@YAXPEAX@Z 0000000180004e90 f   ConEmuTh1900.obj
 0001:00003fdc       ?_Doraise@exception@stdext@@MEBAXXZ 0000000180004fdc f   common-kernel64:MProcess.obj
 0001:00003fdc       ?SettingsLoadOtherW1900@@YAXXZ 0000000180004fdc f   ConEmuTh1900.obj
 0001:00003fdc       ?OnThreadStopped@?$CQueueProcessor@PEAUIMAGE_CACHE_INFO@@@@MEAAXXZ 0000000180004fdc f   ImgCache.obj
 0001:00003fdc       ?LoadPanelItemInfoA@@YAXPEAUCeFullPanelInfo@@_J@Z 0000000180004fdc f   ConEmuThA.obj
 0001:00003fdc       ?FreeItem@?$CQueueProcessor@PEAUIMAGE_CACHE_INFO@@@@MEAAXAEBQEAUIMAGE_CACHE_INFO@@@Z 0000000180004fdc f   ImgCache.obj
 0001:00003fdc       ?SettingsLoadOtherW2800@@YAXXZ 0000000180004fdc f   ConEmuTh2800.obj
 0001:00003fdc       ?OnItemFailed@?$CQueueProcessor@PEAUIMAGE_CACHE_INFO@@@@MEAAXAEAPEAUIMAGE_CACHE_INFO@@_J@Z 0000000180004fdc f   ImgCache.obj
 0001:00003fdc       ?OnItemReady@?$CQueueProcessor@PEAUIMAGE_CACHE_INFO@@@@MEAAXAEAPEAUIMAGE_CACHE_INFO@@_J@Z 0000000180004fdc f   ImgCache.obj
 0001:00003fdc       _guard_check_icall_nop     0000000180004fdc f   LIBCMT:guard_support.obj
 0001:00003fdc       ?ApplyChanges@?$CQueueProcessor@PEAUIMAGE_CACHE_INFO@@@@MEAAXAEAPEAUIMAGE_CACHE_INFO@@AEBQEAU2@@Z 0000000180004fdc f   ImgCache.obj
 0001:00003fe0       ?SettingsLoadW1900@@YAHPEB_WPEAK@Z 0000000180004fe0 f   ConEmuTh1900.obj
 0001:000040c4       ?SettingsSaveW1900@@YAXPEB_WPEAK@Z 00000001800050c4 f   ConEmuTh1900.obj
 0001:000041ac       ?ShowMessageW1900@@YAHHH@Z 00000001800051ac f   ConEmuTh1900.obj
 0001:000041f4       ?ShowMessageW1900@@YAHPEB_WH@Z 00000001800051f4 f   ConEmuTh1900.obj
 0001:00004278       ?ShowPluginMenuW1900@@YAHXZ 0000000180005278 f   ConEmuTh1900.obj
 0001:00004488       ??$swprintf_c@$0MI@@@YAHAEAY0MI@_WPEB_WZZ 0000000180005488 f i ConEmuTh2800.obj
 0001:000044b4       ?CheckFarPanelsW2800@@YA_NXZ 00000001800054b4 f   ConEmuTh2800.obj
 0001:00004544       ?CheckPanelSettingsW2800@@YAHH@Z 0000000180005544 f   ConEmuTh2800.obj
 0001:00004608       ?ExecuteInMainThreadW2800@@YAXPEAUConEmuThSynchroArg@@@Z 0000000180005608 f   ConEmuTh2800.obj
 0001:00004634       ?ExitFARW2800@@YAXXZ       0000000180005634 f   ConEmuTh2800.obj
 0001:00004670       ?FreePanelItemUserData2800@@YAXPEAX_KP6A_JXZ@Z 0000000180005670 f   ConEmuTh2800.obj
 0001:000046a4       ?GetFarRectW2800@@YAXPEAU_SMALL_RECT@@@Z 00000001800056a4 f   ConEmuTh2800.obj
 0001:00004740       ?GetMsgW2800@@YAPEB_WH@Z   0000000180005740 f   ConEmuTh2800.obj
 0001:0000476c       ?GetPluginInfoW2800@@YAXPEAX@Z 000000018000576c f   ConEmuTh2800.obj
 0001:0000491c       ?LoadPanelInfoW2800@@YAHH@Z 000000018000591c f   ConEmuTh2800.obj
 0001:00004dd0       ?LoadPanelItemInfoW2800@@YAXPEAUCeFullPanelInfo@@_J@Z 0000000180005dd0 f   ConEmuTh2800.obj
 0001:00005040       ?OpenW2800@@YAPEAXPEBX@Z   0000000180006040 f   ConEmuTh2800.obj
 0001:00005100       ?PostMacroW2800@@YAXPEA_W@Z 0000000180006100 f   ConEmuTh2800.obj
 0001:00005198       ?ProcessSynchroEventW3@@YA_JPEAX@Z 0000000180006198 f   ConEmuTh2800.obj
 0001:000051b0       ?ReloadPanelsInfoW2800@@YAXXZ 00000001800061b0 f   ConEmuTh2800.obj
 0001:000051d4       ?SetCurrentPanelItemW2800@@YAXH_J0@Z 00000001800061d4 f   ConEmuTh2800.obj
 0001:00005320       ?SetCurrentPanelItemW2800Int@@YAXH_J0@Z 0000000180006320 f   ConEmuTh2800.obj
 0001:00005454       ?SetStartupInfoW2800@@YAXPEAX@Z 0000000180006454 f   ConEmuTh2800.obj
 0001:000055a0       ?SettingsLoadW2800@@YAHPEB_WPEAK@Z 00000001800065a0 f   ConEmuTh2800.obj
 0001:00005694       ?SettingsSaveW2800@@YAXPEB_WPEAK@Z 0000000180006694 f   ConEmuTh2800.obj
 0001:0000578c       ?ShowMessageW2800@@YAHHH@Z 000000018000678c f   ConEmuTh2800.obj
 0001:000057d8       ?ShowMessageW2800@@YAHPEB_WH@Z 00000001800067d8 f   ConEmuTh2800.obj
 0001:00005860       ?ShowPluginMenuW2800@@YAHXZ 0000000180006860 f   ConEmuTh2800.obj
 0001:00005a6c       GetGlobalInfoW             0000000180006a6c f   ConEmuTh2800.obj
 0001:00005b04       ?CheckFarPanelsW995@@YA_NXZ 0000000180006b04 f   ConEmuTh995.obj
 0001:00005b78       ?CheckPanelSettingsW995@@YAHH@Z 0000000180006b78 f   ConEmuTh995.obj
 0001:00005c10       ?ExecuteInMainThreadW995@@YAXPEAUConEmuThSynchroArg@@@Z 0000000180006c10 f   ConEmuTh995.obj
 0001:00005c38       ?ExitFARW995@@YAXXZ        0000000180006c38 f   ConEmuTh995.obj
 0001:00005c8c       ?GetFarRectW995@@YAXPEAU_SMALL_RECT@@@Z 0000000180006c8c f   ConEmuTh995.obj
 0001:00005ccc       ?GetMsgW995@@YAPEB_WH@Z    0000000180006ccc f   ConEmuTh995.obj
 0001:00005cf4       ?GetPluginInfoW995@@YAXPEAX@Z 0000000180006cf4 f   ConEmuTh995.obj
 0001:00005d6c       ?LoadPanelInfo995@@YAHH@Z  0000000180006d6c f   ConEmuTh995.obj
 0001:000060f0       ?LoadPanelItemInfoW995@@YAXPEAUCeFullPanelInfo@@_J@Z 00000001800070f0 f   ConEmuTh995.obj
 0001:00006280       ?PostMacroW995@@YAXPEA_W@Z 0000000180007280 f   ConEmuTh995.obj
 0001:00006300       ?ReloadPanelsInfoW995@@YAXXZ 0000000180007300 f   ConEmuTh995.obj
 0001:00006324       ?SetCurrentPanelItemW995@@YAXH_J0@Z 0000000180007324 f   ConEmuTh995.obj
 0001:0000644c       ?SetStartupInfoW995@@YAXPEAX@Z 000000018000744c f   ConEmuTh995.obj
 0001:000065ec       ?SettingsLoadOtherW995@@YAXXZ 00000001800075ec f   ConEmuTh995.obj
 0001:000065f8       ?SettingsLoadW995@@YAHPEB_WPEAK@Z 00000001800075f8 f   ConEmuTh995.obj
 0001:0000660c       ?SettingsSaveW995@@YAXPEB_WPEAK@Z 000000018000760c f   ConEmuTh995.obj
 0001:00006620       ?ShowMessageW995@@YAHHH@Z  0000000180007620 f   ConEmuTh995.obj
 0001:00006664       ?ShowMessageW995@@YAHPEB_WH@Z 0000000180007664 f   ConEmuTh995.obj
 0001:000066a4       ?ShowPluginMenuW995@@YAHXZ 00000001800076a4 f   ConEmuTh995.obj
 0001:00006844       OpenPluginW                0000000180007844 f   ConEmuTh995.obj
 0001:00006864       ?CheckFarPanelsA@@YA_NXZ   0000000180007864 f   ConEmuThA.obj
 0001:000068f0       ?CheckPanelSettingsA@@YAHH@Z 00000001800078f0 f   ConEmuThA.obj
 0001:0000699c       ?GetMsgA@@YAPEB_WHPEA_W@Z  000000018000799c f   ConEmuThA.obj
 0001:00006a38       ?LoadPanelInfoA@@YAHH@Z    0000000180007a38 f   ConEmuThA.obj
 0001:00006e58       ?PostMacroA@@YAXPEAD@Z     0000000180007e58 f   ConEmuThA.obj
 0001:00006ed4       ?ReloadPanelsInfoA@@YAXXZ  0000000180007ed4 f   ConEmuThA.obj
 0001:00006ef8       ?ReloadResourcesA@@YAXXZ   0000000180007ef8 f   ConEmuThA.obj
 0001:00006fd4       ?SetCurrentPanelItemA@@YAXH_J0@Z 0000000180007fd4 f   ConEmuThA.obj
 0001:00007100       ?SettingsLoadA@@YAHPEB_WPEAK@Z 0000000180008100 f   ConEmuThA.obj
 0001:00007114       ?SettingsLoadOtherA@@YAXXZ 0000000180008114 f   ConEmuThA.obj
 0001:00007120       ?SettingsSaveA@@YAXPEB_WPEAK@Z 0000000180008120 f   ConEmuThA.obj
 0001:00007134       ?ShowMessageA@@YAHHH@Z     0000000180008134 f   ConEmuThA.obj
 0001:00007184       ?ShowMessageA@@YAHPEBDH@Z  0000000180008184 f   ConEmuThA.obj
 0001:000071c8       ?ShowPluginMenuA@@YAHXZ    00000001800081c8 f   ConEmuThA.obj
 0001:000073c0       ExitFAR                    00000001800083c0 f   ConEmuThA.obj
 0001:0000741c       GetMinFarVersion           000000018000841c f   ConEmuThA.obj
 0001:0000744c       GetPluginInfo              000000018000844c f   ConEmuThA.obj
 0001:000074cc       OpenPlugin                 00000001800084cc f   ConEmuThA.obj
 0001:00007508       SetStartupInfo             0000000180008508 f   ConEmuThA.obj
 0001:000076c8       ??$swprintf_c@$0IA@@@YAHAEAY0IA@_WPEB_WZZ 00000001800086c8 f i Display.obj
 0001:000076f4       ?BisItem2CeItem@CeFullPanelInfo@@QEAAH_JH_KKKHH@Z 00000001800086f4 f   Display.obj
 0001:000077a0       ?CalcTopPanelItem@CeFullPanelInfo@@QEAA_J_J0@Z 00000001800087a0 f   Display.obj
 0001:00007880       ?Close@CeFullPanelInfo@@QEAAXXZ 0000000180008880 f   Display.obj
 0001:000078c4       ?CreateView@CeFullPanelInfo@@QEAAPEAUHWND__@@XZ 00000001800088c4 f   Display.obj
 0001:00007c6c       ?DisplayReloadPanel@CeFullPanelInfo@@QEAAXXZ 0000000180008c6c f   Display.obj
 0001:00007ca8       ?DisplayThread@CeFullPanelInfo@@SAKPEAX@Z 0000000180008ca8 f   Display.obj
 0001:00007de0       ?DisplayWndProc@CeFullPanelInfo@@SA_JPEAUHWND__@@I_K_J@Z 0000000180008de0 f   Display.obj
 0001:0000832c       ?DrawItemText@CeFullPanelInfo@@QEAAHPEAUHDC__@@PEAUtagRECT@@1PEAUCePluginPanelItem@@PEB_WPEAUHBRUSH__@@H@Z 000000018000932c f   Display.obj
 0001:00008980       ?FarItem2CeItem@CeFullPanelInfo@@QEAAH_JPEB_W1KU_FILETIME@@_KHPEAX3P6A_JXZ3K@Z 0000000180009980 f   Display.obj
 0001:00008ce4       ?FinalRelease@CeFullPanelInfo@@QEAAXXZ 0000000180009ce4 f   Display.obj
 0001:00008e00       ?GetConCoordFromIndex@CeFullPanelInfo@@QEAAH_JAEAU_COORD@@@Z 0000000180009e00 f   Display.obj
 0001:00008ef8       ?GetIndexFromWndCoord@CeFullPanelInfo@@QEAAHHHAEA_J@Z 0000000180009ef8 f   Display.obj
 0001:00008f90       ?GetItemColors@CeFullPanelInfo@@QEAAPEAUHBRUSH__@@_JPEAUCePluginPanelItem@@PEAUCePluginPanelItemColor@@HAEAK3@Z 0000000180009f90 f   Display.obj
 0001:00008ff8       ?Invalidate@CeFullPanelInfo@@QEAAXXZ 0000000180009ff8 f   Display.obj
 0001:0000904c       ?InvalidateAll@CeFullPanelInfo@@SAXXZ 000000018000a04c f   Display.obj
 0001:0000909c       ?LoadItemColors@CeFullPanelInfo@@QEAAX_JPEAUCePluginPanelItem@@PEAUCePluginPanelItemColor@@HH@Z 000000018000a09c f   Display.obj
 0001:000092f0       ?OnSettingsChanged@CeFullPanelInfo@@QEAAHH@Z 000000018000a2f0 f   Display.obj
 0001:00009424       ?Paint@CeFullPanelInfo@@QEAAXPEAUHWND__@@AEAUtagPAINTSTRUCT@@AEAUtagRECT@@@Z 000000018000a424 f   Display.obj
 0001:00009d1c       ?PaintItem@CeFullPanelInfo@@QEAAHPEAUHDC__@@_JHHPEAUCePluginPanelItem@@PEAUCePluginPanelItemColor@@HHPEAUHBRUSH__@@4K@Z 000000018000ad1c f   Display.obj
 0001:0000a250       ?ReallocItems@CeFullPanelInfo@@QEAAH_J@Z 000000018000b250 f   Display.obj
 0001:0000a3c0       ?RegisterPanelView@CeFullPanelInfo@@QEAAHXZ 000000018000b3c0 f   Display.obj
 0001:0000a6b8       ?RequestSetPos@CeFullPanelInfo@@QEAAX_J0H@Z 000000018000b6b8 f   Display.obj
 0001:0000a79c       ?UnregisterPanelView@CeFullPanelInfo@@QEAAH_N@Z 000000018000b79c f   Display.obj
 0001:0000a8d8       ??$SafeDelete@UMSectionSimple@@@@YAXAEAPEAUMSectionSimple@@@Z 000000018000b8d8 f i ImgCache.obj
 0001:0000a920       ??0?$CQueueProcessor@PEAUIMAGE_CACHE_INFO@@@@QEAA@XZ 000000018000b920 f i ImgCache.obj
 0001:0000a998       ??0CImgCache@@QEAA@PEAUHINSTANCE__@@@Z 000000018000b998 f   ImgCache.obj
 0001:0000ab2c       ??1?$CQueueProcessor@PEAUIMAGE_CACHE_INFO@@@@UEAA@XZ 000000018000bb2c f i ImgCache.obj
 0001:0000abe0       ??1CImgCache@@QEAA@XZ      000000018000bbe0 f   ImgCache.obj
 0001:0000aca0       ??_E?$CQueueProcessor@PEAUIMAGE_CACHE_INFO@@@@UEAAPEAXI@Z 000000018000bca0 f i ImgCache.obj
 0001:0000aca0       ??_G?$CQueueProcessor@PEAUIMAGE_CACHE_INFO@@@@UEAAPEAXI@Z 000000018000bca0 f i ImgCache.obj
 0001:0000acd4       ??_GCImgLoader@@UEAAPEAXI@Z 000000018000bcd4 f i ImgCache.obj
 0001:0000acd4       ??_ECImgLoader@@UEAAPEAXI@Z 000000018000bcd4 f i ImgCache.obj
 0001:0000ad08       ?CheckDrawDibCreated@CImgCache@@IEAAHXZ 000000018000bd08 f   ImgCache.obj
 0001:0000ae6c       __acrt_uninitialize_command_line 000000018000be6c f i libucrt:argv_data.obj
 0001:0000ae6c       ?Filter@?$MToolHelp@UtagPROCESSENTRY32W@@$1?Process32FirstW@@YAHPEAXPEAU1@@Z$1?Process32NextW@@YAH01@Z@@MEAA_NPEAUtagPROCESSENTRY32W@@@Z 000000018000be6c f i common-kernel64:MProcess.obj
 0001:0000ae6c       ?CheckHighPriority@?$CQueueProcessor@PEAUIMAGE_CACHE_INFO@@@@MEAA_NAEBQEAUIMAGE_CACHE_INFO@@@Z 000000018000be6c f i ImgCache.obj
 0001:0000ae6c       ?CheckHighPriority@CImgLoader@@UEAA_NAEBQEAUIMAGE_CACHE_INFO@@@Z 000000018000be6c f i ImgCache.obj
 0001:0000ae70       ?CheckLoadDibCreated@CImgCache@@IEAAHXZ 000000018000be70 f   ImgCache.obj
 0001:0000afd4       ?CheckThread@?$CQueueProcessor@PEAUIMAGE_CACHE_INFO@@@@IEAAJXZ 000000018000bfd4 f i ImgCache.obj
 0001:0000b090       ?ClearQueue@?$CQueueProcessor@PEAUIMAGE_CACHE_INFO@@@@AEAAXXZ 000000018000c090 f i ImgCache.obj
 0001:0000b118       ?CopyBits@CImgCache@@IEAAXU_COORD@@PEAEK01@Z 000000018000c118 f   ImgCache.obj
 0001:0000b1a0       ?CopyItem@?$CQueueProcessor@PEAUIMAGE_CACHE_INFO@@@@MEAAXPEBQEAUIMAGE_CACHE_INFO@@PEAPEAU2@@Z 000000018000c1a0 f i ImgCache.obj
 0001:0000b1ac       ?FindInCache@CImgCache@@IEAAHPEAUCePluginPanelItem@@PEAHI@Z 000000018000c1ac f   ImgCache.obj
 0001:0000b3a4       ?FindOrCreate@?$CQueueProcessor@PEAUIMAGE_CACHE_INFO@@@@AEAAPEAUProcessingItem@1@AEBQEAUIMAGE_CACHE_INFO@@_J_NW4ProcessingPriority@@@Z 000000018000c3a4 f i ImgCache.obj
 0001:0000b5fc       ?FreeModules@CImgCache@@IEAAXXZ 000000018000c5fc f   ImgCache.obj
 0001:0000b66c       ?Init@CImgCache@@QEAAXK@Z  000000018000c66c f   ImgCache.obj
 0001:0000b6cc       ?InitializeQueue@?$CQueueProcessor@PEAUIMAGE_CACHE_INFO@@@@AEAAXH@Z 000000018000c6cc f i ImgCache.obj
 0001:0000b77c       ?IsEqual@?$CQueueProcessor@PEAUIMAGE_CACHE_INFO@@@@MEAA_NAEBQEAUIMAGE_CACHE_INFO@@_J01@Z 000000018000c77c f i ImgCache.obj
 0001:0000b798       ?IsEqual@CImgLoader@@UEAA_NAEBQEAUIMAGE_CACHE_INFO@@_J01@Z 000000018000c798 f i ImgCache.obj
 0001:0000b7b0       ?IsStopRequested@?$CQueueProcessor@PEAUIMAGE_CACHE_INFO@@@@UEAA_NAEBQEAUIMAGE_CACHE_INFO@@@Z 000000018000c7b0 f i ImgCache.obj
 0001:0000b7c0       ?IsTerminationRequested@?$CQueueProcessor@PEAUIMAGE_CACHE_INFO@@@@MEAA_NXZ 000000018000c7c0 f i ImgCache.obj
 0001:0000b7c0       ?IsTerminationRequested@CImgLoader@@UEAA_NXZ 000000018000c7c0 f i ImgCache.obj
 0001:0000b7c4       ?LoadModules@CImgCache@@IEAAXXZ 000000018000c7c4 f   ImgCache.obj
 0001:0000ba30       ?LoadShellIcon@CImgCache@@QEAAHPEAUIMAGE_CACHE_INFO@@H@Z 000000018000ca30 f   ImgCache.obj
 0001:0000bd64       ?LoadThumbnail@CImgCache@@QEAAHPEAUIMAGE_CACHE_INFO@@@Z 000000018000cd64 f   ImgCache.obj
 0001:0000c298       ?OnThreadStarted@?$CQueueProcessor@PEAUIMAGE_CACHE_INFO@@@@MEAAJXZ 000000018000d298 f i ImgCache.obj
 0001:0000c29c       ?OnThreadStarted@CImgLoader@@UEAAJXZ 000000018000d29c f i ImgCache.obj
 0001:0000c2c8       ?OnThreadStopped@CImgLoader@@UEAAXXZ 000000018000d2c8 f i ImgCache.obj
 0001:0000c2e4       ?PaintItem@CImgCache@@QEAAHPEAUHDC__@@HHHPEAUCePluginPanelItem@@PEAPEB_WPEAH@Z 000000018000d2e4 f   ImgCache.obj
 0001:0000c80c       ?ProcessItem@?$CQueueProcessor@PEAUIMAGE_CACHE_INFO@@@@IEAAJPEAUProcessingItem@1@@Z 000000018000d80c f i ImgCache.obj
 0001:0000c838       ?ProcessItem@?$CQueueProcessor@PEAUIMAGE_CACHE_INFO@@@@MEAAJAEAPEAUIMAGE_CACHE_INFO@@_J@Z 000000018000d838 f i ImgCache.obj
 0001:0000c840       ?ProcessItem@CImgLoader@@UEAAJAEAPEAUIMAGE_CACHE_INFO@@_J@Z 000000018000d840 f i ImgCache.obj
 0001:0000c898       ?ProcessingStep@?$CQueueProcessor@PEAUIMAGE_CACHE_INFO@@@@IEAA_NXZ 000000018000d898 f i ImgCache.obj
 0001:0000caa0       ?ProcessingThread@?$CQueueProcessor@PEAUIMAGE_CACHE_INFO@@@@KAKPEAX@Z 000000018000daa0 f i ImgCache.obj
 0001:0000cad0       ?RequestItem@CImgCache@@QEAAHPEAUCePluginPanelItem@@I@Z 000000018000dad0 f   ImgCache.obj
 0001:0000cbc8       ?Reset@CImgCache@@QEAAXXZ  000000018000dbc8 f   ImgCache.obj
 0001:0000cd98       ?SetCacheLocation@CImgCache@@QEAAXPEB_W@Z 000000018000dd98 f   ImgCache.obj
 0001:0000ce17       GetFileVersionInfoSizeW    000000018000de17 f   version:VERSION.dll
 0001:0000ce1d       GetFileVersionInfoW        000000018000de1d f   version:VERSION.dll
 0001:0000ce23       VerQueryValueW             000000018000de23 f   version:VERSION.dll
 0001:0000ce29       CreateToolhelp32Snapshot   000000018000de29 f   kernel32:KERNEL32.dll
 0001:0000ce2f       Thread32First              000000018000de2f f   kernel32:KERNEL32.dll
 0001:0000ce35       Thread32Next               000000018000de35 f   kernel32:KERNEL32.dll
 0001:0000ce3c       ??2@YAPEAX_K@Z             000000018000de3c f   common-kernel64:Memory.obj
 0001:0000ce64       ??3@YAXPEAX@Z              000000018000de64 f   common-kernel64:Memory.obj
 0001:0000ce64       ??_V@YAXPEAX@Z             000000018000de64 f   common-kernel64:Memory.obj
 0001:0000ce6c       ??_U@YAPEAX_K@Z            000000018000de6c f   common-kernel64:Memory.obj
 0001:0000ce74       ?HeapDeinitialize@@YAXXZ   000000018000de74 f   common-kernel64:Memory.obj
 0001:0000ced4       ?HeapInitialize@@YA_NXZ    000000018000ded4 f   common-kernel64:Memory.obj
 0001:0000cf10       ?xf_calloc@@YAPEAX_K0@Z    000000018000df10 f   common-kernel64:Memory.obj
 0001:0000cf40       ?xf_free@@YAXPEAX@Z        000000018000df40 f   common-kernel64:Memory.obj
 0001:0000cfb4       ?xf_malloc@@YAPEAX_K@Z     000000018000dfb4 f   common-kernel64:Memory.obj
 0001:0000cfdc       ?xf_realloc@@YAPEAXPEAX_K@Z 000000018000dfdc f   common-kernel64:Memory.obj
 0001:0000d004       ?StringCchVPrintfA@@YAJPEAD_KPEBD0@Z 000000018000e004 f i common-kernel64:MStrSafe.obj
 0001:0000d0ac       ?msprintf@@YAPEB_WPEA_W_KPEB_WZZ 000000018000e0ac f   common-kernel64:MStrSafe.obj
 0001:0000d4b4       ?sprintf_c@@YAHPEAD_JPEBDZZ 000000018000e4b4 f   common-kernel64:MStrSafe.obj
 0001:0000d4f4       ?swprintf_c@@YAHPEA_W_JPEB_WZZ 000000018000e4f4 f   common-kernel64:MStrSafe.obj
 0001:0000d534       ?CommonShutdown@@YAXXZ     000000018000e534 f   common-kernel64:Common.obj
 0001:0000d544       ??_GMNullDesc@@QEAAPEAXI@Z 000000018000e544 f i common-kernel64:MSecurity.obj
 0001:0000d5b8       ?LoadAdvApi@MNullDesc@@IEAAHXZ 000000018000e5b8 f i common-kernel64:MSecurity.obj
 0001:0000d76c       ?LocalSecurity@@YAPEAU_SECURITY_ATTRIBUTES@@XZ 000000018000e76c f   common-kernel64:MSecurity.obj
 0001:0000d7c4       ?LocalSecurity@MNullDesc@@QEAAPEAU_SECURITY_ATTRIBUTES@@XZ 000000018000e7c4 f i common-kernel64:MSecurity.obj
 0001:0000d940       ?ShutdownSecurity@@YAXXZ   000000018000e940 f   common-kernel64:MSecurity.obj
 0001:0000d968       ??$wcscpy_c@$0CA@@@YAHAEAY0CA@_WPEB_W@Z 000000018000e968 f i common-kernel64:ConEmuCheck.obj
 0001:0000d9b4       ?ExecuteCmd@@YAPEAUCESERVER_REQ@@PEB_WPEAU1@KPEAUHWND__@@HKH@Z 000000018000e9b4 f   common-kernel64:ConEmuCheck.obj
 0001:0000db9c       ?ExecuteFreeResult@@YAXAEAPEAUCESERVER_REQ@@@Z 000000018000eb9c f   common-kernel64:ConEmuCheck.obj
 0001:0000dbbc       ?ExecuteGuiCmd@@YAPEAUCESERVER_REQ@@PEAUHWND__@@PEAU1@0H@Z 000000018000ebbc f   common-kernel64:ConEmuCheck.obj
 0001:0000dc7c       ?ExecuteNewCmd@@YAPEAUCESERVER_REQ@@K_K@Z 000000018000ec7c f   common-kernel64:ConEmuCheck.obj
 0001:0000dce0       ?ExecuteOpenPipe@@YAPEAXPEB_WAEAY0CAI@_W0KKHPEAXH@Z 000000018000ece0 f   common-kernel64:ConEmuCheck.obj
 0001:0000de90       ?ExecutePrepareCmd@@YAXPEAUCESERVER_REQ@@K_K@Z 000000018000ee90 f   common-kernel64:ConEmuCheck.obj
 0001:0000decc       ?ExecutePrepareCmd@@YAXPEAUCESERVER_REQ_HDR@@K_K@Z 000000018000eecc f   common-kernel64:ConEmuCheck.obj
 0001:0000df3c       ?ModuleName@@YAPEB_WPEB_W@Z 000000018000ef3c f   common-kernel64:ConEmuCheck.obj
 0001:0000dffc       ??$_Emplace_reallocate@AEBUtagPROCESSENTRY32W@@@?$vector@UtagPROCESSENTRY32W@@V?$MArrayAllocator@UtagPROCESSENTRY32W@@@@@std@@QEAAPEAUtagPROCESSENTRY32W@@QEAU2@AEBU2@@Z 000000018000effc f i common-kernel64:MProcess.obj
 0001:0000e1ec       ??$emplace_back@AEBUtagPROCESSENTRY32W@@@?$vector@UtagPROCESSENTRY32W@@V?$MArrayAllocator@UtagPROCESSENTRY32W@@@@@std@@QEAAXAEBUtagPROCESSENTRY32W@@@Z 000000018000f1ec f i common-kernel64:MProcess.obj
 0001:0000e288       ??0?$MToolHelp@UtagPROCESSENTRY32W@@$1?Process32FirstW@@YAHPEAXPEAU1@@Z$1?Process32NextW@@YAH01@Z@@QEAA@KK@Z 000000018000f288 f i common-kernel64:MProcess.obj
 0001:0000e2f4       ??0bad_alloc@stdext@@QEAA@AEBV01@@Z 000000018000f2f4 f i common-kernel64:MProcess.obj
 0001:0000e314       ??0bad_alloc@stdext@@QEAA@XZ 000000018000f314 f i common-kernel64:MProcess.obj
 0001:0000e330       ??0exception@stdext@@QEAA@AEBV01@@Z 000000018000f330 f i common-kernel64:MProcess.obj
 0001:0000e348       ??1bad_alloc@stdext@@UEAA@XZ 000000018000f348 f i common-kernel64:MProcess.obj
 0001:0000e354       ??_EMToolHelpProcess@@UEAAPEAXI@Z 000000018000f354 f i common-kernel64:MProcess.obj
 0001:0000e354       ??_E?$MToolHelp@UtagPROCESSENTRY32W@@$1?Process32FirstW@@YAHPEAXPEAU1@@Z$1?Process32NextW@@YAH01@Z@@UEAAPEAXI@Z 000000018000f354 f i common-kernel64:MProcess.obj
 0001:0000e354       ??_GMToolHelpProcess@@UEAAPEAXI@Z 000000018000f354 f i common-kernel64:MProcess.obj
 0001:0000e354       ??_G?$MToolHelp@UtagPROCESSENTRY32W@@$1?Process32FirstW@@YAHPEAXPEAU1@@Z$1?Process32NextW@@YAH01@Z@@UEAAPEAXI@Z 000000018000f354 f i common-kernel64:MProcess.obj
 0001:0000e3c0       ??_Eexception@stdext@@UEAAPEAXI@Z 000000018000f3c0 f i common-kernel64:MProcess.obj
 0001:0000e3c0       ??_Gbad_alloc@stdext@@UEAAPEAXI@Z 000000018000f3c0 f i common-kernel64:MProcess.obj
 0001:0000e3c0       ??_Gexception@stdext@@UEAAPEAXI@Z 000000018000f3c0 f i common-kernel64:MProcess.obj
 0001:0000e3c0       ??_Ebad_alloc@stdext@@UEAAPEAXI@Z 000000018000f3c0 f i common-kernel64:MProcess.obj
 0001:0000e3ec       ?Close@?$MToolHelp@UtagPROCESSENTRY32W@@$1?Process32FirstW@@YAHPEAXPEAU1@@Z$1?Process32NextW@@YAH01@Z@@QEAAX_N@Z 000000018000f3ec f i common-kernel64:MProcess.obj
 0001:0000e46c       ?Find@?$MToolHelp@UtagPROCESSENTRY32W@@$1?Process32FirstW@@YAHPEAXPEAU1@@Z$1?Process32NextW@@YAH01@Z@@QEAA_NP6A_NPEAUtagPROCESSENTRY32W@@_J@Z10@Z 000000018000f46c f i common-kernel64:MProcess.obj
 0001:0000e574       ?Next@?$MToolHelp@UtagPROCESSENTRY32W@@$1?Process32FirstW@@YAHPEAXPEAU1@@Z$1?Process32NextW@@YAH01@Z@@QEAA_NPEAUtagPROCESSENTRY32W@@@Z 000000018000f574 f i common-kernel64:MProcess.obj
 0001:0000e5f4       ?_Doraise@bad_alloc@stdext@@MEBAXXZ 000000018000f5f4 f i common-kernel64:MProcess.obj
 0001:0000e610       ?_Xlength@?$vector@UtagPROCESSENTRY32W@@V?$MArrayAllocator@UtagPROCESSENTRY32W@@@@@std@@CAXXZ 000000018000f610 f i common-kernel64:MProcess.obj
 0001:0000e624       ?compare@cmp@?1??Find@MToolHelpProcess@@QEAA_NKPEAUtagPROCESSENTRY32W@@@Z@SA_N0_J@Z 000000018000f624 f i common-kernel64:MProcess.obj
 0001:0000e62c       ?getNext@?$MToolHelp@UtagPROCESSENTRY32W@@$1?Process32FirstW@@YAHPEAXPEAU1@@Z$1?Process32NextW@@YAH01@Z@@IEAA_NXZ 000000018000f62c f i common-kernel64:MProcess.obj
 0001:0000e6f0       ?isTerminalMode@@YA_NXZ    000000018000f6f0 f   common-kernel64:MProcess.obj
 0001:0000e848       ?what@exception@stdext@@UEBAPEBDXZ 000000018000f848 f i common-kernel64:MProcess.obj
 0001:0000e85c       ?Init@HkFunc@@QEAA_NPEB_WPEAUHINSTANCE__@@@Z 000000018000f85c f   common-kernel64:HkFunc.obj
 0001:0000e8ec       ??0MSection@@QEAA@XZ       000000018000f8ec f   common-kernel64:MSection.obj
 0001:0000e974       ??0MSectionLock@@QEAA@XZ   000000018000f974 f   common-kernel64:MSection.obj
 0001:0000e984       ??1MSection@@QEAA@XZ       000000018000f984 f   common-kernel64:MSection.obj
 0001:0000e9ec       ??1MSectionLock@@QEAA@XZ   000000018000f9ec f   common-kernel64:MSection.obj
 0001:0000ea10       ?AddRef@MSection@@IEAAXK@Z 000000018000fa10 f   common-kernel64:MSection.obj
 0001:0000eaa4       ?Lock@MSection@@IEAAHHK@Z  000000018000faa4 f   common-kernel64:MSection.obj
 0001:0000eba0       ?Lock@MSectionLock@@QEAAHPEAVMSection@@HK@Z 000000018000fba0 f   common-kernel64:MSection.obj
 0001:0000ebf4       ?MyEnterCriticalSection@MSection@@IEAA_NK@Z 000000018000fbf4 f   common-kernel64:MSection.obj
 0001:0000ed20       ?ReleaseRef@MSection@@IEAAHK@Z 000000018000fd20 f   common-kernel64:MSection.obj
 0001:0000edc0       ?Unlock@MSection@@IEAAXH@Z 000000018000fdc0 f   common-kernel64:MSection.obj
 0001:0000ee18       ?Unlock@MSectionLock@@QEAAXXZ 000000018000fe18 f   common-kernel64:MSection.obj
 0001:0000ee44       ?WaitUnlocked@MSection@@IEAAXKK@Z 000000018000fe44 f   common-kernel64:MSection.obj
 0001:0000eed8       ??$sprintf_c@$0CI@@@YAHAEAY0CI@DPEBDZZ 000000018000fed8 f i common-kernel64:WThreads.obj
 0001:0000ef04       ?SetThreadName@@YAXKPEAD@Z 000000018000ff04 f   common-kernel64:WThreads.obj
 0001:0000ef3c       ?apiCreateThread@@YAPEAXP6AKPEAX@Z0PEAKPEBDH@Z 000000018000ff3c f   common-kernel64:WThreads.obj
 0001:0000f084       ?apiTerminateThreadEx@@YAHPEAXKPEBDH@Z 0000000180010084 f   common-kernel64:WThreads.obj
 0001:0000f18c       ?apiThreadHelper@@YAKPEAX@Z 000000018001018c f   common-kernel64:WThreads.obj
 0001:0000f398       ?FileExists@@YA_NPEB_WPEAK@Z 0000000180010398 f   common-kernel64:WObjects.obj
 0001:0000f518       ?IsWindows64@@YA_NXZ       0000000180010518 f   common-kernel64:WObjects.obj
 0001:0000f53c       ?StringCchCopyNW@@YAJPEA_W_KPEB_W1@Z 000000018001053c f i common-kernel64:WObjects.obj
 0001:0000f5b0       ?_VerifyVersionInfo@@YA_NPEAU_OSVERSIONINFOEXW@@K_K@Z 00000001800105b0 f   common-kernel64:WObjects.obj
 0001:0000f660       ?PointToExt@@YAPEB_WPEB_W@Z 0000000180010660 f   common-kernel64:CmdLine.obj
 0001:0000f684       ?PointToName@@YAPEB_WPEB_W@Z 0000000180010684 f   common-kernel64:CmdLine.obj
 0001:0000f6e0       ?Unquote@@YAPEB_WPEA_W_N@Z 00000001800106e0 f   common-kernel64:CmdLine.obj
 0001:0000f748       ?lstrdup@@YAPEA_WPEB_W_K@Z 0000000180010748 f   common-kernel64:MStrDup.obj
 0001:0000f7bc       ?lstrmerge@@YAPEA_WPEB_W00000000@Z 00000001800107bc f   common-kernel64:MStrDup.obj
 0001:0000f900       ??0MSectionLockSimple@@QEAA@XZ 0000000180010900 f   common-kernel64:MSectionSimple.obj
 0001:0000f90c       ??0MSectionSimple@@QEAA@_N@Z 000000018001090c f   common-kernel64:MSectionSimple.obj
 0001:0000f948       ??1MSectionLockSimple@@QEAA@XZ 0000000180010948 f   common-kernel64:MSectionSimple.obj
 0001:0000f95c       ??1MSectionSimple@@QEAA@XZ 000000018001095c f   common-kernel64:MSectionSimple.obj
 0001:0000f95c       ?Close@MSectionSimple@@QEAAXXZ 000000018001095c f   common-kernel64:MSectionSimple.obj
 0001:0000f97c       ?Enter@MSectionSimple@@QEAAXXZ 000000018001097c f   common-kernel64:MSectionSimple.obj
 0001:0000f984       ?Init@MSectionSimple@@QEAAXXZ 0000000180010984 f   common-kernel64:MSectionSimple.obj
 0001:0000f9a4       ?Leave@MSectionSimple@@QEAAXXZ 00000001800109a4 f   common-kernel64:MSectionSimple.obj
 0001:0000f9ac       ?Lock@MSectionLockSimple@@QEAAHPEAUMSectionSimple@@K@Z 00000001800109ac f   common-kernel64:MSectionSimple.obj
 0001:0000fa48       ?RecreateAndLock@MSectionSimple@@QEAA_NXZ 0000000180010a48 f   common-kernel64:MSectionSimple.obj
 0001:0000fab8       ?TryEnter@MSectionSimple@@QEAA_NXZ 0000000180010ab8 f   common-kernel64:MSectionSimple.obj
 0001:0000fae0       ?Unlock@MSectionLockSimple@@QEAAXXZ 0000000180010ae0 f   common-kernel64:MSectionSimple.obj
 0001:0000fb08       ??0CEStr@@QEAA@PEB_W00000000@Z 0000000180010b08 f   common-kernel64:CEStr.obj
 0001:0000fba0       ??1CEStr@@QEAA@XZ          0000000180010ba0 f   common-kernel64:CEStr.obj
 0001:0000fbc0       ??4CEStr@@QEAAAEAU0@PEB_W@Z 0000000180010bc0 f   common-kernel64:CEStr.obj
 0001:0000fbdc       ??BCEStr@@QEBAPEB_WXZ      0000000180010bdc f   common-kernel64:CEStr.obj
 0001:0000fbe0       ?AttachInt@CEStr@@AEAAPEB_WAEAPEA_W@Z 0000000180010be0 f   common-kernel64:CEStr.obj
 0001:0000fc58       ?Clear@CEStr@@QEAAXXZ      0000000180010c58 f   common-kernel64:CEStr.obj
 0001:0000fc7c       ?GetBuffer@CEStr@@QEAAPEA_W_J@Z 0000000180010c7c f   common-kernel64:CEStr.obj
 0001:0000fd2c       ?GetLen@CEStr@@QEBA_JXZ    0000000180010d2c f   common-kernel64:CEStr.obj
 0001:0000fd54       ?GetMaxCount@CEStr@@QEAA_JXZ 0000000180010d54 f   common-kernel64:CEStr.obj
 0001:0000fd80       ?Set@CEStr@@QEAAPEB_WPEB_W_J@Z 0000000180010d80 f   common-kernel64:CEStr.obj
 0001:0000fe64       ?Clear@CEnvRestorer@@QEAAXXZ 0000000180010e64 f   common-kernel64:EnvVar.obj
 0001:0000fe88       ?ExpandEnvStr@@YAPEA_WPEB_W@Z 0000000180010e88 f   common-kernel64:EnvVar.obj
 0001:0000ff34       ?GetEnvVar@@YAPEA_WPEB_W@Z 0000000180010f34 f   common-kernel64:EnvVar.obj
 0001:0000ffd8       ?SavePathVar@CEnvRestorer@@QEAAXPEB_W@Z 0000000180010fd8 f   common-kernel64:EnvVar.obj
 0001:0001000c       ??0MModule@@QEAA@PEAUHINSTANCE__@@@Z 000000018001100c f   common-kernel64:MModule.obj
 0001:00010018       ??1MModule@@QEAA@XZ        0000000180011018 f   common-kernel64:MModule.obj
 0001:00010020       ?Free@MModule@@QEAAXXZ     0000000180011020 f   common-kernel64:MModule.obj
 0001:00010050       ??0CRgnDetect@@QEAA@XZ     0000000180011050 f   common-user64:RgnDetect.obj
 0001:00010110       ??1CRgnDetect@@QEAA@XZ     0000000180011110 f   common-user64:RgnDetect.obj
 0001:0001016c       ?DetectDialog@CRgnDetect@@IEAA_NPEA_WPEAUtag_CharAttr@@HHHHPEAH2@Z 000000018001116c f   common-user64:RgnDetect.obj
 0001:00010520       ?ExpandDialogFrame@CRgnDetect@@IEAA_NPEA_WPEAUtag_CharAttr@@HHAEAH2HH22@Z 0000000180011520 f   common-user64:RgnDetect.obj
 0001:00010868       ?FindByBackground@CRgnDetect@@IEAA_NPEA_WPEAUtag_CharAttr@@HHAEAH222AEA_N@Z 0000000180011868 f   common-user64:RgnDetect.obj
 0001:00010990       ?FindDialog_Any@CRgnDetect@@IEAA_NPEA_WPEAUtag_CharAttr@@HHAEAH222AEA_N@Z 0000000180011990 f   common-user64:RgnDetect.obj
 0001:00010c2c       ?FindDialog_Inner@CRgnDetect@@IEAA_NPEA_WPEAUtag_CharAttr@@HHAEAH2@Z 0000000180011c2c f   common-user64:RgnDetect.obj
 0001:00010d88       ?FindDialog_Left@CRgnDetect@@IEAA_NPEA_WPEAUtag_CharAttr@@HHAEAH222AEA_N@Z 0000000180011d88 f   common-user64:RgnDetect.obj
 0001:00010f84       ?FindDialog_Right@CRgnDetect@@IEAA_NPEA_WPEAUtag_CharAttr@@HHAEAH222AEA_N@Z 0000000180011f84 f   common-user64:RgnDetect.obj
 0001:000110ec       ?FindDialog_TopLeft@CRgnDetect@@IEAA_NPEA_WPEAUtag_CharAttr@@HHAEAH222AEA_N@Z 00000001800120ec f   common-user64:RgnDetect.obj
 0001:000111f8       ?FindDialog_TopRight@CRgnDetect@@IEAA_NPEA_WPEAUtag_CharAttr@@HHAEAH222AEA_N@Z 00000001800121f8 f   common-user64:RgnDetect.obj
 0001:00011310       ?FindFrameBottom_ByLeft@CRgnDetect@@IEAA_NPEA_WPEAUtag_CharAttr@@HHAEAH22@Z 0000000180012310 f   common-user64:RgnDetect.obj
 0001:000113a0       ?FindFrameBottom_ByRight@CRgnDetect@@IEAA_NPEA_WPEAUtag_CharAttr@@HHAEBH2AEAH@Z 00000001800123a0 f   common-user64:RgnDetect.obj
 0001:00011450       ?FindFrameLeft_ByBottom@CRgnDetect@@IEAA_NPEA_WPEAUtag_CharAttr@@HHAEAH22@Z 0000000180012450 f   common-user64:RgnDetect.obj
 0001:0001150c       ?FindFrameLeft_ByTop@CRgnDetect@@IEAA_NPEA_WPEAUtag_CharAttr@@HHAEAH22@Z 000000018001250c f   common-user64:RgnDetect.obj
 0001:0001166c       ?FindFrameRight_ByBottom@CRgnDetect@@IEAA_NPEA_WPEAUtag_CharAttr@@HHAEAH22@Z 000000018001266c f   common-user64:RgnDetect.obj
 0001:00011730       ?FindFrameRight_ByTop@CRgnDetect@@IEAA_NPEA_WPEAUtag_CharAttr@@HHAEAH22@Z 0000000180012730 f   common-user64:RgnDetect.obj
 0001:000118a0       ?FindFrameTop_ByLeft@CRgnDetect@@IEAA_NPEA_WPEAUtag_CharAttr@@HHAEAH22@Z 00000001800128a0 f   common-user64:RgnDetect.obj
 0001:00011920       ?FindFrameTop_ByRight@CRgnDetect@@IEAA_NPEA_WPEAUtag_CharAttr@@HHAEAH22@Z 0000000180012920 f   common-user64:RgnDetect.obj
 0001:000119c4       ?FindFrame_TopLeft@CRgnDetect@@IEAA_NPEA_WPEAUtag_CharAttr@@HHAEAH222@Z 00000001800129c4 f   common-user64:RgnDetect.obj
 0001:00011ac8       ?GetCharAttr@CRgnDetect@@QEAAHHHAEA_WAEAUtag_CharAttr@@@Z 0000000180012ac8 f   common-user64:RgnDetect.obj
 0001:00011b48       ?GetDetectedDialogsPtr@CRgnDetect@@QEBAPEBUtag_DetectedDialog@@XZ 0000000180012b48 f   common-user64:RgnDetect.obj
 0001:00011b50       ?GetFlags@CRgnDetect@@QEBAKXZ 0000000180012b50 f   common-user64:RgnDetect.obj
 0001:00011b58       ?InitializeSBI@CRgnDetect@@QEAAHAEBV?$array@K$0BA@@std@@@Z 0000000180012b58 f   common-user64:RgnDetect.obj
 0001:00011f40       ?MarkDialog@CRgnDetect@@IEAAHPEA_WPEAUtag_CharAttr@@HHHHHHI_NK@Z 0000000180012f40 f   common-user64:RgnDetect.obj
 0001:000127e0       ?OnWindowSizeChanged@CRgnDetect@@QEAAXXZ 00000001800137e0 f   common-user64:RgnDetect.obj
 0001:000127e8       ?OnWriteConsoleOutput@CRgnDetect@@QEAAXPEBU_CHAR_INFO@@U_COORD@@1PEAU_SMALL_RECT@@AEBV?$array@K$0BA@@std@@@Z 00000001800137e8 f   common-user64:RgnDetect.obj
 0001:00012a6c       ?PrepareTransparent@CRgnDetect@@QEAAXPEBUCEFAR_INFO_MAPPING@@AEBV?$array@K$0BA@@std@@PEBU_CONSOLE_SCREEN_BUFFER_INFO@@PEA_WPEAUtag_CharAttr@@HH_N@Z 0000000180013a6c f   common-user64:RgnDetect.obj
 0001:0001328c       ?PrepareTransparent@CRgnDetect@@QEAAXPEBUCEFAR_INFO_MAPPING@@AEBV?$array@K$0BA@@std@@_N@Z 000000018001428c f   common-user64:RgnDetect.obj
 0001:00013390       ?SetFarRect@CRgnDetect@@QEAAXPEAU_SMALL_RECT@@@Z 0000000180014390 f   common-user64:RgnDetect.obj
 0001:00013404       ?TextHeight@CRgnDetect@@QEAAHXZ 0000000180014404 f   common-user64:RgnDetect.obj
 0001:00013430       ?TextWidth@CRgnDetect@@QEAAHXZ 0000000180014430 f   common-user64:RgnDetect.obj
 0001:0001345c       ?SearchAppPaths@@YA_NPEB_WAEAUCEStr@@_NPEAVCEnvRestorer@@@Z 000000018001445c f   common-user64:WFiles.obj
 0001:0001385c       ?apiShowWindow@@YA_NPEAUHWND__@@H@Z 000000018001485c f   common-user64:WUser.obj
 0001:00013870       ??0exception@std@@QEAA@AEBV01@@Z 0000000180014870 f i libcpmt:xthrow.obj
 0001:000138a4       ??0length_error@std@@QEAA@AEBV01@@Z 00000001800148a4 f i libcpmt:xthrow.obj
 0001:000138e0       ??0length_error@std@@QEAA@PEBD@Z 00000001800148e0 f i libcpmt:xthrow.obj
 0001:00013928       ??0logic_error@std@@QEAA@AEBV01@@Z 0000000180014928 f i libcpmt:xthrow.obj
 0001:00013964       ??1bad_exception@std@@UEAA@XZ 0000000180014964 f i libvcruntime:frame.obj
 0001:00013964       ??1length_error@std@@UEAA@XZ 0000000180014964 f i libcpmt:xthrow.obj
 0001:00013978       ??_Gexception@std@@UEAAPEAXI@Z 0000000180014978 f i libcpmt:xthrow.obj
 0001:00013978       ??_Glength_error@std@@UEAAPEAXI@Z 0000000180014978 f i libcpmt:xthrow.obj
 0001:00013978       ??_Eexception@std@@UEAAPEAXI@Z 0000000180014978 f i libcpmt:xthrow.obj
 0001:00013978       ??_Glogic_error@std@@UEAAPEAXI@Z 0000000180014978 f i libcpmt:xthrow.obj
 0001:00013978       ??_Elogic_error@std@@UEAAPEAXI@Z 0000000180014978 f i libcpmt:xthrow.obj
 0001:00013978       ??_Gbad_exception@std@@UEAAPEAXI@Z 0000000180014978 f i libvcruntime:frame.obj
 0001:00013978       ??_Ebad_exception@std@@UEAAPEAXI@Z 0000000180014978 f i libvcruntime:frame.obj
 0001:00013978       ??_Elength_error@std@@UEAAPEAXI@Z 0000000180014978 f i libcpmt:xthrow.obj
 0001:000139bc       ?_Xlength_error@std@@YAXPEBD@Z 00000001800149bc f   libcpmt:xthrow.obj
 0001:000139e0       ?what@exception@std@@UEBAPEBDXZ 00000001800149e0 f i libcpmt:xthrow.obj
 0001:000139f4       ??3@YAXPEAX_K@Z            00000001800149f4 f   LIBCMT:delete_scalar_size.obj
 0001:000139fc       __GSHandlerCheck           00000001800149fc f   LIBCMT:gshandler.obj
 0001:00013a1c       __GSHandlerCheckCommon     0000000180014a1c f   LIBCMT:gshandler.obj
 0001:00013a78       __GSHandlerCheck_EH4       0000000180014a78 f   LIBCMT:gshandlereh4.obj
 0001:00013b10       __security_check_cookie    0000000180014b10 f   LIBCMT:amdsecgs.obj
 0001:00013b34       ??_Etype_info@@UEAAPEAXI@Z 0000000180014b34 f i LIBCMT:std_type_info_static.obj
 0001:00013b34       ??_Gtype_info@@UEAAPEAXI@Z 0000000180014b34 f i LIBCMT:std_type_info_static.obj
 0001:00013e80       _DllMainCRTStartup         0000000180014e80 f   LIBCMT:dll_dllmain.obj
 0001:00013ec0       __raise_securityfailure    0000000180014ec0 f   LIBCMT:gs_report.obj
 0001:00013ef4       __report_gsfailure         0000000180014ef4 f   LIBCMT:gs_report.obj
 0001:00013fc8       __report_rangecheckfailure 0000000180014fc8 f   LIBCMT:gs_report.obj
 0001:00013fdc       __report_securityfailure   0000000180014fdc f   LIBCMT:gs_report.obj
 0001:0001415c       __security_init_cookie     000000018001515c f   LIBCMT:gs_support.obj
 0001:00014208       ?__scrt_initialize_type_info@@YAXXZ 0000000180015208 f   LIBCMT:tncleanup.obj
 0001:00014218       ?__scrt_uninitialize_type_info@@YAXXZ 0000000180015218 f   LIBCMT:tncleanup.obj
 0001:00014224       __local_stdio_scanf_options 0000000180015224 f i LIBCMT:default_local_stdio_options.obj
 0001:0001422c       __scrt_initialize_default_local_stdio_options 000000018001522c f   LIBCMT:default_local_stdio_options.obj
 0001:00014248       __scrt_acquire_startup_lock 0000000180015248 f   LIBCMT:utility.obj
 0001:00014284       __scrt_dllmain_after_initialize_c 0000000180015284 f   LIBCMT:utility.obj
 0001:000142b8       __scrt_dllmain_before_initialize_c 00000001800152b8 f   LIBCMT:utility.obj
 0001:000142d0       __scrt_dllmain_crt_thread_attach 00000001800152d0 f   LIBCMT:utility.obj
 0001:000142f8       __scrt_dllmain_crt_thread_detach 00000001800152f8 f   LIBCMT:utility.obj
 0001:00014310       __scrt_dllmain_exception_filter 0000000180015310 f   LIBCMT:utility.obj
 0001:00014370       __scrt_dllmain_uninitialize_c 0000000180015370 f   LIBCMT:utility.obj
 0001:000143a0       __scrt_dllmain_uninitialize_critical 00000001800153a0 f   LIBCMT:utility.obj
 0001:000143b4       __scrt_initialize_crt      00000001800153b4 f   LIBCMT:utility.obj
 0001:00014400       __scrt_initialize_onexit_tables 0000000180015400 f   LIBCMT:utility.obj
 0001:0001448c       __scrt_is_nonwritable_in_current_image 000000018001548c f   LIBCMT:utility.obj
 0001:00014524       __scrt_release_startup_lock 0000000180015524 f   LIBCMT:utility.obj
 0001:00014548       __scrt_uninitialize_crt    0000000180015548 f   LIBCMT:utility.obj
 0001:00014574       __scrt_get_dyn_tls_init_callback 0000000180015574 f   LIBCMT:dyn_tls_init.obj
 0001:0001457c       __crt_debugger_hook        000000018001557c f   LIBCMT:utility_desktop.obj
 0001:00014584       __scrt_fastfail            0000000180015584 f   LIBCMT:utility_desktop.obj
 0001:000146d0       _RTC_Initialize            00000001800156d0 f   LIBCMT:initsect.obj
 0001:0001470c       _RTC_Terminate             000000018001570c f   LIBCMT:initsect.obj
 0001:00014748       __isa_available_init       0000000180015748 f   LIBCMT:cpu_disp.obj
 0001:000148ec       _get_startup_argv_mode     00000001800158ec f   LIBCMT:argv_mode.obj
 0001:000148f4       __scrt_is_ucrt_dll_in_use  00000001800158f4 f   LIBCMT:ucrt_detection.obj
 0001:00014900       wcsrchr                    0000000180015900 f   libvcruntime:wcsrchr.obj
 0001:000149b0       ??$_CallSETranslator@V__FrameHandler4@@@@YAHPEAUEHExceptionRecord@@PEA_KPEAU_CONTEXT@@PEAU_xDISPATCHER_CONTEXT@@PEAUFuncInfo4@FH4@@K1H@Z 00000001800159b0 f i libvcruntime:risctrnsctrl.obj
 0001:00014a04       ?DecompFuncInfo@FH4@@YA_JPEAEAEAUFuncInfo4@1@_KH_N@Z 0000000180015a04 f i libvcruntime:risctrnsctrl.obj
 0001:00014b28       ?ExecutionInCatch@__FrameHandler4@@SA_NPEAU_xDISPATCHER_CONTEXT@@PEAUFuncInfo4@FH4@@@Z 0000000180015b28 f   libvcruntime:risctrnsctrl.obj
 0001:00014b30       ?FrameUnwindToEmptyState@__FrameHandler4@@SAXPEA_KPEAU_xDISPATCHER_CONTEXT@@PEAUFuncInfo4@FH4@@@Z 0000000180015b30 f   libvcruntime:risctrnsctrl.obj
 0001:00014b64       ?GetEstablisherFrame@__FrameHandler4@@SAPEA_KPEA_KPEAU_xDISPATCHER_CONTEXT@@PEAUFuncInfo4@FH4@@0@Z 0000000180015b64 f   libvcruntime:risctrnsctrl.obj
 0001:00014b88       ?GetRangeOfTrysToCheck@__FrameHandler4@@SA?AU?$pair@Viterator@TryBlockMap4@FH4@@V123@@std@@AEAVTryBlockMap4@FH4@@HPEAU_xDISPATCHER_CONTEXT@@PEAUFuncInfo4@5@H@Z 0000000180015b88 f   libvcruntime:risctrnsctrl.obj
 0001:00014ce4       ?UnwindNestedFrames@__FrameHandler4@@SAXPEA_KPEAUEHExceptionRecord@@PEAU_CONTEXT@@0PEAXPEAUFuncInfo4@FH4@@HHPEAUHandlerType4@5@PEAU_xDISPATCHER_CONTEXT@@E@Z 0000000180015ce4 f   libvcruntime:risctrnsctrl.obj
 0001:00014e04       ?setBuffer@TryBlockMap4@FH4@@QEAAXViterator@12@@Z 0000000180015e04 f i libvcruntime:risctrnsctrl.obj
 0001:00014fc8       _CreateFrameInfo           0000000180015fc8 f   libvcruntime:risctrnsctrl.obj
 0001:00015004       _FindAndUnlinkFrame        0000000180016004 f   libvcruntime:risctrnsctrl.obj
 0001:00015058       _GetImageBase              0000000180016058 f   libvcruntime:risctrnsctrl.obj
 0001:0001506c       _GetThrowImageBase         000000018001606c f   libvcruntime:risctrnsctrl.obj
 0001:00015080       _SetImageBase              0000000180016080 f   libvcruntime:risctrnsctrl.obj
 0001:00015098       _SetThrowImageBase         0000000180016098 f   libvcruntime:risctrnsctrl.obj
 0001:000150b0       __CxxFrameHandler4         00000001800160b0 f   libvcruntime:risctrnsctrl.obj
 0001:00015180       memcmp                     0000000180016180 f   libvcruntime:memcmp.obj
 0001:00015260       memcpy_repmovs             0000000180016260 f   libvcruntime:memcpy.obj
 0001:00015280       memmove                    0000000180016280 f   libvcruntime:memcpy.obj
 0001:00015280       memcpy                     0000000180016280 f   libvcruntime:memcpy.obj
 0001:00015670       memset_repmovs             0000000180016670 f   libvcruntime:memset.obj
 0001:00015690       memset                     0000000180016690 f   libvcruntime:memset.obj
 0001:00015830       wcschr                     0000000180016830 f   libvcruntime:wcschr.obj
 0001:000158ac       __C_specific_handler       00000001800168ac f   libvcruntime:riscchandler.obj
 0001:00015ac0       _CxxThrowException         0000000180016ac0 f   libvcruntime:throw.obj
 0001:00015b60       strchr                     0000000180016b60 f   libvcruntime:strchr.obj
 0001:00015be0       strrchr                    0000000180016be0 f   libvcruntime:strrchr.obj
 0001:00015d20       memchr                     0000000180016d20 f   libvcruntime:memchr.obj
 0001:00015d90       __std_exception_copy       0000000180016d90 f   libvcruntime:std_exception.obj
 0001:00015e20       __std_exception_destroy    0000000180016e20 f   libvcruntime:std_exception.obj
 0001:00015e48       __std_type_info_compare    0000000180016e48 f   libvcruntime:std_type_info.obj
 0001:00015e70       __std_type_info_destroy_list 0000000180016e70 f   libvcruntime:std_type_info.obj
 0001:00015e9c       __vcrt_initialize          0000000180016e9c f   libvcruntime:initialization.obj
 0001:00015ec4       __vcrt_thread_attach       0000000180016ec4 f   libvcruntime:initialization.obj
 0001:00015ed8       __vcrt_thread_detach       0000000180016ed8 f   libvcruntime:initialization.obj
 0001:00015eec       __vcrt_uninitialize        0000000180016eec f   libvcruntime:initialization.obj
 0001:00015f08       __vcrt_uninitialize_critical 0000000180016f08 f   libvcruntime:initialization.obj
 0001:00015f18       __DestructExceptionObject  0000000180016f18 f   libvcruntime:ehhelpers.obj
 0001:00015f88       ?_CallMemberFunction0@@YAXQEAX0@Z 0000000180016f88 f i libvcruntime:ehhelpers.obj
 0001:00015f8c       _IsExceptionObjectToBeDestroyed 0000000180016f8c f   libvcruntime:ehhelpers.obj
 0001:00015fbc       __AdjustPointer            0000000180016fbc f   libvcruntime:ehhelpers.obj
 0001:00015fe0       __FrameUnwindFilter        0000000180016fe0 f   libvcruntime:ehhelpers.obj
 0001:00016048       __vcrt_freefls             0000000180017048 f   libvcruntime:per_thread_data.obj
 0001:00016068       __vcrt_freeptd             0000000180017068 f   libvcruntime:per_thread_data.obj
 0001:000160b8       __vcrt_getptd              00000001800170b8 f   libvcruntime:per_thread_data.obj
 0001:000160d4       __vcrt_getptd_noexit       00000001800170d4 f   libvcruntime:per_thread_data.obj
 0001:00016194       __vcrt_initialize_ptd      0000000180017194 f   libvcruntime:per_thread_data.obj
 0001:000161dc       __vcrt_uninitialize_ptd    00000001800171dc f   libvcruntime:per_thread_data.obj
 0001:00016200       ?StateFromControlPc@__FrameHandler4@@SAHPEAUFuncInfo4@FH4@@PEAU_xDISPATCHER_CONTEXT@@@Z 0000000180017200 f   libvcruntime:ehstate.obj
 0001:00016208       ?StateFromIp@__FrameHandler4@@SAHPEAUFuncInfo4@FH4@@PEAU_xDISPATCHER_CONTEXT@@_K@Z 0000000180017208 f   libvcruntime:ehstate.obj
 0001:00016ea8       ??$TypeMatchHelper@V__FrameHandler3@@@@YAHPEBU_s_HandlerType@@PEBU_s_CatchableType@@PEBU_s_ThrowInfo@@@Z 0000000180017ea8 f i libvcruntime:frame.obj
 0001:00016fe8       ??$TypeMatchHelper@V__FrameHandler4@@@@YAHPEAUHandlerType4@FH4@@PEBU_s_CatchableType@@PEBU_s_ThrowInfo@@@Z 0000000180017fe8 f i libvcruntime:frame.obj
 0001:0001712c       ??$__InternalCxxFrameHandler@V__FrameHandler4@@@@YA?AW4_EXCEPTION_DISPOSITION@@PEAUEHExceptionRecord@@PEA_KPEAU_CONTEXT@@PEAU_xDISPATCHER_CONTEXT@@PEAUFuncInfo4@FH4@@H1E@Z 000000018001812c f i libvcruntime:frame.obj
 0001:000173cc       ??0HandlerMap4@FH4@@QEAA@PEBUTryBlockMapEntry4@1@_KH@Z 00000001800183cc f i libvcruntime:frame.obj
 0001:00017448       ??0TryBlockMap4@FH4@@QEAA@PEBUFuncInfo4@1@_K@Z 0000000180018448 f i libvcruntime:frame.obj
 0001:00017520       ??0bad_exception@std@@QEAA@AEBV01@@Z 0000000180018520 f i libvcruntime:frame.obj
 0001:0001755c       ??0bad_exception@std@@QEAA@XZ 000000018001855c f i libvcruntime:frame.obj
 0001:0001757c       ?CxxCallCatchBlock@__FrameHandler4@@SAPEAXPEAU_EXCEPTION_RECORD@@@Z 000000018001857c f   libvcruntime:frame.obj
 0001:000177d8       ?DecompHandler@HandlerMap4@FH4@@AEAAXXZ 00000001800187d8 f i libvcruntime:frame.obj
 0001:00017a18       ?FrameUnwindToState@__FrameHandler4@@SAXPEA_KPEAU_xDISPATCHER_CONTEXT@@PEAUFuncInfo4@FH4@@H@Z 0000000180018a18 f   libvcruntime:frame.obj
 0001:00017e74       ?ReadEntry@UWMap4@FH4@@AEAAXPEAPEAE@Z 0000000180018e74 f i libvcruntime:frame.obj
 0001:00017f14       ?_CallMemberFunction1@@YAXQEAX00@Z 0000000180018f14 f i libvcruntime:frame.obj
 0001:00017f20       ?_CallMemberFunction2@@YAXQEAX00H@Z 0000000180018f20 f i libvcruntime:frame.obj
 0001:00017f30       ?getStartStop@UWMap4@FH4@@QEAAXHHAEAViterator@12@0@Z 0000000180018f30 f i libvcruntime:frame.obj
 0001:00018000       ?getStateFromIterators@UWMap4@FH4@@SAHAEBViterator@12@H0H0@Z 0000000180019000 f i libvcruntime:frame.obj
 0001:000180e0       _NLG_Notify                00000001800190e0 f   libvcruntime:notify.obj
 0001:00018100       __NLG_Dispatch2            0000000180019100 f   libvcruntime:notify.obj
 0001:00018110       __NLG_Return2              0000000180019110 f   libvcruntime:notify.obj
 0001:00018114       __except_validate_context_record 0000000180019114 f   libvcruntime:jbcxrval.obj
 0001:0001814c       __vcrt_initialize_locks    000000018001914c f   libvcruntime:locks.obj
 0001:00018180       __vcrt_uninitialize_locks  0000000180019180 f   libvcruntime:locks.obj
 0001:00018304       __vcrt_FlsAlloc            0000000180019304 f   libvcruntime:winapi_downlevel.obj
 0001:0001834c       __vcrt_FlsFree             000000018001934c f   libvcruntime:winapi_downlevel.obj
 0001:00018394       __vcrt_FlsGetValue         0000000180019394 f   libvcruntime:winapi_downlevel.obj
 0001:000183dc       __vcrt_FlsSetValue         00000001800193dc f   libvcruntime:winapi_downlevel.obj
 0001:00018430       __vcrt_InitializeCriticalSectionEx 0000000180019430 f   libvcruntime:winapi_downlevel.obj
 0001:000184b0       _CallSettingFrame          00000001800194b0 f   libvcruntime:handlers.obj
 0001:00018500       _CallSettingFrame_LookupContinuationIndex 0000000180019500 f   libvcruntime:handlers.obj
 0001:00018530       _CallSettingFrame_NotifyContinuationAddr 0000000180019530 f   libvcruntime:handlers.obj
 0001:00018560       _CallSettingFrameEncoded   0000000180019560 f   libvcruntime:handlers.obj
 0001:00018948       ??$ensure_buffer_is_big_enough@D@formatting_buffer@__crt_stdio_output@@QEAA_N_K@Z 0000000180019948 f i libucrt:output.obj
 0001:000189f0       ??$ensure_buffer_is_big_enough@_W@formatting_buffer@__crt_stdio_output@@QEAA_N_K@Z 00000001800199f0 f i libucrt:output.obj
 0001:00018a9c       ??$is_wide_character_specifier@_W@__crt_stdio_output@@YA_N_K_WW4length_modifier@0@@Z 0000000180019a9c f i libucrt:output.obj
 0001:00018adc       ??$type_case_integer_parse_into_buffer@I@?$output_processor@DV?$string_output_adapter@D@__crt_stdio_output@@V?$standard_base@DV?$string_output_adapter@D@__crt_stdio_output@@@2@@__crt_stdio_output@@AEAAXII_N@Z 0000000180019adc f i libucrt:output.obj
 0001:00018b64       ??$type_case_integer_parse_into_buffer@I@?$output_processor@_WV?$string_output_adapter@_W@__crt_stdio_output@@V?$standard_base@_WV?$string_output_adapter@_W@__crt_stdio_output@@@2@@__crt_stdio_output@@AEAAXII_N@Z 0000000180019b64 f i libucrt:output.obj
 0001:00018c08       ??$type_case_integer_parse_into_buffer@_K@?$output_processor@DV?$string_output_adapter@D@__crt_stdio_output@@V?$standard_base@DV?$string_output_adapter@D@__crt_stdio_output@@@2@@__crt_stdio_output@@AEAAX_KI_N@Z 0000000180019c08 f i libucrt:output.obj
 0001:00018c98       ??$type_case_integer_parse_into_buffer@_K@?$output_processor@_WV?$string_output_adapter@_W@__crt_stdio_output@@V?$standard_base@_WV?$string_output_adapter@_W@__crt_stdio_output@@@2@@__crt_stdio_output@@AEAAX_KI_N@Z 0000000180019c98 f i libucrt:output.obj
 0001:00018d3c       ??$write_multiple_characters@V?$string_output_adapter@D@__crt_stdio_output@@D@__crt_stdio_output@@YAXAEBV?$string_output_adapter@D@0@DHQEAH@Z 0000000180019d3c f i libucrt:output.obj
 0001:00018db4       ??$write_multiple_characters@V?$string_output_adapter@_W@__crt_stdio_output@@D@__crt_stdio_output@@YAXAEBV?$string_output_adapter@_W@0@DHQEAH@Z 0000000180019db4 f i libucrt:output.obj
 0001:00018e30       ??0_LocaleUpdate@@QEAA@QEAU__crt_locale_pointers@@@Z 0000000180019e30 f i libucrt:output.obj
 0001:00018ecc       ?crop_zeroes@__crt_stdio_output@@YAXPEADQEAU__crt_locale_pointers@@@Z 0000000180019ecc f i libucrt:output.obj
 0001:00018f38       ?parse_int_from_format_string@?$output_processor@DV?$string_output_adapter@D@__crt_stdio_output@@V?$standard_base@DV?$string_output_adapter@D@__crt_stdio_output@@@2@@__crt_stdio_output@@AEAA_NQEAH@Z 0000000180019f38 f i libucrt:output.obj
 0001:00018fdc       ?parse_int_from_format_string@?$output_processor@_WV?$string_output_adapter@_W@__crt_stdio_output@@V?$standard_base@_WV?$string_output_adapter@_W@__crt_stdio_output@@@2@@__crt_stdio_output@@AEAA_NQEAH@Z 0000000180019fdc f i libucrt:output.obj
 0001:00019080       ?process@?$output_processor@DV?$string_output_adapter@D@__crt_stdio_output@@V?$standard_base@DV?$string_output_adapter@D@__crt_stdio_output@@@2@@__crt_stdio_output@@QEAAHXZ 000000018001a080 f i libucrt:output.obj
 0001:0001928c       ?process@?$output_processor@_WV?$string_output_adapter@_W@__crt_stdio_output@@V?$standard_base@_WV?$string_output_adapter@_W@__crt_stdio_output@@@2@@__crt_stdio_output@@QEAAHXZ 000000018001a28c f i libucrt:output.obj
 0001:00019508       ?state_case_normal@?$output_processor@DV?$string_output_adapter@D@__crt_stdio_output@@V?$standard_base@DV?$string_output_adapter@D@__crt_stdio_output@@@2@@__crt_stdio_output@@AEAA_NXZ 000000018001a508 f i libucrt:output.obj
 0001:0001957c       ?state_case_normal_tchar@?$output_processor@DV?$string_output_adapter@D@__crt_stdio_output@@V?$standard_base@DV?$string_output_adapter@D@__crt_stdio_output@@@2@@__crt_stdio_output@@AEAA_ND@Z 000000018001a57c f i libucrt:output.obj
 0001:00019624       ?state_case_size@?$output_processor@DV?$string_output_adapter@D@__crt_stdio_output@@V?$standard_base@DV?$string_output_adapter@D@__crt_stdio_output@@@2@@__crt_stdio_output@@AEAA_NXZ 000000018001a624 f i libucrt:output.obj
 0001:00019798       ?state_case_size@?$output_processor@_WV?$string_output_adapter@_W@__crt_stdio_output@@V?$standard_base@_WV?$string_output_adapter@_W@__crt_stdio_output@@@2@@__crt_stdio_output@@AEAA_NXZ 000000018001a798 f i libucrt:output.obj
 0001:00019930       ?state_case_type@?$output_processor@DV?$string_output_adapter@D@__crt_stdio_output@@V?$standard_base@DV?$string_output_adapter@D@__crt_stdio_output@@@2@@__crt_stdio_output@@AEAA_NXZ 000000018001a930 f i libucrt:output.obj
 0001:00019b98       ?state_case_type@?$output_processor@_WV?$string_output_adapter@_W@__crt_stdio_output@@V?$standard_base@_WV?$string_output_adapter@_W@__crt_stdio_output@@@2@@__crt_stdio_output@@AEAA_NXZ 000000018001ab98 f i libucrt:output.obj
 0001:00019e64       ?type_case_Z@?$output_processor@DV?$string_output_adapter@D@__crt_stdio_output@@V?$standard_base@DV?$string_output_adapter@D@__crt_stdio_output@@@2@@__crt_stdio_output@@AEAA_NXZ 000000018001ae64 f i libucrt:output.obj
 0001:00019ed8       ?type_case_Z@?$output_processor@_WV?$string_output_adapter@_W@__crt_stdio_output@@V?$standard_base@_WV?$string_output_adapter@_W@__crt_stdio_output@@@2@@__crt_stdio_output@@AEAA_NXZ 000000018001aed8 f i libucrt:output.obj
 0001:00019f54       ?type_case_a@?$output_processor@DV?$string_output_adapter@D@__crt_stdio_output@@V?$standard_base@DV?$string_output_adapter@D@__crt_stdio_output@@@2@@__crt_stdio_output@@AEAA_NXZ 000000018001af54 f i libucrt:output.obj
 0001:0001a16c       ?type_case_a@?$output_processor@_WV?$string_output_adapter@_W@__crt_stdio_output@@V?$standard_base@_WV?$string_output_adapter@_W@__crt_stdio_output@@@2@@__crt_stdio_output@@AEAA_NXZ 000000018001b16c f i libucrt:output.obj
 0001:0001a3a8       ?type_case_c_tchar@?$output_processor@DV?$string_output_adapter@D@__crt_stdio_output@@V?$standard_base@DV?$string_output_adapter@D@__crt_stdio_output@@@2@@__crt_stdio_output@@AEAA_ND@Z 000000018001b3a8 f i libucrt:output.obj
 0001:0001a464       ?type_case_c_tchar@?$output_processor@_WV?$string_output_adapter@_W@__crt_stdio_output@@V?$standard_base@_WV?$string_output_adapter@_W@__crt_stdio_output@@@2@@__crt_stdio_output@@AEAA_N_W@Z 000000018001b464 f i libucrt:output.obj
 0001:0001a50c       ?type_case_integer@?$output_processor@DV?$string_output_adapter@D@__crt_stdio_output@@V?$standard_base@DV?$string_output_adapter@D@__crt_stdio_output@@@2@@__crt_stdio_output@@AEAA_NI_N@Z 000000018001b50c f i libucrt:output.obj
 0001:0001a6d4       ?type_case_integer@?$output_processor@_WV?$string_output_adapter@_W@__crt_stdio_output@@V?$standard_base@_WV?$string_output_adapter@_W@__crt_stdio_output@@@2@@__crt_stdio_output@@AEAA_NI_N@Z 000000018001b6d4 f i libucrt:output.obj
 0001:0001a8a0       ?type_case_n@?$output_processor@DV?$string_output_adapter@D@__crt_stdio_output@@V?$standard_base@DV?$string_output_adapter@D@__crt_stdio_output@@@2@@__crt_stdio_output@@AEAA_NXZ 000000018001b8a0 f i libucrt:output.obj
 0001:0001a8a0       ?type_case_n@?$output_processor@_WV?$string_output_adapter@_W@__crt_stdio_output@@V?$standard_base@_WV?$string_output_adapter@_W@__crt_stdio_output@@@2@@__crt_stdio_output@@AEAA_NXZ 000000018001b8a0 f i libucrt:output.obj
 0001:0001a97c       ?type_case_s@?$output_processor@DV?$string_output_adapter@D@__crt_stdio_output@@V?$standard_base@DV?$string_output_adapter@D@__crt_stdio_output@@@2@@__crt_stdio_output@@AEAA_NXZ 000000018001b97c f i libucrt:output.obj
 0001:0001aa14       ?type_case_s@?$output_processor@_WV?$string_output_adapter@_W@__crt_stdio_output@@V?$standard_base@_WV?$string_output_adapter@_W@__crt_stdio_output@@@2@@__crt_stdio_output@@AEAA_NXZ 000000018001ba14 f i libucrt:output.obj
 0001:0001aadc       ?write_stored_string_tchar@?$output_processor@DV?$string_output_adapter@D@__crt_stdio_output@@V?$standard_base@DV?$string_output_adapter@D@__crt_stdio_output@@@2@@__crt_stdio_output@@AEAA_ND@Z 000000018001badc f i libucrt:output.obj
 0001:0001abb4       ?write_stored_string_tchar@?$output_processor@_WV?$string_output_adapter@_W@__crt_stdio_output@@V?$standard_base@_WV?$string_output_adapter@_W@__crt_stdio_output@@@2@@__crt_stdio_output@@AEAA_N_W@Z 000000018001bbb4 f i libucrt:output.obj
 0001:0001aca0       ?write_string@?$string_output_adapter@D@__crt_stdio_output@@QEBAXQEBDHQEAHAEAV__crt_deferred_errno_cache@@@Z 000000018001bca0 f i libucrt:output.obj
 0001:0001ad44       ?write_string@?$string_output_adapter@_W@__crt_stdio_output@@QEBAXQEB_WHQEAHAEAV__crt_deferred_errno_cache@@@Z 000000018001bd44 f i libucrt:output.obj
 0001:0001adec       __stdio_common_vsprintf    000000018001bdec f   libucrt:output.obj
 0001:0001adf4       __stdio_common_vswprintf   000000018001bdf4 f   libucrt:output.obj
 0001:0001adfc       wcsncmp                    000000018001bdfc f   libucrt:wcsncmp.obj
 0001:0001ae28       __acrt_call_reportfault    000000018001be28 f   libucrt:invalid_parameter.obj
 0001:0001af84       __acrt_initialize_invalid_parameter_handler 000000018001bf84 f   libucrt:invalid_parameter.obj
 0001:0001af8c       _invalid_parameter         000000018001bf8c f   libucrt:invalid_parameter.obj
 0001:0001b03c       _invalid_parameter_noinfo  000000018001c03c f   libucrt:invalid_parameter.obj
 0001:0001b05c       _invoke_watson             000000018001c05c f   libucrt:invalid_parameter.obj
 0001:0001b0a4       __acrt_errno_from_os_error 000000018001c0a4 f   libucrt:errno.obj
 0001:0001b0ec       __acrt_errno_map_os_error  000000018001c0ec f   libucrt:errno.obj
 0001:0001b13c       __doserrno                 000000018001c13c f   libucrt:errno.obj
 0001:0001b15c       _errno                     000000018001c15c f   libucrt:errno.obj
 0001:0001b17c       ??$parse_integer@KV?$c_string_character_source@D@__crt_strtox@@@__crt_strtox@@YAKQEAU__crt_locale_pointers@@V?$c_string_character_source@D@0@H_N@Z 000000018001c17c f i libucrt:strtox.obj
 0001:0001b484       ??$parse_integer@KV?$c_string_character_source@_W@__crt_strtox@@@__crt_strtox@@YAKQEAU__crt_locale_pointers@@V?$c_string_character_source@_W@0@H_N@Z 000000018001c484 f i libucrt:strtox.obj
 0001:0001bb2c       _ischartype_l              000000018001cb2c f i libucrt:strtox.obj
 0001:0001bba4       strtol                     000000018001cba4 f   libucrt:strtox.obj
 0001:0001bbd0       wcstol                     000000018001cbd0 f   libucrt:strtox.obj
 0001:0001bbfc       wcspbrk                    000000018001cbfc f   libucrt:wcspbrk.obj
 0001:0001bc30       _initterm                  000000018001cc30 f   libucrt:initterm.obj
 0001:0001bc94       _initterm_e                000000018001cc94 f   libucrt:initterm.obj
 0001:0001bcd4       _seh_filter_dll            000000018001ccd4 f   libucrt:exception_filter.obj
 0001:0001bce8       _seh_filter_exe            000000018001cce8 f   libucrt:exception_filter.obj
 0001:0001c0d8       __acrt_initialize_thread_local_exit_callback 000000018001d0d8 f   libucrt:exit.obj
 0001:0001c0e0       _cexit                     000000018001d0e0 f   libucrt:exit.obj
 0001:0001c0f0       _exit                      000000018001d0f0 f   libucrt:exit.obj
 0001:0001c0fc       _is_c_termination_complete 000000018001d0fc f   libucrt:exit.obj
 0001:0001c2c8       __acrt_allocate_buffer_for_argv 000000018001d2c8 f   libucrt:argv_parsing.obj
 0001:0001c328       _configure_narrow_argv     000000018001d328 f   libucrt:argv_parsing.obj
 0001:0001c6a0       __dcrt_uninitialize_environments_nolock 000000018001d6a0 f   libucrt:environment_initialization.obj
 0001:0001c6d8       _initialize_narrow_environment 000000018001d6d8 f   libucrt:environment_initialization.obj
 0001:0001c834       _execute_onexit_table      000000018001d834 f   libucrt:onexit.obj
 0001:0001c870       _initialize_onexit_table   000000018001d870 f   libucrt:onexit.obj
 0001:0001c9c4       __acrt_initialize          000000018001d9c4 f   libucrt:initialization.obj
 0001:0001c9d8       __acrt_thread_attach       000000018001d9d8 f   libucrt:initialization.obj
 0001:0001c9ec       __acrt_thread_detach       000000018001d9ec f   libucrt:initialization.obj
 0001:0001c9fc       __acrt_uninitialize        000000018001d9fc f   libucrt:initialization.obj
 0001:0001ca34       __acrt_uninitialize_critical 000000018001da34 f   libucrt:initialization.obj
 0001:0001ca44       terminate                  000000018001da44 f   libucrt:terminate.obj
 0001:0001ca64       abort                      000000018001da64 f   libucrt:abort.obj
 0001:0001cabc       free                       000000018001dabc f   libucrt:free.obj
 0001:0001cad0       malloc                     000000018001dad0 f   libucrt:malloc.obj
 0001:0001cad8       strcpy_s                   000000018001dad8 f   libucrt:strcpy_s.obj
 0001:0001cb38       calloc                     000000018001db38 f   libucrt:calloc.obj
 0001:0001cb50       strncmp                    000000018001db50 f   libucrt:strncmp.obj
 0001:0001cbd0       _free_base                 000000018001dbd0 f   libucrt:free_base.obj
 0001:0001cc10       _malloc_base               000000018001dc10 f   libucrt:malloc_base.obj
 0001:0001cc70       _mbtowc_l                  000000018001dc70 f   libucrt:mbtowc.obj
 0001:0001cdf0       mbtowc                     000000018001ddf0 f   libucrt:mbtowc.obj
 0001:0001cdf8       _wctomb_s_l                000000018001ddf8 f   libucrt:wctomb.obj
 0001:0001cf94       wctomb_s                   000000018001df94 f   libucrt:wctomb.obj
 0001:0001cfa8       strnlen                    000000018001dfa8 f   libucrt:strnlen.obj
 0001:0001d0f8       wcsnlen                    000000018001e0f8 f   libucrt:strnlen.obj
 0001:0001d648       __acrt_freeptd             000000018001e648 f   libucrt:per_thread_data.obj
 0001:0001d68c       __acrt_getptd              000000018001e68c f   libucrt:per_thread_data.obj
 0001:0001d760       __acrt_getptd_head         000000018001e760 f   libucrt:per_thread_data.obj
 0001:0001d808       __acrt_getptd_noexit       000000018001e808 f   libucrt:per_thread_data.obj
 0001:0001d8d4       __acrt_initialize_ptd      000000018001e8d4 f   libucrt:per_thread_data.obj
 0001:0001d910       __acrt_uninitialize_ptd    000000018001e910 f   libucrt:per_thread_data.obj
 0001:0001d934       __acrt_update_locale_info  000000018001e934 f   libucrt:locale_update.obj
 0001:0001d968       __acrt_update_multibyte_info 000000018001e968 f   libucrt:locale_update.obj
 0001:0001e234       __acrt_fp_format           000000018001f234 f   libucrt:cvt.obj
 0001:0001e538       _fileno                    000000018001f538 f   libucrt:fileno.obj
 0001:0001e560       __acrt_initialize_stdio    000000018001f560 f   libucrt:_file.obj
 0001:0001e680       __acrt_uninitialize_stdio  000000018001f680 f   libucrt:_file.obj
 0001:0001e6dc       _lock_file                 000000018001f6dc f   libucrt:_file.obj
 0001:0001e6e8       _unlock_file               000000018001f6e8 f   libucrt:_file.obj
 0001:0001e6f4       _get_printf_count_output   000000018001f6f4 f   libucrt:printf_count_output.obj
 0001:0001e77c       __acrt_set_locale_changed  000000018001f77c f   libucrt:wsetlocale.obj
 0001:0001e788       __acrt_uninitialize_locale 000000018001f788 f   libucrt:wsetlocale.obj
 0001:0001e9b4       __acrt_initialize_lowio    000000018001f9b4 f   libucrt:ioinit.obj
 0001:0001e9f0       __acrt_uninitialize_lowio  000000018001f9f0 f   libucrt:ioinit.obj
 0001:0001ea30       __pctype_func              000000018001fa30 f   libucrt:ctype.obj
 0001:0001ea60       iswctype                   000000018001fa60 f   libucrt:iswctype.obj
 0001:0001ead0       _isctype_l                 000000018001fad0 f   libucrt:isctype.obj
 0001:0001ebd8       __acrt_initialize_locks    000000018001fbd8 f   libucrt:locks.obj
 0001:0001ec20       __acrt_lock                000000018001fc20 f   libucrt:locks.obj
 0001:0001ec3c       __acrt_uninitialize_locks  000000018001fc3c f   libucrt:locks.obj
 0001:0001ec74       __acrt_unlock              000000018001fc74 f   libucrt:locks.obj
 0001:0001ec90       __acrt_get_process_end_policy 000000018001fc90 f   libucrt:win_policies.obj
 0001:0001eccc       _calloc_base               000000018001fccc f   libucrt:calloc_base.obj
 0001:0001ed58       ??$__acrt_mbs_to_wcs_cp@U__crt_win32_buffer_internal_dynamic_resizing@@@@YAHQEBDAEAV?$__crt_win32_buffer@_WU__crt_win32_buffer_internal_dynamic_resizing@@@@I@Z 000000018001fd58 f i libucrt:argv_wildcards.obj
 0001:0001eed0       ??$__acrt_wcs_to_mbs_cp@U__crt_win32_buffer_internal_dynamic_resizing@@@@YAHQEB_WAEAV?$__crt_win32_buffer@DU__crt_win32_buffer_internal_dynamic_resizing@@@@I@Z 000000018001fed0 f i libucrt:argv_wildcards.obj
 0001:0001f700       __acrt_expand_narrow_argv_wildcards 0000000180020700 f   libucrt:argv_wildcards.obj
 0001:0001f708       ??$__acrt_wcs_to_mbs_cp@U__crt_win32_buffer_no_resizing@@@@YAHQEB_WAEAV?$__crt_win32_buffer@DU__crt_win32_buffer_no_resizing@@@@I@Z 0000000180020708 f i libucrt:getmodulefilenamea.obj
 0001:0001f81c       __acrt_GetModuleFileNameA  000000018002081c f   libucrt:getmodulefilenamea.obj
 0001:00020068       __acrt_initialize_multibyte 0000000180021068 f   libucrt:mbctype.obj
 0001:000200c8       __acrt_update_thread_multibyte_data 00000001800210c8 f   libucrt:mbctype.obj
 0001:000200e4       _setmbcp_nolock            00000001800210e4 f   libucrt:mbctype.obj
 0001:00020418       _ismbblead                 0000000180021418 f   libucrt:ismbbyte.obj
 0001:0002042c       __acrt_initialize_command_line 000000018002142c f   libucrt:argv_data.obj
 0001:00020454       __acrt_MultiByteToWideChar 0000000180021454 f   libucrt:multibytetowidechar.obj
 0001:000204b0       __acrt_WideCharToMultiByte 00000001800214b0 f   libucrt:widechartomultibyte.obj
 0001:00020548       __dcrt_get_narrow_environment_from_os 0000000180021548 f   libucrt:get_environment_from_os.obj
 0001:0002064c       _recalloc_base             000000018002164c f   libucrt:recalloc.obj
 0001:000208bc       __acrt_AppPolicyGetProcessTerminationMethodInternal 00000001800218bc f   libucrt:winapi_thunks.obj
 0001:0002090c       __acrt_AreFileApisANSI     000000018002190c f   libucrt:winapi_thunks.obj
 0001:00020948       __acrt_FlsAlloc            0000000180021948 f   libucrt:winapi_thunks.obj
 0001:00020990       __acrt_FlsFree             0000000180021990 f   libucrt:winapi_thunks.obj
 0001:000209d8       __acrt_FlsGetValue         00000001800219d8 f   libucrt:winapi_thunks.obj
 0001:00020a20       __acrt_FlsSetValue         0000000180021a20 f   libucrt:winapi_thunks.obj
 0001:00020a74       __acrt_InitializeCriticalSectionEx 0000000180021a74 f   libucrt:winapi_thunks.obj
 0001:00020ad8       __acrt_LCMapStringEx       0000000180021ad8 f   libucrt:winapi_thunks.obj
 0001:00020bb4       __acrt_LocaleNameToLCID    0000000180021bb4 f   libucrt:winapi_thunks.obj
 0001:00020c04       __acrt_initialize_winapi_thunks 0000000180021c04 f   libucrt:winapi_thunks.obj
 0001:00020c38       __acrt_uninitialize_winapi_thunks 0000000180021c38 f   libucrt:winapi_thunks.obj
 0001:00020c7c       __acrt_initialize_heap     0000000180021c7c f   libucrt:heap_handle.obj
 0001:00020c98       __acrt_uninitialize_heap   0000000180021c98 f   libucrt:heap_handle.obj
 0001:00020ca4       __acrt_execute_initializers 0000000180021ca4 f   libucrt:shared_initialization.obj
 0001:00020d24       __acrt_execute_uninitializers 0000000180021d24 f   libucrt:shared_initialization.obj
 0001:00020d60       __acrt_initialize_new_handler 0000000180021d60 f   libucrt:new_handler.obj
 0001:00020d68       _callnewh                  0000000180021d68 f   libucrt:new_handler.obj
 0001:00020d98       _query_new_handler         0000000180021d98 f   libucrt:new_handler.obj
 0001:00020e14       __acrt_get_sigabrt_handler 0000000180021e14 f   libucrt:signal.obj
 0001:00020e44       __acrt_initialize_signal_handlers 0000000180021e44 f   libucrt:signal.obj
 0001:00020e64       raise                      0000000180021e64 f   libucrt:signal.obj
 0001:000210d0       __acrt_has_user_matherr    00000001800220d0 f   libucrt:matherr.obj
 0001:000210f0       __acrt_initialize_user_matherr 00000001800220f0 f   libucrt:matherr.obj
 0001:000210f8       __acrt_invoke_user_matherr 00000001800220f8 f   libucrt:matherr.obj
 0001:00021304       __acrt_stdio_flush_nolock  0000000180022304 f   libucrt:fflush.obj
 0001:00021380       _fflush_nolock             0000000180022380 f   libucrt:fflush.obj
 0001:000213cc       _flushall                  00000001800223cc f   libucrt:fflush.obj
 0001:000213d4       _query_new_mode            00000001800223d4 f   libucrt:new_mode.obj
 0001:000213dc       _isleadbyte_l              00000001800223dc f i libucrt:_wctype.obj
 0001:00021428       ?__mbrtowc_utf8@__crt_mbstring@@YA_KPEA_WPEBD_KPEAU_Mbstatet@@@Z 0000000180022428 f   libucrt:mbrtowc.obj
 0001:00021464       ?__mbsrtowcs_utf8@__crt_mbstring@@YA_KPEA_WPEAPEBD_KPEAU_Mbstatet@@@Z 0000000180022464 f   libucrt:mbrtowc.obj
 0001:000215dc       ?__c32rtomb_utf8@__crt_mbstring@@YA_KPEAD_UPEAU_Mbstatet@@@Z 00000001800225dc f   libucrt:c32rtomb.obj
 0001:00021690       __acrt_add_locale_ref      0000000180022690 f   libucrt:locale_refcounting.obj
 0001:0002171c       __acrt_free_locale         000000018002271c f   libucrt:locale_refcounting.obj
 0001:00021894       __acrt_locale_add_lc_time_reference 0000000180022894 f   libucrt:locale_refcounting.obj
 0001:000218bc       __acrt_locale_free_lc_time_if_unreferenced 00000001800228bc f   libucrt:locale_refcounting.obj
 0001:000218f4       __acrt_locale_release_lc_time_reference 00000001800228f4 f   libucrt:locale_refcounting.obj
 0001:0002191c       __acrt_release_locale_ref  000000018002291c f   libucrt:locale_refcounting.obj
 0001:000219c4       __acrt_update_thread_locale_data 00000001800229c4 f   libucrt:locale_refcounting.obj
 0001:00021a30       _updatetlocinfoEx_nolock   0000000180022a30 f   libucrt:locale_refcounting.obj
 0001:00021a98       __acrt_fp_strflt_to_string 0000000180022a98 f   libucrt:_fptostr.obj
[...]
 0004:00001884       $pdata$?fin$0@?0???$?RV<lambda_410d79af7f07d98d83a3f525b3859a53>@@AEAV<lambda_3e16ef9562a7dcce91392c22ab16ea36>@@V<lambda_38119f0e861e05405d8a144b9b982f0a>@@@?$__crt_seh_guarded_call@X@@QEAAX$$QEAV<lambda_410d79af7f07d98d83a3f525b3859a53>@@AEAV<lambda_3e16ef9562a7dcce91392c22ab16ea36>@@$$QEAV<lambda_38119f0e861e05405d8a144b9b982f0a>@@@Z@4HA 0000000180064884     libucrt:wsetlocale.obj
 0004:00001890       $pdata$__acrt_initialize_lowio 0000000180064890     libucrt:ioinit.obj
 0004:0000189c       $pdata$__acrt_initialize_lowio$fin$0 000000018006489c     libucrt:ioinit.obj
 0004:0000189c       $pdata$__acrt_lowio_ensure_fh_exists$fin$0 000000018006489c     libucrt:osfinfo.obj
 0004:000018a8       $pdata$__acrt_uninitialize_lowio 00000001800648a8     libucrt:ioinit.obj
 0004:000018b4       $pdata$?initialize_inherited_file_handles_nolock@@YAXXZ 00000001800648b4     libucrt:ioinit.obj
 0004:000018c0       $pdata$?initialize_stdio_handles_nolock@@YAXXZ 00000001800648c0     libucrt:ioinit.obj
 0004:000018cc       $pdata$__pctype_func       00000001800648cc     libucrt:ctype.obj
 0004:000018d8       $pdata$iswctype            00000001800648d8     libucrt:iswctype.obj
 0004:000018e4       $pdata$_isctype_l          00000001800648e4     libucrt:isctype.obj
 0004:000018f0       $pdata$__acrt_initialize_locks 00000001800648f0     libucrt:locks.obj
 0004:000018fc       $pdata$__acrt_uninitialize_locks 00000001800648fc     libucrt:locks.obj
 0004:00001908       $pdata$__acrt_get_process_end_policy 0000000180064908     libucrt:win_policies.obj
 0004:00001914       $pdata$_calloc_base        0000000180064914     libucrt:calloc_base.obj
 0004:00001920       $pdata$??$__acrt_mbs_to_wcs_cp@U__crt_win32_buffer_internal_dynamic_resizing@@@@YAHQEBDAEAV?$__crt_win32_buffer@_WU__crt_win32_buffer_internal_dynamic_resizing@@@@I@Z 0000000180064920     libucrt:argv_wildcards.obj
 0004:0000192c       $pdata$??$__acrt_wcs_to_mbs_cp@U__crt_win32_buffer_internal_dynamic_resizing@@@@YAHQEB_WAEAV?$__crt_win32_buffer@DU__crt_win32_buffer_internal_dynamic_resizing@@@@I@Z 000000018006492c     libucrt:argv_wildcards.obj
 0004:00001938       $pdata$??$common_expand_argv_wildcards@D@@YAHQEAPEADQEAPEAPEAD@Z 0000000180064938     libucrt:argv_wildcards.obj
 0004:00001944       $pdata$??$copy_and_add_argument_to_buffer@D@@YAHQEBD0_KAEAV?$argument_list@D@?A0x5f5c8891@@@Z 0000000180064944     libucrt:argv_wildcards.obj
 0004:00001950       $pdata$??$expand_argument_wildcards@D@@YAHQEAD0AEAV?$argument_list@D@?A0x5f5c8891@@@Z 0000000180064950     libucrt:argv_wildcards.obj
 0004:0000195c       $pdata$__acrt_GetModuleFileNameA 000000018006495c     libucrt:getmodulefilenamea.obj
 0004:00001968       $pdata$??$__acrt_wcs_to_mbs_cp@U__crt_win32_buffer_no_resizing@@@@YAHQEB_WAEAV?$__crt_win32_buffer@DU__crt_win32_buffer_no_resizing@@@@I@Z 0000000180064968     libucrt:getmodulefilenamea.obj
 0004:00001974       $pdata$__acrt_update_thread_multibyte_data 0000000180064974     libucrt:mbctype.obj
 0004:00001980       $pdata$__acrt_initialize_multibyte 0000000180064980     libucrt:mbctype.obj
 0004:0000198c       $pdata$_setmbcp_nolock     000000018006498c     libucrt:mbctype.obj
 0004:00001998       $pdata$?getSystemCP@@YAHH@Z 0000000180064998     libucrt:mbctype.obj
 0004:000019a4       $pdata$?setSBCS@@YAXPEAU__crt_multibyte_data@@@Z 00000001800649a4     libucrt:mbctype.obj
 0004:000019b0       $pdata$?update_thread_multibyte_data_internal@@YAPEAU__crt_multibyte_data@@QEAU__acrt_ptd@@QEAPEAU1@@Z 00000001800649b0     libucrt:mbctype.obj
 0004:000019bc       $pdata$?fin$0@?0??update_thread_multibyte_data_internal@@YAPEAU__crt_multibyte_data@@QEAU__acrt_ptd@@QEAPEAU1@@Z@4HA 00000001800649bc     libucrt:mbctype.obj
 0004:000019c8       $pdata$?setmbcp_internal@@YAHH_NQEAU__acrt_ptd@@QEAPEAU__crt_multibyte_data@@@Z 00000001800649c8     libucrt:mbctype.obj
 0004:000019d4       $pdata$?setSBUpLow@@YAXPEAU__crt_multibyte_data@@@Z 00000001800649d4     libucrt:mbctype.obj
 0004:000019e0       $pdata$??$?RV<lambda_efdfa57d1f175319df784efa44bb7b81>@@AEAV<lambda_5f0a4c1567f8adc6734073e5d1e1b35c>@@V<lambda_2e8a7d3640ea6ccb4c2413664c2db6fd>@@@?$__crt_seh_guarded_call@X@@QEAAX$$QEAV<lambda_efdfa57d1f175319df784efa44bb7b81>@@AEAV<lambda_5f0a4c1567f8adc6734073e5d1e1b35c>@@$$QEAV<lambda_2e8a7d3640ea6ccb4c2413664c2db6fd>@@@Z 00000001800649e0     libucrt:mbctype.obj
 0004:000019ec       $pdata$?x_ismbbtype_l@@YAHPEAU__crt_locale_pointers@@IHH@Z 00000001800649ec     libucrt:ismbbyte.obj
 0004:000019f8       $pdata$__acrt_initialize_command_line 00000001800649f8     libucrt:argv_data.obj
 0004:00001a04       $pdata$__acrt_WideCharToMultiByte 0000000180064a04     libucrt:widechartomultibyte.obj
 0004:00001a10       $pdata$__dcrt_get_narrow_environment_from_os 0000000180064a10     libucrt:get_environment_from_os.obj
 0004:00001a1c       $pdata$_recalloc_base      0000000180064a1c     libucrt:recalloc.obj
 0004:00001a28       $pdata$__acrt_initialize_winapi_thunks 0000000180064a28     libucrt:winapi_thunks.obj
 0004:00001a34       $pdata$__acrt_uninitialize_winapi_thunks 0000000180064a34     libucrt:winapi_thunks.obj
 0004:00001a40       $pdata$__acrt_AreFileApisANSI 0000000180064a40     libucrt:winapi_thunks.obj
 0004:00001a4c       $pdata$__acrt_FlsAlloc     0000000180064a4c     libucrt:winapi_thunks.obj
 0004:00001a58       $pdata$__acrt_FlsFree      0000000180064a58     libucrt:winapi_thunks.obj
 0004:00001a64       $pdata$__acrt_FlsGetValue  0000000180064a64     libucrt:winapi_thunks.obj
 0004:00001a70       $pdata$__acrt_FlsSetValue  0000000180064a70     libucrt:winapi_thunks.obj
 0004:00001a7c       $pdata$__acrt_InitializeCriticalSectionEx 0000000180064a7c     libucrt:winapi_thunks.obj
 0004:00001a88       $pdata$__acrt_LCMapStringEx 0000000180064a88     libucrt:winapi_thunks.obj
 0004:00001a94       $pdata$__acrt_LocaleNameToLCID 0000000180064a94     libucrt:winapi_thunks.obj
 0004:00001aa0       $pdata$__acrt_AppPolicyGetProcessTerminationMethodInternal 0000000180064aa0     libucrt:winapi_thunks.obj
 0004:00001aac       $pdata$?try_get_function@@YAPEAXW4function_id@?A0x391cf84c@@QEBDQEBW4module_id@2@2@Z 0000000180064aac     libucrt:winapi_thunks.obj
 0004:00001ab8       $pdata$__acrt_initialize_heap 0000000180064ab8     libucrt:heap_handle.obj
 0004:00001ac4       $pdata$__acrt_execute_initializers 0000000180064ac4     libucrt:shared_initialization.obj
 0004:00001ad0       $pdata$__acrt_execute_uninitializers 0000000180064ad0     libucrt:shared_initialization.obj
 0004:00001adc       $pdata$_callnewh           0000000180064adc     libucrt:new_handler.obj
 0004:00001ae8       $pdata$_query_new_handler  0000000180064ae8     libucrt:new_handler.obj
 0004:00001af4       $pdata$_query_new_handler$fin$0 0000000180064af4     libucrt:new_handler.obj
 0004:00001b00       $pdata$__acrt_get_sigabrt_handler 0000000180064b00     libucrt:signal.obj
 0004:00001b0c       $pdata$raise               0000000180064b0c     libucrt:signal.obj
 0004:00001b18       $pdata$raise$fin$0         0000000180064b18     libucrt:signal.obj
 0004:00001b24       $pdata$??$?RV<lambda_450d765d439847d4c735a33c368b5fc0>@@AEAV<lambda_44731a7d0e6d81c3e6aa82d741081786>@@V<lambda_601a2a7da3b7a96e9554ac7215c4b07c>@@@?$__crt_seh_guarded_call@P6AXH@Z@@QEAAP6AXH@Z$$QEAV<lambda_450d765d439847d4c735a33c368b5fc0>@@AEAV<lambda_44731a7d0e6d81c3e6aa82d741081786>@@$$QEAV<lambda_601a2a7da3b7a96e9554ac7215c4b07c>@@@Z 0000000180064b24     libucrt:signal.obj
 0004:00001b30       $pdata$_fflush_nolock      0000000180064b30     libucrt:fflush.obj
 0004:00001b3c       $pdata$__acrt_stdio_flush_nolock 0000000180064b3c     libucrt:fflush.obj
 0004:00001b48       $pdata$?common_flush_all@@YAH_N@Z 0000000180064b48     libucrt:fflush.obj
 0004:00001b54       $pdata$??$?RV<lambda_842d9ff0dc9ef11c61343bbaebe7f885>@@AEAV<lambda_c5860995281e5c4ce005b3de8f5874ee>@@V<lambda_d90129c13df834fdcbf8d2b88dafcf2d>@@@?$__crt_seh_guarded_call@X@@QEAAX$$QEAV<lambda_842d9ff0dc9ef11c61343bbaebe7f885>@@AEAV<lambda_c5860995281e5c4ce005b3de8f5874ee>@@$$QEAV<lambda_d90129c13df834fdcbf8d2b88dafcf2d>@@@Z 0000000180064b54     libucrt:fflush.obj
 0004:00001b60       $pdata$?fin$0@?0???$?RV<lambda_842d9ff0dc9ef11c61343bbaebe7f885>@@AEAV<lambda_c5860995281e5c4ce005b3de8f5874ee>@@V<lambda_d90129c13df834fdcbf8d2b88dafcf2d>@@@?$__crt_seh_guarded_call@X@@QEAAX$$QEAV<lambda_842d9ff0dc9ef11c61343bbaebe7f885>@@AEAV<lambda_c5860995281e5c4ce005b3de8f5874ee>@@$$QEAV<lambda_d90129c13df834fdcbf8d2b88dafcf2d>@@@Z@4HA 0000000180064b60     libucrt:fflush.obj
 0004:00001b6c       $pdata$??$?RV<lambda_886d6c58226a84441f68b9f2b8217b83>@@AEAV<lambda_ab61a845afdef5b7c387490eaf3616ee>@@V<lambda_f7f22ab5edc0698d5f6905b0d3f44752>@@@?$__crt_seh_guarded_call@X@@QEAAX$$QEAV<lambda_886d6c58226a84441f68b9f2b8217b83>@@AEAV<lambda_ab61a845afdef5b7c387490eaf3616ee>@@$$QEAV<lambda_f7f22ab5edc0698d5f6905b0d3f44752>@@@Z 0000000180064b6c     libucrt:fflush.obj
 0004:00001b78       $pdata$?fin$0@?0???$?RV<lambda_886d6c58226a84441f68b9f2b8217b83>@@AEAV<lambda_ab61a845afdef5b7c387490eaf3616ee>@@V<lambda_f7f22ab5edc0698d5f6905b0d3f44752>@@@?$__crt_seh_guarded_call@X@@QEAAX$$QEAV<lambda_886d6c58226a84441f68b9f2b8217b83>@@AEAV<lambda_ab61a845afdef5b7c387490eaf3616ee>@@$$QEAV<lambda_f7f22ab5edc0698d5f6905b0d3f44752>@@@Z@4HA 0000000180064b78     libucrt:fflush.obj
 0004:00001b84       $pdata$_isleadbyte_l       0000000180064b84     libucrt:_wctype.obj
 0004:00001b90       $pdata$?__mbrtowc_utf8@__crt_mbstring@@YA_KPEA_WPEBD_KPEAU_Mbstatet@@@Z 0000000180064b90     libucrt:mbrtowc.obj
 0004:00001b9c       $pdata$?__mbsrtowcs_utf8@__crt_mbstring@@YA_KPEA_WPEAPEBD_KPEAU_Mbstatet@@@Z 0000000180064b9c     libucrt:mbrtowc.obj
 0004:00001ba8       $pdata$?__c32rtomb_utf8@__crt_mbstring@@YA_KPEAD_UPEAU_Mbstatet@@@Z 0000000180064ba8     libucrt:c32rtomb.obj
 0004:00001bb4       $pdata$__acrt_release_locale_ref 0000000180064bb4     libucrt:locale_refcounting.obj
 0004:00001bc0       $pdata$__acrt_free_locale  0000000180064bc0     libucrt:locale_refcounting.obj
 0004:00001bcc       $pdata$__acrt_locale_free_lc_time_if_unreferenced 0000000180064bcc     libucrt:locale_refcounting.obj
 0004:00001bd8       $pdata$__acrt_update_thread_locale_data 0000000180064bd8     libucrt:locale_refcounting.obj
 0004:00001be4       $pdata$__acrt_update_thread_locale_data$fin$0 0000000180064be4     libucrt:locale_refcounting.obj
 0004:00001bf0       $pdata$_updatetlocinfoEx_nolock 0000000180064bf0     libucrt:locale_refcounting.obj
 0004:00001bfc       $pdata$__acrt_fp_strflt_to_string 0000000180064bfc     libucrt:_fptostr.obj
 0004:00001c08       $pdata$memcpy_s            0000000180064c08     libucrt:cfout.obj
 0004:00001c14       $pdata$__acrt_fltout       0000000180064c14     libucrt:cfout.obj
 0004:00001c20       $pdata$?divide@__crt_strtox@@YA_KAEAUbig_integer@1@AEBU21@@Z 0000000180064c20     libucrt:cfout.obj
 0004:00001c2c       $pdata$0$?divide@__crt_strtox@@YA_KAEAUbig_integer@1@AEBU21@@Z 0000000180064c2c     libucrt:cfout.obj
 0004:00001c38       $pdata$1$?divide@__crt_strtox@@YA_KAEAUbig_integer@1@AEBU21@@Z 0000000180064c38     libucrt:cfout.obj
 0004:00001c44       $pdata$_fcloseall          0000000180064c44     libucrt:closeall.obj
 0004:00001c50       $pdata$_fcloseall$fin$0    0000000180064c50     libucrt:closeall.obj
 0004:00001c5c       $pdata$__acrt_stdio_free_buffer_nolock 0000000180064c5c     libucrt:_freebuf.obj
 0004:00001c68       $pdata$_isatty             0000000180064c68     libucrt:isatty.obj
 0004:00001c74       $pdata$__acrt_locale_free_monetary 0000000180064c74     libucrt:initmon.obj
 0004:00001c80       $pdata$__acrt_locale_free_numeric 0000000180064c80     libucrt:initnum.obj
 0004:00001c8c       $pdata$__acrt_locale_free_time 0000000180064c8c     libucrt:inittime.obj
 0004:00001c98       $pdata$?free_crt_array_internal@@YAXQEAPEBX_K@Z 0000000180064c98     libucrt:inittime.obj
 0004:00001ca4       $pdata$__acrt_GetStringTypeA 0000000180064ca4     libucrt:getstringtypea.obj
 0004:00001cb0       $pdata$_get_osfhandle      0000000180064cb0     libucrt:osfinfo.obj
 0004:00001cbc       $pdata$_free_osfhnd        0000000180064cbc     libucrt:osfinfo.obj
 0004:00001cc8       $pdata$__acrt_lowio_create_handle_array 0000000180064cc8     libucrt:osfinfo.obj
 0004:00001cd4       $pdata$__acrt_lowio_destroy_handle_array 0000000180064cd4     libucrt:osfinfo.obj
 0004:00001ce0       $pdata$__acrt_lowio_ensure_fh_exists 0000000180064ce0     libucrt:osfinfo.obj
 0004:00001cec       $pdata$qsort               0000000180064cec     libucrt:qsort.obj
 0004:00001cf8       $pdata$4$qsort             0000000180064cf8     libucrt:qsort.obj
 0004:00001d04       $pdata$5$qsort             0000000180064d04     libucrt:qsort.obj
 0004:00001d10       $pdata$strncpy_s           0000000180064d10     libucrt:strncpy_s.obj
 0004:00001d1c       $pdata$strpbrk             0000000180064d1c     libucrt:strpbrk.obj
 0004:00001d28       $pdata$fallbackMethod      0000000180064d28     libucrt:strpbrk.obj
 0004:00001d34       $pdata$_mbsdec_l           0000000180064d34     libucrt:mbsdec.obj
 0004:00001d40       $pdata$__acrt_LCMapStringA 0000000180064d40     libucrt:lcmapstringa.obj
 0004:00001d4c       $pdata$?__acrt_LCMapStringA_stat@@YAHPEAU__crt_locale_pointers@@PEB_WKPEBDHPEADHHH@Z 0000000180064d4c     libucrt:lcmapstringa.obj
 0004:00001d58       $pdata$?initialize_multibyte@@YAHXZ 0000000180064d58     libucrt:multibyte_initializer.obj
 0004:00001d64       $pdata$_msize_base         0000000180064d64     libucrt:msize.obj
 0004:00001d70       $pdata$_realloc_base       0000000180064d70     libucrt:realloc_base.obj
 0004:00001d7c       $pdata$__acrt_DownlevelLocaleNameToLCID 0000000180064d7c     libucrt:lcidtoname_downlevel.obj
 0004:00001d88       $pdata$_commit             0000000180064d88     libucrt:commit.obj
 0004:00001d94       $pdata$??$?RV<lambda_a37b2b86f63e897a80ea819b0eb08c01>@@AEAV<lambda_38ce7e780aa69e748d6df282ebc68efe>@@V<lambda_99fb1378e971ab6e7edea83e3a7a83a2>@@@?$__crt_seh_guarded_call@H@@QEAAH$$QEAV<lambda_a37b2b86f63e897a80ea819b0eb08c01>@@AEAV<lambda_38ce7e780aa69e748d6df282ebc68efe>@@$$QEAV<lambda_99fb1378e971ab6e7edea83e3a7a83a2>@@@Z 0000000180064d94     libucrt:commit.obj
 0004:00001da0       $pdata$?fin$0@?0???$?RV<lambda_751a882b2c74d4b022dec766aa51a29a>@@AEAV<lambda_628dfdc04ba53c8bfc02c9951375f3f5>@@V<lambda_f6c7be5f7998530c34de24c7437d6b54>@@@?$__crt_seh_guarded_call@H@@QEAAH$$QEAV<lambda_751a882b2c74d4b022dec766aa51a29a>@@AEAV<lambda_628dfdc04ba53c8bfc02c9951375f3f5>@@$$QEAV<lambda_f6c7be5f7998530c34de24c7437d6b54>@@@Z@4HA 0000000180064da0     libucrt:close.obj
 0004:00001da0       $pdata$?fin$0@?0???$?RV<lambda_a37b2b86f63e897a80ea819b0eb08c01>@@AEAV<lambda_38ce7e780aa69e748d6df282ebc68efe>@@V<lambda_99fb1378e971ab6e7edea83e3a7a83a2>@@@?$__crt_seh_guarded_call@H@@QEAAH$$QEAV<lambda_a37b2b86f63e897a80ea819b0eb08c01>@@AEAV<lambda_38ce7e780aa69e748d6df282ebc68efe>@@$$QEAV<lambda_99fb1378e971ab6e7edea83e3a7a83a2>@@@Z@4HA 0000000180064da0     libucrt:commit.obj
 0004:00001dac       $pdata$_write              0000000180064dac     libucrt:write.obj
 0004:00001db8       $pdata$_write$fin$0        0000000180064db8     libucrt:write.obj
 0004:00001dc4       $pdata$_write_nolock       0000000180064dc4     libucrt:write.obj
 0004:00001dd0       $pdata$?write_double_translated_ansi_nolock@@YA?AUwrite_result@?A0x17268360@@HQEBDI@Z 0000000180064dd0     libucrt:write.obj
 0004:00001ddc       $pdata$?write_text_ansi_nolock@@YA?AUwrite_result@?A0x17268360@@HQEBDI@Z 0000000180064ddc     libucrt:write.obj
 0004:00001de8       $pdata$?write_text_utf16le_nolock@@YA?AUwrite_result@?A0x17268360@@HQEBDI@Z 0000000180064de8     libucrt:write.obj
 0004:00001df4       $pdata$?write_text_utf8_nolock@@YA?AUwrite_result@?A0x17268360@@HQEBDI@Z 0000000180064df4     libucrt:write.obj
 0004:00001e00       $pdata$?__mbrtoc32_utf8@__crt_mbstring@@YA_KPEA_UPEBD_KPEAU_Mbstatet@@@Z 0000000180064e00     libucrt:mbrtoc32.obj
 0004:00001e0c       $pdata$fegetenv            0000000180064e0c     libucrt:fegetenv.obj
 0004:00001e18       $pdata$fesetenv            0000000180064e18     libucrt:fesetenv.obj
 0004:00001e24       $pdata$feholdexcept        0000000180064e24     libucrt:feholdexcept.obj
 0004:00001e3c       $pdata$??$common_lseek_nolock@_J@@YA_JH_JH@Z 0000000180064e3c     libucrt:lseek.obj
 0004:00001e48       $pdata$fclose              0000000180064e48     libucrt:fclose.obj
 0004:00001e54       $pdata$fclose$fin$0        0000000180064e54     libucrt:fclose.obj
 0004:00001e60       $pdata$_fclose_nolock      0000000180064e60     libucrt:fclose.obj
 0004:00001e6c       $pdata$_putwch_nolock      0000000180064e6c     libucrt:putwch.obj
 0004:00001e78       $pdata$__acrt_fenv_set_control 0000000180064e78     libucrt:_fenvutils.obj
 0004:00001e84       $pdata$_clearfp            0000000180064e84     libucrt:ieee.obj
 0004:00001e90       $pdata$_call_matherr       0000000180064e90     libucrt:libm_error.obj
 0004:00001e9c       $pdata$_exception_enabled  0000000180064e9c     libucrt:libm_error.obj
 0004:00001ea8       $pdata$_handle_error       0000000180064ea8     libucrt:libm_error.obj
 0004:00001eb4       $pdata$__acrt_initialize_fma3 0000000180064eb4     libucrt:fma3_available.obj
 0004:00001ec0       $pdata$_log_special_common 0000000180064ec0     libucrt:log_special.obj
 0004:00001ecc       $pdata$_log10_special      0000000180064ecc     libucrt:log_special.obj
 0004:00001ed8       $pdata$_close              0000000180064ed8     libucrt:close.obj
 0004:00001ee4       $pdata$_close_nolock       0000000180064ee4     libucrt:close.obj
 0004:00001ef0       $pdata$??$?RV<lambda_751a882b2c74d4b022dec766aa51a29a>@@AEAV<lambda_628dfdc04ba53c8bfc02c9951375f3f5>@@V<lambda_f6c7be5f7998530c34de24c7437d6b54>@@@?$__crt_seh_guarded_call@H@@QEAAH$$QEAV<lambda_751a882b2c74d4b022dec766aa51a29a>@@AEAV<lambda_628dfdc04ba53c8bfc02c9951375f3f5>@@$$QEAV<lambda_f6c7be5f7998530c34de24c7437d6b54>@@@Z 0000000180064ef0     libucrt:close.obj
 0004:00001efc       $pdata$__dcrt_lowio_ensure_console_output_initialized 0000000180064efc     libucrt:initcon.obj
 0004:00001f08       $pdata$__dcrt_write_console 0000000180064f08     libucrt:initcon.obj
 0004:00001f14       $pdata$__dcrt_terminate_console_output 0000000180064f14     libucrt:initcon.obj
 0004:00001f2c       $pdata$_set_errno_from_matherr 0000000180064f2c     libucrt:fpexcept.obj
 0004:00001f38       $pdata$_raise_exc          0000000180064f38     libucrt:fpexcept.obj
 0004:00001f44       $pdata$_raise_exc_ex       0000000180064f44     libucrt:fpexcept.obj
 0004:00001f50       $pdata$_clrfp              0000000180064f50     libucrt:fpctrl.obj
 0004:00001f5c       $pdata$_ctrlfp             0000000180064f5c     libucrt:fpctrl.obj
 0004:00001f68       $pdata$_ctrlfp$filt$0      0000000180064f68     libucrt:fpctrl.obj
 0004:00001f74       $pdata$_statfp             0000000180064f74     libucrt:fpctrl.obj
 0004:00001f80       $pdata$_set_statfp         0000000180064f80     libucrt:fpctrl.obj
 0004:00001f8c       $pdata$_IsNonwritableInCurrentImage 0000000180064f8c     LIBCMT:pesect.obj
 0004:00001f98       $pdata$_IsNonwritableInCurrentImage$filt$0 0000000180064f98     LIBCMT:pesect.obj
 0004:00001fa4       $pdata$__GSHandlerCheck_SEH 0000000180064fa4     LIBCMT:gshandlerseh.obj
 0005:00000000       MoveSmall                  0000000180065000     libvcruntime:memcpy.obj
 0005:00000080       MsetTab                    0000000180065080     libvcruntime:memset.obj
 0006:00000130       $R000000                   0000000180066130     ConEmuTh.res
 0006:00000450       $R000320                   0000000180066450     ConEmuTh.res
 0006:000014f8       $R0013C8                   00000001800674f8     ConEmuTh.res
 0006:00001510       $R0013E0                   0000000180067510     ConEmuTh.res
